=== LEGACY LIVE ROUND 2 · start 2026-09-13T06:08:02Z · E2E_API_ENV=dev · funded creds: present · keep-awake pid 29602

--- e2e/live-auth.spec.ts · 06:08:02Z
warm-up: service awake after 2 probe(s) in 0.7s — last 2: 320ms, 87ms
warm-up: heartbeat started — 4 probes every 5s for the life of the run
  ok 1 [chromium] › e2e\live-auth.spec.ts:87:1 › signup -> verify with the emailed code -> logged in, WITH a workspace, in the app (7.7s)
  ok 2 [chromium] › e2e\live-auth.spec.ts:106:1 › a second signup: resend immediately proves the 429 countdown, wrong password proves the vague 401 (4.9s)
  ok 3 [chromium] › e2e\live-auth.spec.ts:126:1 › correct password + unverified email routes to the verify screen, and N3 names the workspace (6.9s)
  ok 4 [chromium] › e2e\live-auth.spec.ts:157:1 › forgot â†’ reset via the documented deep link revokes everything; only the new password works (7.1s)
  ok 5 [chromium] › e2e\live-auth.spec.ts:195:1 › the shell appears; sign out and logout-all both really revoke (7.8s)
  ok 6 [chromium] › e2e\live-auth.spec.ts:247:1 › a new user accepts an invite through the documented deep link and lands in the workspace (6.5s)
  ok 7 [chromium] › e2e\live-auth.spec.ts:291:1 › a token-carrying 401 purges the session and lands on login with the toast (3.3s)
warm-up: heartbeat stopped after 9 beat(s)
  7 passed (49.9s)
--- e2e/live-auth.spec.ts · 0 · 52 s

--- e2e/live-billing.spec.ts · 06:08:54Z
warm-up: service awake after 2 probe(s) in 0.6s — last 2: 253ms, 88ms
warm-up: heartbeat started — 4 probes every 5s for the life of the run
  ok 1 [chromium] › e2e\live-billing.spec.ts:62:1 › a fresh owner + org, made through the product (7.2s)
  ok 2 [chromium] › e2e\live-billing.spec.ts:78:1 › the five endpoints answer the shapes the UI is built on — and the checkout url is never opened (7.6s)
  ok 3 [chromium] › e2e\live-billing.spec.ts:152:1 › /billing renders the plans FROM THE WIRE, Subscribe for the owner, and the honest empty history (6.2s)
  ok 4 [chromium] › e2e\live-billing.spec.ts:204:1 › the abandoned-checkout return shows the plans plus the note (5.4s)
  ok 5 [chromium] › e2e\live-billing.spec.ts:214:1 › the success route polls, shows the wire’s status every tick, and gives up honestly on an unpaid org (1.1m)
  ok 6 [chromium] › e2e\live-billing.spec.ts:252:1 › a member cannot start checkout: 403 forbidden, and any member reads (6.2s)
  ok 7 [chromium] › e2e\live-billing.spec.ts:289:1 › a generation on the unfunded org is refused with 402, and the refusal points at Billing (23.7s)
warm-up: heartbeat stopped after 24 beat(s)
  7 passed (2.1m)
--- e2e/live-billing.spec.ts · 0 · 127 s

--- e2e/live-brand-kit.spec.ts · 06:11:01Z
warm-up: service awake after 2 probe(s) in 0.6s — last 2: 245ms, 87ms
warm-up: heartbeat started — 4 probes every 5s for the life of the run
  ok 1 [chromium] › e2e\live-brand-kit.spec.ts:61:1 › a fresh owner + org, made through the product (7.2s)
  ok 2 [chromium] › e2e\live-brand-kit.spec.ts:71:1 › the wire, from Node (NOT browser truth): presign the closed pair, PUT a tiny PDF, read the row back under Files, Delete, re-read (12.2s)
  ok 3 [chromium] › e2e\live-brand-kit.spec.ts:130:1 › browser truth: the Brand kit type sends a PDF from Chromium with nothing typed, it lists, and Delete removes it (10.1s)
warm-up: heartbeat stopped after 6 beat(s)
  3 passed (35.3s)
--- e2e/live-brand-kit.spec.ts · 0 · 37 s

--- e2e/live-brand-rules.spec.ts · 06:11:38Z
warm-up: service awake after 2 probe(s) in 0.6s — last 2: 249ms, 88ms
warm-up: heartbeat started — 4 probes every 5s for the life of the run
  ok 1 [chromium] › e2e\live-brand-rules.spec.ts:72:1 › a fresh owner + org, made through the product (7.2s)
  ok 2 [chromium] › e2e\live-brand-rules.spec.ts:90:1 › a fresh org has no tones at all, and the screen says what that costs (4.3s)
  ok 3 [chromium] › e2e\live-brand-rules.spec.ts:110:1 › a tone keeps its rules, and a PATCH replaces the whole list (14.3s)
  ok 4 [chromium] › e2e\live-brand-rules.spec.ts:152:1 › the brand voice writes to one row, and an edit does not reorder it (16.0s)
  ok 5 [chromium] › e2e\live-brand-rules.spec.ts:192:1 › Preview this tone returns a real sample from the platform (14.4s)
warm-up: heartbeat stopped after 11 beat(s)
  5 passed (1.1m)
--- e2e/live-brand-rules.spec.ts · 0 · 64 s

--- e2e/live-brand.spec.ts · 06:12:43Z
warm-up: service awake after 2 probe(s) in 0.6s — last 2: 253ms, 87ms
warm-up: heartbeat started — 4 probes every 5s for the life of the run
  ok 1 [chromium] › e2e\live-brand.spec.ts:57:1 › a fresh owner + org, made through the product (6.7s)
  ok 2 [chromium] › e2e\live-brand.spec.ts:66:1 › a custom tone: created under the adapter, edited, and it survives a reload (9.4s)
  ok 3 [chromium] › e2e\live-brand.spec.ts:100:1 › voice rules: the flat live list persists through the API (9.3s)
  ok 4 [chromium] › e2e\live-brand.spec.ts:119:1 › sources and topics: scheme-less display, real persistence (13.4s)
  ok 5 [chromium] › e2e\live-brand.spec.ts:150:1 › deleting a tone reflects in the schedules that referenced it (7.6s)
warm-up: heartbeat stopped after 9 beat(s)
  5 passed (52.3s)
--- e2e/live-brand.spec.ts · 0 · 53 s

--- e2e/live-country.spec.ts · 06:13:37Z
warm-up: service awake after 2 probe(s) in 0.6s — last 2: 244ms, 86ms
warm-up: heartbeat started — 4 probes every 5s for the life of the run
  ok 1 [chromium] › e2e\live-country.spec.ts:55:1 › a fresh workspace has NO country, and I1 is where one is set (17.8s)
  ok 2 [chromium] › e2e\live-country.spec.ts:104:1 › the calendar carries real holidays, each with the rules for that day (5.0s)
  ok 3 [chromium] › e2e\live-country.spec.ts:153:1 › re-saving the same country is a quiet no-op, not a fake reload (15.4s)
  ok 4 [chromium] › e2e\live-country.spec.ts:183:1 › C2 no longer offers an event source it cannot create (5.6s)
warm-up: heartbeat stopped after 9 beat(s)
  4 passed (49.4s)
--- e2e/live-country.spec.ts · 0 · 51 s

--- e2e/live-create-visual.spec.ts · 06:14:28Z
warm-up: service awake after 2 probe(s) in 0.6s — last 2: 242ms, 88ms
warm-up: heartbeat started — 4 probes every 5s for the life of the run
  -  1 [chromium] › e2e\live-create-visual.spec.ts:53:1 › a fresh owner + org with its brand set up
  -  2 [chromium] › e2e\live-create-visual.spec.ts:69:1 › one run, then Create visual on its result renders ONE image and attaches nothing
  -  3 [chromium] › e2e\live-create-visual.spec.ts:106:1 › Today offers the same button on the ledger row, and the Studio lists the job
warm-up: heartbeat stopped after 0 beat(s)
  3 skipped
--- e2e/live-create-visual.spec.ts · 0 · 9 s

--- e2e/live-generate.spec.ts · 06:14:38Z
warm-up: service awake after 2 probe(s) in 0.6s — last 2: 267ms, 89ms
warm-up: heartbeat started — 4 probes every 5s for the life of the run
  ok 1 [chromium] › e2e\live-generate.spec.ts:50:1 › a fresh owner + org, made through the product (23.8s)
  ok 2 [chromium] › e2e\live-generate.spec.ts:69:1 › one balanced run returns a draft with its tone and its rationale (40.1s)
warm-up: heartbeat stopped after 13 beat(s)
  2 passed (1.2m)
--- e2e/live-generate.spec.ts · 0 · 74 s

--- e2e/live-invite-org.spec.ts · 06:15:52Z
warm-up: service awake after 2 probe(s) in 0.6s — last 2: 247ms, 88ms
warm-up: heartbeat started — 4 probes every 5s for the life of the run
  ok 1 [chromium] › e2e\live-invite-org.spec.ts:84:1 › two accounts, each owning a workspace (14.3s)
  ok 2 [chromium] › e2e\live-invite-org.spec.ts:106:1 › an invited existing user can REACH the inviting workspace, and a reload keeps it (15.7s)
  ok 3 [chromium] › e2e\live-invite-org.spec.ts:165:1 › losing membership falls back honestly, and never to a dead screen (10.0s)
warm-up: heartbeat stopped after 8 beat(s)
  3 passed (45.9s)
--- e2e/live-invite-org.spec.ts · 0 · 48 s

--- e2e/live-knowledge.spec.ts · 06:16:40Z
warm-up: service awake after 2 probe(s) in 0.6s — last 2: 244ms, 86ms
warm-up: heartbeat started — 4 probes every 5s for the life of the run
  ok 1 [chromium] › e2e\live-knowledge.spec.ts:36:1 › a fresh owner + org, made through the product (6.3s)
  ok 2 [chromium] › e2e\live-knowledge.spec.ts:46:1 › pasted text becomes a Ready source, and removing it removes it (18.3s)
  ok 3 [chromium] › e2e\live-knowledge.spec.ts:76:1 › a FILE uploads straight to storage from the browser (open-item 24) (16.6s)
warm-up: heartbeat stopped after 8 beat(s)
  3 passed (47.3s)
--- e2e/live-knowledge.spec.ts · 0 · 49 s

--- e2e/live-media-capabilities.spec.ts · 06:17:29Z
warm-up: service awake after 2 probe(s) in 0.7s — last 2: 339ms, 85ms
warm-up: heartbeat started — 4 probes every 5s for the life of the run
  ok 1 [chromium] › e2e\live-media-capabilities.spec.ts:328:1 › a fresh owner + org, made through the product (6.8s)
  ok 2 [chromium] › e2e\live-media-capabilities.spec.ts:338:1 › every granted capability: the document’s example stops at the wallet (402), its trap before it (400) — zero spend (45.5s)
  ok 3 [chromium] › e2e\live-media-capabilities.spec.ts:413:1 › the Studio grid lists what the catalog grants, by name, with the catalog’s price (27.8s)
warm-up: heartbeat stopped after 16 beat(s)
  3 passed (1.4m)
--- e2e/live-media-capabilities.spec.ts · 0 · 87 s

--- e2e/live-media-upload.spec.ts · 06:18:56Z
warm-up: service awake after 2 probe(s) in 0.6s — last 2: 252ms, 88ms
warm-up: heartbeat started — 4 probes every 5s for the life of the run
  ok 1 [chromium] › e2e\live-media-upload.spec.ts:48:1 › a fresh owner + org, made through the product (7.2s)
  ok 2 [chromium] › e2e\live-media-upload.spec.ts:58:1 › an image upload becomes a WIRE-listed Files row, and Delete removes it from the wire (10.1s)
  ok 3 [chromium] › e2e\live-media-upload.spec.ts:97:1 › the logo uploads with desc "logo", shows as the logo, stays out of Files, and removes (11.4s)
warm-up: heartbeat stopped after 6 beat(s)
  3 passed (34.3s)
--- e2e/live-media-upload.spec.ts · 0 · 36 s

--- e2e/live-notifications.spec.ts · 06:19:32Z
warm-up: service awake after 2 probe(s) in 0.7s — last 2: 323ms, 91ms
warm-up: heartbeat started — 4 probes every 5s for the life of the run
  ok 1 [chromium] › e2e\live-notifications.spec.ts:33:1 › the inbox endpoints hold their contract, and the bell tells the truth (12.7s)
warm-up: heartbeat stopped after 2 beat(s)
  1 passed (32.8s)
--- e2e/live-notifications.spec.ts · 0 · 35 s

--- e2e/live-onboarding.spec.ts · 06:20:07Z
warm-up: service awake after 2 probe(s) in 0.6s — last 2: 251ms, 86ms
warm-up: heartbeat started — 4 probes every 5s for the life of the run
  ok 1 [chromium] › e2e\live-onboarding.spec.ts:50:1 › signup → verify → the app: no wizard, and the workspace is real (7.2s)
  ok 2 [chromium] › e2e\live-onboarding.spec.ts:63:1 › a fresh live org has no tones, and the screen says what that costs (4.9s)
  ok 3 [chromium] › e2e\live-onboarding.spec.ts:89:1 › generation is locked, and the checklist names all four (4.9s)
  ok 4 [chromium] › e2e\live-onboarding.spec.ts:116:1 › the Studio composer is locked by the same gate (2.5s)
  ok 5 [chromium] › e2e\live-onboarding.spec.ts:124:1 › completing the four brand entities unlocks generation (23.8s)
  ok 6 [chromium] › e2e\live-onboarding.spec.ts:184:1 › the unlocked run really runs — one balanced draft (28.8s)
warm-up: heartbeat stopped after 14 beat(s)
  6 passed (1.8m)
--- e2e/live-onboarding.spec.ts · 0 · 111 s

--- e2e/live-proposals.spec.ts · 06:21:59Z
warm-up: service awake after 2 probe(s) in 0.6s — last 2: 246ms, 89ms
warm-up: heartbeat started — 4 probes every 5s for the life of the run
  ok 1 [chromium] › e2e\live-proposals.spec.ts:48:1 › a fresh owner + org, with its brand set up (24.4s)
  -  2 [chromium] › e2e\live-proposals.spec.ts:88:1 › one balanced run — the drafts it produces become the proposals under test
  -  3 [chromium] › e2e\live-proposals.spec.ts:103:1 › after a RELOAD, Today shows the draft from the ledger
  -  4 [chromium] › e2e\live-proposals.spec.ts:123:1 › approving records it as posted, and the decision survives a reload
  -  5 [chromium] › e2e\live-proposals.spec.ts:173:1 › declining asks why, keeps the row, and is reversible
warm-up: heartbeat stopped after 7 beat(s)
  4 skipped
  1 passed (49.3s)
--- e2e/live-proposals.spec.ts · 0 · 50 s

--- e2e/live-schedule-repair.spec.ts · 06:22:50Z
warm-up: service awake after 2 probe(s) in 0.7s — last 2: 317ms, 87ms
warm-up: heartbeat started — 4 probes every 5s for the life of the run
  ok 1 [chromium] › e2e\live-schedule-repair.spec.ts:45:1 › a live org in the 619 shape: tones seeded, no schedule (6.4s)
  ok 2 [chromium] › e2e\live-schedule-repair.spec.ts:85:1 › C1 creates the missing schedule through the POST fallback, with the exact tones picked (8.4s)
  ok 3 [chromium] › e2e\live-schedule-repair.spec.ts:138:1 › and it survives a reload, still clean (5.4s)
warm-up: heartbeat stopped after 4 beat(s)
  3 passed (25.8s)
--- e2e/live-schedule-repair.spec.ts · 0 · 27 s

--- e2e/live-scheduling.spec.ts · 06:23:17Z
warm-up: service awake after 2 probe(s) in 0.6s — last 2: 252ms, 90ms
warm-up: heartbeat started — 4 probes every 5s for the life of the run
  ok 1 [chromium] › e2e\live-scheduling.spec.ts:57:1 › signup creates the workspace and NOTHING else (9.8s)
  ok 2 [chromium] › e2e\live-scheduling.spec.ts:93:1 › C1 creates the schedule on first save, then PATCHes it — and it survives a reload (12.5s)
  -  3 [chromium] › e2e\live-scheduling.spec.ts:180:1 › slots, if ingestion produced any, honour skip/un-skip and never offer approve
warm-up: heartbeat stopped after 5 beat(s)
  1 skipped
  2 passed (55.0s)
--- e2e/live-scheduling.spec.ts · 0 · 57 s

--- e2e/live-studio.spec.ts · 06:24:14Z
warm-up: service awake after 2 probe(s) in 0.6s — last 2: 257ms, 95ms
warm-up: heartbeat started — 4 probes every 5s for the life of the run
  ok 1 [chromium] › e2e\live-studio.spec.ts:37:1 › a fresh owner + org, made through the product (7.2s)
  ok 2 [chromium] › e2e\live-studio.spec.ts:47:1 › E1 is built from the catalog: the granted capabilities, real prices, no vendors (12.2s)
  ok 3 [chromium] › e2e\live-studio.spec.ts:88:1 › E3 lists renders, and is honest when there are none (3.5s)
  -  4 [chromium] › e2e\live-studio.spec.ts:99:1 › E2 renders for real, and E4 opens the asset it made
warm-up: heartbeat stopped after 4 beat(s)
  1 skipped
  3 passed (34.3s)
--- e2e/live-studio.spec.ts · 0 · 36 s

--- e2e/live-team.spec.ts · 06:24:50Z
warm-up: service awake after 2 probe(s) in 0.6s — last 2: 261ms, 91ms
warm-up: heartbeat started — 4 probes every 5s for the life of the run
  ok 1 [chromium] › e2e\live-team.spec.ts:75:1 › verifying creates the org LIVE; the dashboard follows immediately (6.7s)
  ok 2 [chromium] › e2e\live-team.spec.ts:87:1 › I1 renames the org through PATCH, and the name survives a reload (8.5s)
  ok 3 [chromium] › e2e\live-team.spec.ts:112:1 › change-password keeps this session and only the new password works after (10.9s)
  ok 4 [chromium] › e2e\live-team.spec.ts:138:1 › inviting a NEW user: coded email, resend rate-limits honestly, cancel removes (10.4s)
  ok 5 [chromium] › e2e\live-team.spec.ts:162:1 › inviting an EXISTING user adds them immediately, and the role ladder holds (28.3s)
  ok 6 [chromium] › e2e\live-team.spec.ts:247:1 › an ADMIN viewing a team with an owner: no remove on the owner, no role selects at all (23.1s)
warm-up: heartbeat stopped after 18 beat(s)
  6 passed (1.6m)
--- e2e/live-team.spec.ts · 0 · 95 s

--- e2e/live-video-duration.spec.ts · 06:26:25Z
warm-up: service awake after 2 probe(s) in 0.6s — last 2: 250ms, 90ms
warm-up: heartbeat started — 4 probes every 5s for the life of the run
  ok 1 [chromium] › e2e\live-video-duration.spec.ts:76:1 › a fresh owner + org, made through the product (6.7s)
  x  2 [chromium] › e2e\live-video-duration.spec.ts:86:1 › a bad durationS is refused with 400 BEFORE the wallet check — the field is known, a maximum is enforced (5.4s)
  -  3 [chromium] › e2e\live-video-duration.spec.ts:109:1 › the valid video body clears validation — and self-skips on 402, the positive proof riding on LIVE_MEDIA=1
warm-up: heartbeat stopped after 2 beat(s)
    Error: expect(received).toBe(expected) // Object.is equality
  1 failed
  1 passed (18.7s)
 ELIFECYCLE  Command failed with exit code 1.
--- e2e/live-video-duration.spec.ts · 1 · 20 s

--- e2e/live-wallet.spec.ts · 06:26:45Z
warm-up: service awake after 2 probe(s) in 0.6s — last 2: 254ms, 89ms
warm-up: heartbeat started — 4 probes every 5s for the life of the run
  ok 1 [chromium] › e2e\live-wallet.spec.ts:51:1 › a fresh owner + org, made through the product (17.0s)
  ok 2 [chromium] › e2e\live-wallet.spec.ts:76:1 › the balance chip shows money — and over a zero wallet, the instruction to subscribe (4.9s)
  ok 3 [chromium] › e2e\live-wallet.spec.ts:96:1 › H3 is a balance and a real usage read-back, in both allowed grains (5.7s)
  ok 4 [chromium] › e2e\live-wallet.spec.ts:131:1 › the wallet and usage endpoints answer the shapes the UI is built on (4.4s)
warm-up: heartbeat stopped after 6 beat(s)
  4 passed (1.2m)
--- e2e/live-wallet.spec.ts · 0 · 76 s

=== LEGACY LIVE ROUND 2 · end 2026-09-13T06:28:01Z
