=== LEGACY LIVE ROUND 1 · start 2026-09-13T05:47:26Z · E2E_API_ENV=dev · funded creds: present · keep-awake pid 28564

--- e2e/live-auth.spec.ts · 05:47:26Z
warm-up: service awake after 3 probe(s) in 2.0s — last 2: 113ms, 104ms
warm-up: heartbeat started — 4 probes every 5s for the life of the run
  ok 1 [chromium] › e2e\live-auth.spec.ts:87:1 › signup -> verify with the emailed code -> logged in, WITH a workspace, in the app (10.4s)
  ok 2 [chromium] › e2e\live-auth.spec.ts:106:1 › a second signup: resend immediately proves the 429 countdown, wrong password proves the vague 401 (5.6s)
  ok 3 [chromium] › e2e\live-auth.spec.ts:126:1 › correct password + unverified email routes to the verify screen, and N3 names the workspace (7.1s)
  ok 4 [chromium] › e2e\live-auth.spec.ts:157:1 › forgot â†’ reset via the documented deep link revokes everything; only the new password works (7.1s)
  ok 5 [chromium] › e2e\live-auth.spec.ts:195:1 › the shell appears; sign out and logout-all both really revoke (8.4s)
  ok 6 [chromium] › e2e\live-auth.spec.ts:247:1 › a new user accepts an invite through the documented deep link and lands in the workspace (6.4s)
  ok 7 [chromium] › e2e\live-auth.spec.ts:291:1 › a token-carrying 401 purges the session and lands on login with the toast (3.4s)
warm-up: heartbeat stopped after 10 beat(s)
  7 passed (59.5s)
--- e2e/live-auth.spec.ts · 0 · 61 s

--- e2e/live-billing.spec.ts · 05:48:27Z
warm-up: service awake after 2 probe(s) in 0.7s — last 2: 322ms, 93ms
warm-up: heartbeat started — 4 probes every 5s for the life of the run
  ok 1 [chromium] › e2e\live-billing.spec.ts:62:1 › a fresh owner + org, made through the product (8.0s)
  ok 2 [chromium] › e2e\live-billing.spec.ts:78:1 › the five endpoints answer the shapes the UI is built on — and the checkout url is never opened (7.8s)
  ok 3 [chromium] › e2e\live-billing.spec.ts:152:1 › /billing renders the plans FROM THE WIRE, Subscribe for the owner, and the honest empty history (6.4s)
  ok 4 [chromium] › e2e\live-billing.spec.ts:204:1 › the abandoned-checkout return shows the plans plus the note (5.5s)
  ok 5 [chromium] › e2e\live-billing.spec.ts:214:1 › the success route polls, shows the wire’s status every tick, and gives up honestly on an unpaid org (1.0m)
  ok 6 [chromium] › e2e\live-billing.spec.ts:252:1 › a member cannot start checkout: 403 forbidden, and any member reads (6.2s)
  ok 7 [chromium] › e2e\live-billing.spec.ts:289:1 › a generation on the unfunded org is refused with 402, and the refusal points at Billing (23.6s)
warm-up: heartbeat stopped after 24 beat(s)
  7 passed (2.2m)
--- e2e/live-billing.spec.ts · 0 · 133 s

--- e2e/live-brand-kit.spec.ts · 05:50:40Z
warm-up: service awake after 2 probe(s) in 0.6s — last 2: 250ms, 87ms
warm-up: heartbeat started — 4 probes every 5s for the life of the run
  ok 1 [chromium] › e2e\live-brand-kit.spec.ts:61:1 › a fresh owner + org, made through the product (7.3s)
  ok 2 [chromium] › e2e\live-brand-kit.spec.ts:71:1 › the wire, from Node (NOT browser truth): presign the closed pair, PUT a tiny PDF, read the row back under Files, Delete, re-read (11.8s)
  ok 3 [chromium] › e2e\live-brand-kit.spec.ts:130:1 › browser truth: the Brand kit type sends a PDF from Chromium with nothing typed, it lists, and Delete removes it (10.1s)
warm-up: heartbeat stopped after 6 beat(s)
  3 passed (35.1s)
--- e2e/live-brand-kit.spec.ts · 0 · 37 s

--- e2e/live-brand-rules.spec.ts · 05:51:17Z
warm-up: service awake after 2 probe(s) in 0.6s — last 2: 244ms, 91ms
warm-up: heartbeat started — 4 probes every 5s for the life of the run
  ok 1 [chromium] › e2e\live-brand-rules.spec.ts:72:1 › a fresh owner + org, made through the product (7.2s)
  ok 2 [chromium] › e2e\live-brand-rules.spec.ts:90:1 › a fresh org has no tones at all, and the screen says what that costs (4.3s)
  ok 3 [chromium] › e2e\live-brand-rules.spec.ts:110:1 › a tone keeps its rules, and a PATCH replaces the whole list (14.2s)
  ok 4 [chromium] › e2e\live-brand-rules.spec.ts:152:1 › the brand voice writes to one row, and an edit does not reorder it (15.9s)
  ok 5 [chromium] › e2e\live-brand-rules.spec.ts:192:1 › Preview this tone returns a real sample from the platform (14.4s)
warm-up: heartbeat stopped after 11 beat(s)
  5 passed (1.1m)
--- e2e/live-brand-rules.spec.ts · 0 · 70 s

--- e2e/live-brand.spec.ts · 05:52:27Z
warm-up: service awake after 2 probe(s) in 0.6s — last 2: 247ms, 93ms
warm-up: heartbeat started — 4 probes every 5s for the life of the run
  ok 1 [chromium] › e2e\live-brand.spec.ts:57:1 › a fresh owner + org, made through the product (7.2s)
  ok 2 [chromium] › e2e\live-brand.spec.ts:66:1 › a custom tone: created under the adapter, edited, and it survives a reload (9.5s)
  ok 3 [chromium] › e2e\live-brand.spec.ts:100:1 › voice rules: the flat live list persists through the API (9.9s)
  ok 4 [chromium] › e2e\live-brand.spec.ts:119:1 › sources and topics: scheme-less display, real persistence (12.8s)
  ok 5 [chromium] › e2e\live-brand.spec.ts:150:1 › deleting a tone reflects in the schedules that referenced it (8.4s)
warm-up: heartbeat stopped after 9 beat(s)
  5 passed (55.0s)
--- e2e/live-brand.spec.ts · 0 · 57 s

--- e2e/live-country.spec.ts · 05:53:24Z
warm-up: service awake after 2 probe(s) in 0.6s — last 2: 245ms, 89ms
warm-up: heartbeat started — 4 probes every 5s for the life of the run
  ok 1 [chromium] › e2e\live-country.spec.ts:55:1 › a fresh workspace has NO country, and I1 is where one is set (16.3s)
  ok 2 [chromium] › e2e\live-country.spec.ts:104:1 › the calendar carries real holidays, each with the rules for that day (5.0s)
  ok 3 [chromium] › e2e\live-country.spec.ts:153:1 › re-saving the same country is a quiet no-op, not a fake reload (16.4s)
  ok 4 [chromium] › e2e\live-country.spec.ts:183:1 › C2 no longer offers an event source it cannot create (5.1s)
warm-up: heartbeat stopped after 8 beat(s)
  4 passed (48.9s)
--- e2e/live-country.spec.ts · 0 · 50 s

--- e2e/live-create-visual.spec.ts · 05:54:14Z
warm-up: service awake after 2 probe(s) in 0.6s — last 2: 245ms, 86ms
warm-up: heartbeat started — 4 probes every 5s for the life of the run
  -  1 [chromium] › e2e\live-create-visual.spec.ts:53:1 › a fresh owner + org with its brand set up
  -  2 [chromium] › e2e\live-create-visual.spec.ts:69:1 › one run, then Create visual on its result renders ONE image and attaches nothing
  -  3 [chromium] › e2e\live-create-visual.spec.ts:106:1 › Today offers the same button on the ledger row, and the Studio lists the job
warm-up: heartbeat stopped after 0 beat(s)
  3 skipped
--- e2e/live-create-visual.spec.ts · 0 · 6 s

--- e2e/live-generate.spec.ts · 05:54:20Z
warm-up: service awake after 2 probe(s) in 0.6s — last 2: 251ms, 87ms
warm-up: heartbeat started — 4 probes every 5s for the life of the run
  ok 1 [chromium] › e2e\live-generate.spec.ts:50:1 › a fresh owner + org, made through the product (24.4s)
  ok 2 [chromium] › e2e\live-generate.spec.ts:69:1 › one balanced run returns a draft with its tone and its rationale (36.0s)
warm-up: heartbeat stopped after 12 beat(s)
  2 passed (1.2m)
--- e2e/live-generate.spec.ts · 0 · 71 s

--- e2e/live-invite-org.spec.ts · 05:55:31Z
warm-up: service awake after 2 probe(s) in 0.6s — last 2: 252ms, 86ms
warm-up: heartbeat started — 4 probes every 5s for the life of the run
  ok 1 [chromium] › e2e\live-invite-org.spec.ts:84:1 › two accounts, each owning a workspace (15.9s)
  ok 2 [chromium] › e2e\live-invite-org.spec.ts:106:1 › an invited existing user can REACH the inviting workspace, and a reload keeps it (14.3s)
  ok 3 [chromium] › e2e\live-invite-org.spec.ts:165:1 › losing membership falls back honestly, and never to a dead screen (10.7s)
warm-up: heartbeat stopped after 8 beat(s)
  3 passed (46.5s)
--- e2e/live-invite-org.spec.ts · 0 · 48 s

--- e2e/live-knowledge.spec.ts · 05:56:19Z
warm-up: service awake after 2 probe(s) in 0.6s — last 2: 246ms, 86ms
warm-up: heartbeat started — 4 probes every 5s for the life of the run
  ok 1 [chromium] › e2e\live-knowledge.spec.ts:36:1 › a fresh owner + org, made through the product (6.7s)
  ok 2 [chromium] › e2e\live-knowledge.spec.ts:46:1 › pasted text becomes a Ready source, and removing it removes it (15.1s)
  ok 3 [chromium] › e2e\live-knowledge.spec.ts:76:1 › a FILE uploads straight to storage from the browser (open-item 24) (14.5s)
warm-up: heartbeat stopped after 7 beat(s)
  3 passed (42.0s)
--- e2e/live-knowledge.spec.ts · 0 · 44 s

--- e2e/live-media-capabilities.spec.ts · 05:57:03Z
warm-up: service awake after 2 probe(s) in 0.6s — last 2: 243ms, 88ms
warm-up: heartbeat started — 4 probes every 5s for the life of the run
  ok 1 [chromium] › e2e\live-media-capabilities.spec.ts:328:1 › a fresh owner + org, made through the product (7.2s)
  ok 2 [chromium] › e2e\live-media-capabilities.spec.ts:338:1 › every granted capability: the document’s example stops at the wallet (402), its trap before it (400) — zero spend (47.1s)
  ok 3 [chromium] › e2e\live-media-capabilities.spec.ts:413:1 › the Studio grid lists what the catalog grants, by name, with the catalog’s price (27.7s)
warm-up: heartbeat stopped after 16 beat(s)
  3 passed (1.5m)
--- e2e/live-media-capabilities.spec.ts · 0 · 90 s

--- e2e/live-media-upload.spec.ts · 05:58:33Z
warm-up: service awake after 2 probe(s) in 0.6s — last 2: 248ms, 89ms
warm-up: heartbeat started — 4 probes every 5s for the life of the run
  ok 1 [chromium] › e2e\live-media-upload.spec.ts:48:1 › a fresh owner + org, made through the product (7.3s)
  ok 2 [chromium] › e2e\live-media-upload.spec.ts:58:1 › an image upload becomes a WIRE-listed Files row, and Delete removes it from the wire (10.3s)
  ok 3 [chromium] › e2e\live-media-upload.spec.ts:97:1 › the logo uploads with desc "logo", shows as the logo, stays out of Files, and removes (12.2s)
warm-up: heartbeat stopped after 6 beat(s)
  3 passed (39.3s)
--- e2e/live-media-upload.spec.ts · 0 · 40 s

--- e2e/live-notifications.spec.ts · 05:59:15Z
warm-up: service awake after 2 probe(s) in 0.6s — last 2: 255ms, 89ms
warm-up: heartbeat started — 4 probes every 5s for the life of the run
  ok 1 [chromium] › e2e\live-notifications.spec.ts:33:1 › the inbox endpoints hold their contract, and the bell tells the truth (12.4s)
warm-up: heartbeat stopped after 2 beat(s)
  1 passed (18.9s)
--- e2e/live-notifications.spec.ts · 0 · 20 s

--- e2e/live-onboarding.spec.ts · 05:59:35Z
warm-up: service awake after 2 probe(s) in 0.6s — last 2: 253ms, 88ms
warm-up: heartbeat started — 4 probes every 5s for the life of the run
  ok 1 [chromium] › e2e\live-onboarding.spec.ts:50:1 › signup → verify → the app: no wizard, and the workspace is real (6.9s)
  ok 2 [chromium] › e2e\live-onboarding.spec.ts:63:1 › a fresh live org has no tones, and the screen says what that costs (4.5s)
  ok 3 [chromium] › e2e\live-onboarding.spec.ts:89:1 › generation is locked, and the checklist names all four (5.1s)
  ok 4 [chromium] › e2e\live-onboarding.spec.ts:116:1 › the Studio composer is locked by the same gate (2.7s)
  ok 5 [chromium] › e2e\live-onboarding.spec.ts:124:1 › completing the four brand entities unlocks generation (22.8s)
  ok 6 [chromium] › e2e\live-onboarding.spec.ts:184:1 › the unlocked run really runs — one balanced draft (22.3s)
warm-up: heartbeat stopped after 13 beat(s)
  6 passed (1.2m)
--- e2e/live-onboarding.spec.ts · 0 · 74 s

--- e2e/live-proposals.spec.ts · 06:00:49Z
warm-up: service awake after 2 probe(s) in 0.6s — last 2: 246ms, 89ms
warm-up: heartbeat started — 4 probes every 5s for the life of the run
  ok 1 [chromium] › e2e\live-proposals.spec.ts:48:1 › a fresh owner + org, with its brand set up (24.9s)
  -  2 [chromium] › e2e\live-proposals.spec.ts:88:1 › one balanced run — the drafts it produces become the proposals under test
  -  3 [chromium] › e2e\live-proposals.spec.ts:103:1 › after a RELOAD, Today shows the draft from the ledger
  -  4 [chromium] › e2e\live-proposals.spec.ts:123:1 › approving records it as posted, and the decision survives a reload
  -  5 [chromium] › e2e\live-proposals.spec.ts:173:1 › declining asks why, keeps the row, and is reversible
warm-up: heartbeat stopped after 8 beat(s)
  4 skipped
  1 passed (44.7s)
--- e2e/live-proposals.spec.ts · 0 · 47 s

--- e2e/live-schedule-repair.spec.ts · 06:01:36Z
warm-up: service awake after 2 probe(s) in 0.6s — last 2: 252ms, 91ms
warm-up: heartbeat started — 4 probes every 5s for the life of the run
  ok 1 [chromium] › e2e\live-schedule-repair.spec.ts:45:1 › a live org in the 619 shape: tones seeded, no schedule (6.8s)
  ok 2 [chromium] › e2e\live-schedule-repair.spec.ts:85:1 › C1 creates the missing schedule through the POST fallback, with the exact tones picked (8.9s)
  ok 3 [chromium] › e2e\live-schedule-repair.spec.ts:138:1 › and it survives a reload, still clean (5.6s)
warm-up: heartbeat stopped after 4 beat(s)
  3 passed (26.9s)
--- e2e/live-schedule-repair.spec.ts · 0 · 28 s

--- e2e/live-scheduling.spec.ts · 06:02:05Z
warm-up: service awake after 2 probe(s) in 0.7s — last 2: 328ms, 89ms
warm-up: heartbeat started — 4 probes every 5s for the life of the run
  ok 1 [chromium] › e2e\live-scheduling.spec.ts:57:1 › signup creates the workspace and NOTHING else (9.8s)
  ok 2 [chromium] › e2e\live-scheduling.spec.ts:93:1 › C1 creates the schedule on first save, then PATCHes it — and it survives a reload (11.9s)
  -  3 [chromium] › e2e\live-scheduling.spec.ts:180:1 › slots, if ingestion produced any, honour skip/un-skip and never offer approve
warm-up: heartbeat stopped after 5 beat(s)
  1 skipped
  2 passed (31.8s)
--- e2e/live-scheduling.spec.ts · 0 · 33 s

--- e2e/live-studio.spec.ts · 06:02:38Z
warm-up: service awake after 2 probe(s) in 0.6s — last 2: 256ms, 92ms
warm-up: heartbeat started — 4 probes every 5s for the life of the run
  ok 1 [chromium] › e2e\live-studio.spec.ts:37:1 › a fresh owner + org, made through the product (7.2s)
  ok 2 [chromium] › e2e\live-studio.spec.ts:47:1 › E1 is built from the catalog: the granted capabilities, real prices, no vendors (12.2s)
  ok 3 [chromium] › e2e\live-studio.spec.ts:88:1 › E3 lists renders, and is honest when there are none (3.6s)
  -  4 [chromium] › e2e\live-studio.spec.ts:99:1 › E2 renders for real, and E4 opens the asset it made
warm-up: heartbeat stopped after 5 beat(s)
  1 skipped
  3 passed (1.5m)
--- e2e/live-studio.spec.ts · 0 · 91 s

--- e2e/live-team.spec.ts · 06:04:09Z
warm-up: service awake after 2 probe(s) in 0.6s — last 2: 252ms, 91ms
warm-up: heartbeat started — 4 probes every 5s for the life of the run
  ok 1 [chromium] › e2e\live-team.spec.ts:75:1 › verifying creates the org LIVE; the dashboard follows immediately (6.7s)
  ok 2 [chromium] › e2e\live-team.spec.ts:87:1 › I1 renames the org through PATCH, and the name survives a reload (8.5s)
  ok 3 [chromium] › e2e\live-team.spec.ts:112:1 › change-password keeps this session and only the new password works after (10.8s)
  ok 4 [chromium] › e2e\live-team.spec.ts:138:1 › inviting a NEW user: coded email, resend rate-limits honestly, cancel removes (11.0s)
  ok 5 [chromium] › e2e\live-team.spec.ts:162:1 › inviting an EXISTING user adds them immediately, and the role ladder holds (30.2s)
  ok 6 [chromium] › e2e\live-team.spec.ts:247:1 › an ADMIN viewing a team with an owner: no remove on the owner, no role selects at all (23.0s)
warm-up: heartbeat stopped after 18 beat(s)
  6 passed (1.6m)
--- e2e/live-team.spec.ts · 0 · 98 s

--- e2e/live-video-duration.spec.ts · 06:05:47Z
warm-up: service awake after 2 probe(s) in 0.7s — last 2: 340ms, 90ms
warm-up: heartbeat started — 4 probes every 5s for the life of the run
  ok 1 [chromium] › e2e\live-video-duration.spec.ts:76:1 › a fresh owner + org, made through the product (7.2s)
  x  2 [chromium] › e2e\live-video-duration.spec.ts:86:1 › a bad durationS is refused with 400 BEFORE the wallet check — the field is known, a maximum is enforced (5.3s)
  -  3 [chromium] › e2e\live-video-duration.spec.ts:109:1 › the valid video body clears validation — and self-skips on 402, the positive proof riding on LIVE_MEDIA=1
warm-up: heartbeat stopped after 2 beat(s)
    Error: expect(received).toBe(expected) // Object.is equality
  1 failed
  1 passed (1.5m)
 ELIFECYCLE  Command failed with exit code 1.
--- e2e/live-video-duration.spec.ts · 1 · 91 s

--- e2e/live-wallet.spec.ts · 06:07:18Z
warm-up: service awake after 2 probe(s) in 0.6s — last 2: 249ms, 86ms
warm-up: heartbeat started — 4 probes every 5s for the life of the run
  ok 1 [chromium] › e2e\live-wallet.spec.ts:51:1 › a fresh owner + org, made through the product (17.1s)
  ok 2 [chromium] › e2e\live-wallet.spec.ts:76:1 › the balance chip shows money — and over a zero wallet, the instruction to subscribe (4.4s)
  ok 3 [chromium] › e2e\live-wallet.spec.ts:96:1 › H3 is a balance and a real usage read-back, in both allowed grains (5.7s)
  ok 4 [chromium] › e2e\live-wallet.spec.ts:131:1 › the wallet and usage endpoints answer the shapes the UI is built on (4.4s)
warm-up: heartbeat stopped after 6 beat(s)
  4 passed (41.6s)
--- e2e/live-wallet.spec.ts · 0 · 43 s

=== LEGACY LIVE ROUND 1 · end 2026-09-13T06:08:01Z
