
> alphabeacon-web@0.0.0 verify:all C:\alphabeacon-web\alphabeacon-web
> tsx scripts/verify-all.ts

verify:all on tree 1f59f844ffa1 (2026-09-13T06:28:04.284Z)

=== lint === pnpm lint
> alphabeacon-web@0.0.0 lint C:\alphabeacon-web\alphabeacon-web
> eslint .
--- lint: ok in 6.2 s

=== typecheck === pnpm typecheck
> alphabeacon-web@0.0.0 typecheck C:\alphabeacon-web\alphabeacon-web
> tsc -b
--- typecheck: ok in 14.7 s

=== guard-static === pnpm guard:static
> alphabeacon-web@0.0.0 guard:static C:\alphabeacon-web\alphabeacon-web
> tsx scripts/guard-static.ts

guard-static: 352 files clean
--- guard-static: ok in 0.9 s

=== unit === pnpm exec vitest run --reporter=default --reporter=json --outputFile="C:\alphabeacon-web\alphabeacon-web\.gate\reports\unit.json"
 [32m✓[39m src/data/adapters/org-selection.test.ts [2m([22m[2m7 tests[22m[2m)[22m[32m 4[2mms[22m[39m
 [32m✓[39m src/features/calendar/reconcile-draft.test.ts [2m([22m[2m7 tests[22m[2m)[22m[32m 4[2mms[22m[39m
 [32m✓[39m src/features/settings/tone-fields.test.ts [2m([22m[2m2 tests[22m[2m)[22m[32m 3[2mms[22m[39m
 [32m✓[39m src/data/adapters/notification-adapter.test.ts [2m([22m[2m3 tests[22m[2m)[22m[32m 3[2mms[22m[39m
 [32m✓[39m src/features/studio/use-create-visual.test.ts [2m([22m[2m7 tests[22m[2m)[22m[32m 4[2mms[22m[39m

[2m Test Files [22m [1m[32m58 passed[39m[22m[90m (58)[39m
[2m      Tests [22m [1m[32m656 passed[39m[22m[90m (656)[39m
[2m   Start at [22m 09:28:27
[2m   Duration [22m 18.53s[2m (transform 3.33s, setup 42.25s, collect 26.42s, tests 6.72s, environment 82.46s, prepare 14.90s)[22m

JSON report written to C:/alphabeacon-web/alphabeacon-web/.gate/reports/unit.json
--- unit: ok in 19.9 s

=== build === pnpm build
[2mdist/[22m[36massets/studio-Bp1VAxrU.js                                     [39m[1m[2m 29.81 kB[22m[1m[22m[2m │ gzip:   9.89 kB[22m
[2mdist/[22m[36massets/studio-screens-Cv_m1p93.js                             [39m[1m[2m 38.96 kB[22m[1m[22m[2m │ gzip:  11.98 kB[22m
[2mdist/[22m[36massets/app-shell-Cyz1s0s8.js                                  [39m[1m[2m 38.99 kB[22m[1m[22m[2m │ gzip:  12.70 kB[22m
[2mdist/[22m[36massets/form-2Zg-4n-O.js                                       [39m[1m[2m 40.50 kB[22m[1m[22m[2m │ gzip:  14.40 kB[22m
[2mdist/[22m[36massets/analytics-screens-BQZP8BIa.js                          [39m[1m[2m360.20 kB[22m[1m[22m[2m │ gzip: 108.21 kB[22m
[2mdist/[22m[36massets/index-CK7x87Cs.js                                      [39m[1m[33m685.32 kB[39m[22m[2m │ gzip: 214.42 kB[22m
[32m✓ built in 8.87s[39m
[33m
(!) Some chunks are larger than 500 kB after minification. Consider:
- Using dynamic import() to code-split the application
- Use build.rollupOptions.output.manualChunks to improve chunking: https://rollupjs.org/configuration-options/#output-manualchunks
- Adjust chunk size limit for this warning via build.chunkSizeWarningLimit.[39m
--- build: ok in 23.8 s

=== e2e === pnpm exec playwright install chromium && pnpm exec playwright test --reporter=list,json
  ok 192 [chromium] › e2e\today-queue.spec.ts:32:1 › the queue groups drafts by slot and offers only legal actions (3.4s)
  ok 189 [chromium] › e2e\studio-capabilities.spec.ts:111:1 › every composer refuses the document’s own trap before any round-trip (5.7s)
  ok 193 [chromium] › e2e\today-queue.spec.ts:44:1 › @golden approving moves the card and updates the dashboard in the same session (4.7s)
  ok 195 [chromium] › e2e\today-queue.spec.ts:96:1 › a short balance refuses the run and keeps the prompt (3.3s)
  ok 197 [chromium] › e2e\today-queue.spec.ts:134:1 › draft detail shows the timeline and mirrors the queue actions (3.5s)
  ok 196 [chromium] › e2e\today-queue.spec.ts:111:1 › scheduling reports per channel, and a re-auth channel cannot be picked (3.7s)
  ok 198 [chromium] › e2e\today-queue.spec.ts:147:1 › rejecting asks why, and the draft leaves the queue (3.2s)
  ok 194 [chromium] › e2e\today-queue.spec.ts:71:1 › generating media spends credits, and the balance follows (6.1s)
  ok 199 [chromium] › e2e\today-queue.spec.ts:160:1 › @axe the queue and draft detail scan clean (4.4s)

  84 skipped
  115 passed (1.4m)
--- e2e: ok in 83.2 s

verify:all summary
lint           PASS  6 s
typecheck      PASS  15 s
guard-static   PASS  1 s
unit           PASS  20 s
build          PASS  24 s
e2e            PASS  83 s
unit: 656 passed / 0 failed / 58 files
e2e: 115 passed / 84 skipped / 0 failed
report: .gate\reports\verify.json for tree 1f59f844ffa1
RESULT: PASS
