
> alphabeacon-web@0.0.0 build C:\alphabeacon-web\alphabeacon-web
> tsc -b && vite build

[36mvite v7.3.6 [32mbuilding client environment for production...[36m[39m
transforming...
[32m✓[39m 2846 modules transformed.
rendering chunks...
computing gzip size...
[2mdist/[22m[32mindex.html                                                    [39m[1m[2m  2.46 kB[22m[1m[22m[2m │ gzip:   0.87 kB[22m
[2mdist/[22m[32massets/dm-sans-latin-ext-opsz-normal-oos9povj.woff2           [39m[1m[2m 31.29 kB[22m[1m[22m
[2mdist/[22m[32massets/dm-sans-latin-ext-opsz-italic-DNX9AbKj.woff2           [39m[1m[2m 40.84 kB[22m[1m[22m
[2mdist/[22m[32massets/ibm-plex-sans-arabic-arabic-400-normal-CyU-ddYS.woff2  [39m[1m[2m 42.85 kB[22m[1m[22m
[2mdist/[22m[32massets/ibm-plex-sans-arabic-arabic-400-normal-EA1o-u_Q.woff   [39m[1m[2m 44.14 kB[22m[1m[22m
[2mdist/[22m[32massets/ibm-plex-sans-arabic-arabic-500-normal-C4MQITzh.woff2  [39m[1m[2m 45.30 kB[22m[1m[22m
[2mdist/[22m[32massets/ibm-plex-sans-arabic-arabic-600-normal-0pRdybE_.woff2  [39m[1m[2m 45.69 kB[22m[1m[22m
[2mdist/[22m[32massets/ibm-plex-sans-arabic-arabic-600-normal-MJZ0liF5.woff   [39m[1m[2m 46.78 kB[22m[1m[22m
[2mdist/[22m[32massets/ibm-plex-sans-arabic-arabic-500-normal-DPXcppbm.woff   [39m[1m[2m 46.92 kB[22m[1m[22m
[2mdist/[22m[32massets/inter-latin-wght-normal-Dx4kXJAl.woff2                 [39m[1m[2m 48.26 kB[22m[1m[22m
[2mdist/[22m[32massets/dm-sans-latin-opsz-normal-Bf69Tn_J.woff2               [39m[1m[2m 62.72 kB[22m[1m[22m
[2mdist/[22m[32massets/dm-sans-latin-opsz-italic-C8i6y2Ft.woff2               [39m[1m[2m 76.25 kB[22m[1m[22m
[2mdist/[22m[32massets/inter-latin-ext-wght-normal-DO1Apj_S.woff2             [39m[1m[2m 85.07 kB[22m[1m[22m
[2mdist/[22m[35massets/legal-screens-DSRWV6hP.css                             [39m[1m[2m  4.26 kB[22m[1m[22m[2m │ gzip:   1.19 kB[22m
[2mdist/[22m[35massets/request-demo-screen-CG8IVRvO.css                       [39m[1m[2m  7.77 kB[22m[1m[22m[2m │ gzip:   2.05 kB[22m
[2mdist/[22m[35massets/pricing-screen-2fPdY0oe.css                            [39m[1m[2m 13.83 kB[22m[1m[22m[2m │ gzip:   2.95 kB[22m
[2mdist/[22m[35massets/index-CdO1TQyq.css                                     [39m[1m[2m217.09 kB[22m[1m[22m[2m │ gzip:  36.35 kB[22m
[2mdist/[22m[36massets/error-reference-BC9CwbrY.js                            [39m[1m[2m  0.08 kB[22m[1m[22m[2m │ gzip:   0.09 kB[22m
[2mdist/[22m[36massets/check-S84BeyuE.js                                      [39m[1m[2m  0.13 kB[22m[1m[22m[2m │ gzip:   0.14 kB[22m
[2mdist/[22m[36massets/chevron-down-CIi4JMp4.js                               [39m[1m[2m  0.13 kB[22m[1m[22m[2m │ gzip:   0.14 kB[22m
[2mdist/[22m[36massets/circle-lUMjSibf.js                                     [39m[1m[2m  0.13 kB[22m[1m[22m[2m │ gzip:   0.13 kB[22m
[2mdist/[22m[36massets/plus-BPy06J8I.js                                       [39m[1m[2m  0.15 kB[22m[1m[22m[2m │ gzip:   0.15 kB[22m
[2mdist/[22m[36massets/x-BW70mGqt.js                                          [39m[1m[2m  0.16 kB[22m[1m[22m[2m │ gzip:   0.15 kB[22m
[2mdist/[22m[36massets/arrow-left-Ceya3eBL.js                                 [39m[1m[2m  0.17 kB[22m[1m[22m[2m │ gzip:   0.16 kB[22m
[2mdist/[22m[36massets/skeleton-D7NYxIRi.js                                   [39m[1m[2m  0.20 kB[22m[1m[22m[2m │ gzip:   0.17 kB[22m
[2mdist/[22m[36massets/lock-DUh_h8yq.js                                       [39m[1m[2m  0.21 kB[22m[1m[22m[2m │ gzip:   0.19 kB[22m
[2mdist/[22m[36massets/tone-badge-DXa6c2V6.js                                 [39m[1m[2m  0.22 kB[22m[1m[22m[2m │ gzip:   0.19 kB[22m
[2mdist/[22m[36massets/upload-EBYmW21L.js                                     [39m[1m[2m  0.23 kB[22m[1m[22m[2m │ gzip:   0.19 kB[22m
[2mdist/[22m[36massets/copy-CvsLD3fb.js                                       [39m[1m[2m  0.24 kB[22m[1m[22m[2m │ gzip:   0.21 kB[22m
[2mdist/[22m[36massets/mono-number-Bt00ddSy.js                                [39m[1m[2m  0.24 kB[22m[1m[22m[2m │ gzip:   0.21 kB[22m
[2mdist/[22m[36massets/external-link-Da1TNeD6.js                              [39m[1m[2m  0.25 kB[22m[1m[22m[2m │ gzip:   0.20 kB[22m
[2mdist/[22m[36massets/pencil-2NQ_3C9k.js                                     [39m[1m[2m  0.28 kB[22m[1m[22m[2m │ gzip:   0.22 kB[22m
[2mdist/[22m[36massets/mail-check-CsdbVRh3.js                                 [39m[1m[2m  0.29 kB[22m[1m[22m[2m │ gzip:   0.22 kB[22m
[2mdist/[22m[36massets/inbox-D_n5cFbf.js                                      [39m[1m[2m  0.29 kB[22m[1m[22m[2m │ gzip:   0.23 kB[22m
[2mdist/[22m[36massets/mail-warning-rB7J6z_7.js                               [39m[1m[2m  0.33 kB[22m[1m[22m[2m │ gzip:   0.24 kB[22m
[2mdist/[22m[36massets/trash-2-BqYqrWZw.js                                    [39m[1m[2m  0.33 kB[22m[1m[22m[2m │ gzip:   0.22 kB[22m
[2mdist/[22m[36massets/film-1bzA8ZJ0.js                                       [39m[1m[2m  0.41 kB[22m[1m[22m[2m │ gzip:   0.24 kB[22m
[2mdist/[22m[36massets/calendar-days-Dbfiiyzw.js                              [39m[1m[2m  0.50 kB[22m[1m[22m[2m │ gzip:   0.26 kB[22m
[2mdist/[22m[36massets/label-DCTAge4d.js                                      [39m[1m[2m  0.68 kB[22m[1m[22m[2m │ gzip:   0.44 kB[22m
[2mdist/[22m[36massets/textarea-Dbsf4nm5.js                                   [39m[1m[2m  0.70 kB[22m[1m[22m[2m │ gzip:   0.38 kB[22m
[2mdist/[22m[36massets/format-CMzYPIAK.js                                     [39m[1m[2m  0.71 kB[22m[1m[22m[2m │ gzip:   0.41 kB[22m
[2mdist/[22m[36massets/posting-time-jm-WZJZQ.js                               [39m[1m[2m  0.72 kB[22m[1m[22m[2m │ gzip:   0.45 kB[22m
[2mdist/[22m[36massets/input-BAYpL96m.js                                      [39m[1m[2m  0.83 kB[22m[1m[22m[2m │ gzip:   0.42 kB[22m
[2mdist/[22m[36massets/account-BZA_YBxx.js                                    [39m[1m[2m  1.01 kB[22m[1m[22m[2m │ gzip:   0.48 kB[22m
[2mdist/[22m[36massets/platforms-Bdjmn2wv.js                                  [39m[1m[2m  1.03 kB[22m[1m[22m[2m │ gzip:   0.55 kB[22m
[2mdist/[22m[36massets/slot-chip-DvvRpDWO.js                                  [39m[1m[2m  1.22 kB[22m[1m[22m[2m │ gzip:   0.56 kB[22m
[2mdist/[22m[36massets/not-found-CcMTCqgw.js                                  [39m[1m[2m  1.22 kB[22m[1m[22m[2m │ gzip:   0.61 kB[22m
[2mdist/[22m[36massets/badge-UPg5DbV6.js                                      [39m[1m[2m  1.39 kB[22m[1m[22m[2m │ gzip:   0.65 kB[22m
[2mdist/[22m[36massets/password-strength-0oBdH7ch.js                          [39m[1m[2m  1.39 kB[22m[1m[22m[2m │ gzip:   0.67 kB[22m
[2mdist/[22m[36massets/timezone-DFOV_Yvd.js                                   [39m[1m[2m  1.42 kB[22m[1m[22m[2m │ gzip:   0.65 kB[22m
[2mdist/[22m[36massets/dev-datasets-MwygR9sf.js                               [39m[1m[2m  1.47 kB[22m[1m[22m[2m │ gzip:   0.74 kB[22m
[2mdist/[22m[36massets/card-BXxUTBn9.js                                       [39m[1m[2m  1.58 kB[22m[1m[22m[2m │ gzip:   0.59 kB[22m
[2mdist/[22m[36massets/save-bar-DLf2S8lx.js                                   [39m[1m[2m  1.70 kB[22m[1m[22m[2m │ gzip:   0.89 kB[22m
[2mdist/[22m[36massets/empty-org-screen-DnX4VEmq.js                           [39m[1m[2m  1.79 kB[22m[1m[22m[2m │ gzip:   0.97 kB[22m
[2mdist/[22m[36massets/empty-state-D1j0QtEO.js                                [39m[1m[2m  1.80 kB[22m[1m[22m[2m │ gzip:   0.69 kB[22m
[2mdist/[22m[36massets/team-CqhpbKwU.js                                       [39m[1m[2m  1.84 kB[22m[1m[22m[2m │ gzip:   0.79 kB[22m
[2mdist/[22m[36massets/scheduling-6EoWdU6n.js                                 [39m[1m[2m  1.90 kB[22m[1m[22m[2m │ gzip:   0.75 kB[22m
[2mdist/[22m[36massets/use-job-poll-B2KlCEOE.js                               [39m[1m[2m  2.01 kB[22m[1m[22m[2m │ gzip:   1.07 kB[22m
[2mdist/[22m[36massets/claim-chip-C-WS9kfi.js                                 [39m[1m[2m  2.05 kB[22m[1m[22m[2m │ gzip:   1.07 kB[22m
[2mdist/[22m[36massets/stat-card-DTX_hxK4.js                                  [39m[1m[2m  2.06 kB[22m[1m[22m[2m │ gzip:   0.89 kB[22m
[2mdist/[22m[36massets/dialog-BTYSmyop.js                                     [39m[1m[2m  2.23 kB[22m[1m[22m[2m │ gzip:   0.88 kB[22m
[2mdist/[22m[36massets/skeletons-_6djTXAe.js                                  [39m[1m[2m  2.43 kB[22m[1m[22m[2m │ gzip:   0.70 kB[22m
[2mdist/[22m[36massets/error-state-CtrtMtOX.js                                [39m[1m[2m  2.48 kB[22m[1m[22m[2m │ gzip:   1.15 kB[22m
[2mdist/[22m[36massets/country-picker-BqfO0h0n.js                             [39m[1m[2m  2.54 kB[22m[1m[22m[2m │ gzip:   1.16 kB[22m
[2mdist/[22m[36massets/settings-layout-CyxsNM7E.js                            [39m[1m[2m  2.57 kB[22m[1m[22m[2m │ gzip:   1.37 kB[22m
[2mdist/[22m[36massets/dev-states-g1KKMpd0.js                                 [39m[1m[2m  2.62 kB[22m[1m[22m[2m │ gzip:   0.99 kB[22m
[2mdist/[22m[36massets/brand-voice-screen-BsqY16IF.js                         [39m[1m[2m  2.63 kB[22m[1m[22m[2m │ gzip:   1.28 kB[22m
[2mdist/[22m[36massets/sheet-h24LCFhM.js                                      [39m[1m[2m  2.63 kB[22m[1m[22m[2m │ gzip:   0.88 kB[22m
[2mdist/[22m[36massets/avatar-CbJonxx3.js                                     [39m[1m[2m  2.68 kB[22m[1m[22m[2m │ gzip:   1.19 kB[22m
[2mdist/[22m[36massets/field-editors-CixXbKO_.js                              [39m[1m[2m  2.78 kB[22m[1m[22m[2m │ gzip:   1.12 kB[22m
[2mdist/[22m[36massets/signin-screen-BXU-FAN0.js                              [39m[1m[2m  2.88 kB[22m[1m[22m[2m │ gzip:   1.43 kB[22m
[2mdist/[22m[36massets/auth-layout-KkoM1LaG.js                                [39m[1m[2m  2.89 kB[22m[1m[22m[2m │ gzip:   1.26 kB[22m
[2mdist/[22m[36massets/auth-DCgixBVa.js                                       [39m[1m[2m  2.94 kB[22m[1m[22m[2m │ gzip:   1.04 kB[22m
[2mdist/[22m[36massets/button-DWj3xNkR.js                                     [39m[1m[2m  3.37 kB[22m[1m[22m[2m │ gzip:   1.27 kB[22m
[2mdist/[22m[36massets/setup-checklist-DUg8tIMo.js                            [39m[1m[2m  3.53 kB[22m[1m[22m[2m │ gzip:   1.39 kB[22m
[2mdist/[22m[36massets/brand-BoBoqA76.js                                      [39m[1m[2m  3.58 kB[22m[1m[22m[2m │ gzip:   1.47 kB[22m
[2mdist/[22m[36massets/accept-invite-screen-DwS9Tf3e.js                       [39m[1m[2m  3.60 kB[22m[1m[22m[2m │ gzip:   1.73 kB[22m
[2mdist/[22m[36massets/status-badge-D36TAjVL.js                               [39m[1m[2m  3.71 kB[22m[1m[22m[2m │ gzip:   1.45 kB[22m
[2mdist/[22m[36massets/signup-screen-w10867y6.js                              [39m[1m[2m  3.72 kB[22m[1m[22m[2m │ gzip:   1.73 kB[22m
[2mdist/[22m[36massets/sources-screen-DkMzUXIg.js                             [39m[1m[2m  4.11 kB[22m[1m[22m[2m │ gzip:   1.70 kB[22m
[2mdist/[22m[36massets/use-subscription-poll-BaVsgaPw.js                      [39m[1m[2m  4.19 kB[22m[1m[22m[2m │ gzip:   1.88 kB[22m
[2mdist/[22m[36massets/tones-screen-2JhiDldN.js                               [39m[1m[2m  4.75 kB[22m[1m[22m[2m │ gzip:   1.75 kB[22m
[2mdist/[22m[36massets/checkbox-BJOiSncM.js                                   [39m[1m[2m  4.75 kB[22m[1m[22m[2m │ gzip:   2.02 kB[22m
[2mdist/[22m[36massets/switch-B7gdOd4R.js                                     [39m[1m[2m  4.81 kB[22m[1m[22m[2m │ gzip:   1.96 kB[22m
[2mdist/[22m[36massets/billing-success-screen-Dnxm6GeZ.js                     [39m[1m[2m  5.32 kB[22m[1m[22m[2m │ gzip:   1.67 kB[22m
[2mdist/[22m[36massets/tone-editor-BxYTIo7H.js                                [39m[1m[2m  5.48 kB[22m[1m[22m[2m │ gzip:   2.31 kB[22m
[2mdist/[22m[36massets/confirm-dialog-nn_Gk2S2.js                             [39m[1m[2m  5.55 kB[22m[1m[22m[2m │ gzip:   1.76 kB[22m
[2mdist/[22m[36massets/reset-password-screen-BdKD5Mh5.js                      [39m[1m[2m  5.67 kB[22m[1m[22m[2m │ gzip:   1.99 kB[22m
[2mdist/[22m[36massets/toggle-group-BDbWwVi2.js                               [39m[1m[2m  5.79 kB[22m[1m[22m[2m │ gzip:   2.00 kB[22m
[2mdist/[22m[36massets/dashboard-screen-d8dBySaD.js                           [39m[1m[2m  5.95 kB[22m[1m[22m[2m │ gzip:   2.49 kB[22m
[2mdist/[22m[36massets/draft-detail-screen-INWFPWr4.js                        [39m[1m[2m  6.57 kB[22m[1m[22m[2m │ gzip:   2.31 kB[22m
[2mdist/[22m[36massets/schedule-dialog-ii12-_oC.js                            [39m[1m[2m  7.03 kB[22m[1m[22m[2m │ gzip:   2.46 kB[22m
[2mdist/[22m[36massets/event-sources-screen-FCeipJwv.js                       [39m[1m[2m  7.86 kB[22m[1m[22m[2m │ gzip:   3.13 kB[22m
[2mdist/[22m[36massets/composer-TgEpDH9r.js                                   [39m[1m[2m  8.94 kB[22m[1m[22m[2m │ gzip:   3.43 kB[22m
[2mdist/[22m[36massets/team-screen-C9N_Zd6z.js                                [39m[1m[2m  9.07 kB[22m[1m[22m[2m │ gzip:   3.22 kB[22m
[2mdist/[22m[36massets/billing-screen-D9m-ESmm.js                             [39m[1m[2m  9.31 kB[22m[1m[22m[2m │ gzip:   3.04 kB[22m
[2mdist/[22m[36massets/schedule-config-screen-BAgaT2xo.js                     [39m[1m[2m 10.51 kB[22m[1m[22m[2m │ gzip:   3.65 kB[22m
[2mdist/[22m[36massets/today-screen-BLAwrvE8.js                               [39m[1m[2m 10.87 kB[22m[1m[22m[2m │ gzip:   4.03 kB[22m
[2mdist/[22m[36massets/request-demo-screen-DqofeD6P.js                        [39m[1m[2m 11.01 kB[22m[1m[22m[2m │ gzip:   4.20 kB[22m
[2mdist/[22m[36massets/connections-screen-CpcTX_Ph.js                         [39m[1m[2m 11.88 kB[22m[1m[22m[2m │ gzip:   3.72 kB[22m
[2mdist/[22m[36massets/index-18fSDPgS.js                                      [39m[1m[2m 11.90 kB[22m[1m[22m[2m │ gzip:   4.51 kB[22m
[2mdist/[22m[36massets/organization-screen-CqPiTtmt.js                        [39m[1m[2m 12.71 kB[22m[1m[22m[2m │ gzip:   4.18 kB[22m
[2mdist/[22m[36massets/calendar-screen-0YkhNfgm.js                            [39m[1m[2m 13.24 kB[22m[1m[22m[2m │ gzip:   4.63 kB[22m
[2mdist/[22m[36massets/verify-email-screen-u1aMCiQ9.js                        [39m[1m[2m 13.95 kB[22m[1m[22m[2m │ gzip:   5.57 kB[22m
[2mdist/[22m[36massets/dev-kitchen-sink-BZTEWs0M.js                           [39m[1m[2m 14.45 kB[22m[1m[22m[2m │ gzip:   5.22 kB[22m
[2mdist/[22m[36massets/legal-screens-Nd-8itxc.js                              [39m[1m[2m 15.55 kB[22m[1m[22m[2m │ gzip:   4.91 kB[22m
[2mdist/[22m[36massets/pricing-screen-D-DpSBUi.js                             [39m[1m[2m 17.11 kB[22m[1m[22m[2m │ gzip:   5.32 kB[22m
[2mdist/[22m[36massets/billing-screens-BLsaDhmd.js                            [39m[1m[2m 17.46 kB[22m[1m[22m[2m │ gzip:   5.15 kB[22m
[2mdist/[22m[36massets/knowledge-screen-B1Rd1UM8.js                           [39m[1m[2m 18.14 kB[22m[1m[22m[2m │ gzip:   6.45 kB[22m
[2mdist/[22m[36massets/use-draft-actions-DKYRPr57.js                          [39m[1m[2m 21.69 kB[22m[1m[22m[2m │ gzip:   7.49 kB[22m
[2mdist/[22m[36massets/index-Dxp7VHBE.js                                      [39m[1m[2m 21.93 kB[22m[1m[22m[2m │ gzip:   7.98 kB[22m
[2mdist/[22m[36massets/generate-screen-B9Rv4riV.js                            [39m[1m[2m 22.42 kB[22m[1m[22m[2m │ gzip:   7.88 kB[22m
[2mdist/[22m[36massets/studio-Bp1VAxrU.js                                     [39m[1m[2m 29.81 kB[22m[1m[22m[2m │ gzip:   9.89 kB[22m
[2mdist/[22m[36massets/studio-screens-Cv_m1p93.js                             [39m[1m[2m 38.96 kB[22m[1m[22m[2m │ gzip:  11.98 kB[22m
[2mdist/[22m[36massets/app-shell-Cyz1s0s8.js                                  [39m[1m[2m 38.99 kB[22m[1m[22m[2m │ gzip:  12.70 kB[22m
[2mdist/[22m[36massets/form-2Zg-4n-O.js                                       [39m[1m[2m 40.50 kB[22m[1m[22m[2m │ gzip:  14.40 kB[22m
[2mdist/[22m[36massets/analytics-screens-BQZP8BIa.js                          [39m[1m[2m360.20 kB[22m[1m[22m[2m │ gzip: 108.21 kB[22m
[2mdist/[22m[36massets/index-CK7x87Cs.js                                      [39m[1m[33m685.32 kB[39m[22m[2m │ gzip: 214.42 kB[22m
[32m✓ built in 9.22s[39m
[33m
(!) Some chunks are larger than 500 kB after minification. Consider:
- Using dynamic import() to code-split the application
- Use build.rollupOptions.output.manualChunks to improve chunking: https://rollupjs.org/configuration-options/#output-manualchunks
- Adjust chunk size limit for this warning via build.chunkSizeWarningLimit.[39m
