
> alphabeacon-web@0.0.0 build C:\alphabeacon-web\alphabeacon-web
> tsc -b && vite build

[36mvite v7.3.6 [32mbuilding client environment for production...[36m[39m
transforming...
[32m✓[39m 2846 modules transformed.
rendering chunks...
computing gzip size...
[2mdist/[22m[32mindex.html                                                    [39m[1m[2m  2.46 kB[22m[1m[22m[2m │ gzip:   0.87 kB[22m
[2mdist/[22m[32massets/dm-sans-latin-ext-opsz-normal-oos9povj.woff2           [39m[1m[2m 31.29 kB[22m[1m[22m
[2mdist/[22m[32massets/dm-sans-latin-ext-opsz-italic-DNX9AbKj.woff2           [39m[1m[2m 40.84 kB[22m[1m[22m
[2mdist/[22m[32massets/ibm-plex-sans-arabic-arabic-400-normal-CyU-ddYS.woff2  [39m[1m[2m 42.85 kB[22m[1m[22m
[2mdist/[22m[32massets/ibm-plex-sans-arabic-arabic-400-normal-EA1o-u_Q.woff   [39m[1m[2m 44.14 kB[22m[1m[22m
[2mdist/[22m[32massets/ibm-plex-sans-arabic-arabic-500-normal-C4MQITzh.woff2  [39m[1m[2m 45.30 kB[22m[1m[22m
[2mdist/[22m[32massets/ibm-plex-sans-arabic-arabic-600-normal-0pRdybE_.woff2  [39m[1m[2m 45.69 kB[22m[1m[22m
[2mdist/[22m[32massets/ibm-plex-sans-arabic-arabic-600-normal-MJZ0liF5.woff   [39m[1m[2m 46.78 kB[22m[1m[22m
[2mdist/[22m[32massets/ibm-plex-sans-arabic-arabic-500-normal-DPXcppbm.woff   [39m[1m[2m 46.92 kB[22m[1m[22m
[2mdist/[22m[32massets/inter-latin-wght-normal-Dx4kXJAl.woff2                 [39m[1m[2m 48.26 kB[22m[1m[22m
[2mdist/[22m[32massets/dm-sans-latin-opsz-normal-Bf69Tn_J.woff2               [39m[1m[2m 62.72 kB[22m[1m[22m
[2mdist/[22m[32massets/dm-sans-latin-opsz-italic-C8i6y2Ft.woff2               [39m[1m[2m 76.25 kB[22m[1m[22m
[2mdist/[22m[32massets/inter-latin-ext-wght-normal-DO1Apj_S.woff2             [39m[1m[2m 85.07 kB[22m[1m[22m
[2mdist/[22m[35massets/legal-screens-DSRWV6hP.css                             [39m[1m[2m  4.26 kB[22m[1m[22m[2m │ gzip:   1.19 kB[22m
[2mdist/[22m[35massets/request-demo-screen-CG8IVRvO.css                       [39m[1m[2m  7.77 kB[22m[1m[22m[2m │ gzip:   2.05 kB[22m
[2mdist/[22m[35massets/pricing-screen-2fPdY0oe.css                            [39m[1m[2m 13.83 kB[22m[1m[22m[2m │ gzip:   2.95 kB[22m
[2mdist/[22m[35massets/index-CdO1TQyq.css                                     [39m[1m[2m217.09 kB[22m[1m[22m[2m │ gzip:  36.35 kB[22m
[2mdist/[22m[36massets/error-reference-BC9CwbrY.js                            [39m[1m[2m  0.08 kB[22m[1m[22m[2m │ gzip:   0.09 kB[22m
[2mdist/[22m[36massets/check-KdEdC2en.js                                      [39m[1m[2m  0.13 kB[22m[1m[22m[2m │ gzip:   0.14 kB[22m
[2mdist/[22m[36massets/chevron-down-Z6BhddLf.js                               [39m[1m[2m  0.13 kB[22m[1m[22m[2m │ gzip:   0.14 kB[22m
[2mdist/[22m[36massets/circle-3rdtigab.js                                     [39m[1m[2m  0.13 kB[22m[1m[22m[2m │ gzip:   0.13 kB[22m
[2mdist/[22m[36massets/plus-CkVZ6teh.js                                       [39m[1m[2m  0.15 kB[22m[1m[22m[2m │ gzip:   0.15 kB[22m
[2mdist/[22m[36massets/x-DILQBbOq.js                                          [39m[1m[2m  0.16 kB[22m[1m[22m[2m │ gzip:   0.15 kB[22m
[2mdist/[22m[36massets/arrow-left-LWeRHqgP.js                                 [39m[1m[2m  0.17 kB[22m[1m[22m[2m │ gzip:   0.16 kB[22m
[2mdist/[22m[36massets/skeleton-Fow_EZGm.js                                   [39m[1m[2m  0.20 kB[22m[1m[22m[2m │ gzip:   0.17 kB[22m
[2mdist/[22m[36massets/lock-xrdUpIvY.js                                       [39m[1m[2m  0.21 kB[22m[1m[22m[2m │ gzip:   0.19 kB[22m
[2mdist/[22m[36massets/tone-badge-DjDCYwwY.js                                 [39m[1m[2m  0.22 kB[22m[1m[22m[2m │ gzip:   0.19 kB[22m
[2mdist/[22m[36massets/upload--fjJ0bnW.js                                     [39m[1m[2m  0.23 kB[22m[1m[22m[2m │ gzip:   0.19 kB[22m
[2mdist/[22m[36massets/copy-D50pFcHP.js                                       [39m[1m[2m  0.24 kB[22m[1m[22m[2m │ gzip:   0.21 kB[22m
[2mdist/[22m[36massets/mono-number-CPGVozpR.js                                [39m[1m[2m  0.24 kB[22m[1m[22m[2m │ gzip:   0.21 kB[22m
[2mdist/[22m[36massets/external-link-DLrW9M-K.js                              [39m[1m[2m  0.25 kB[22m[1m[22m[2m │ gzip:   0.20 kB[22m
[2mdist/[22m[36massets/pencil-CsQbIfZe.js                                     [39m[1m[2m  0.28 kB[22m[1m[22m[2m │ gzip:   0.23 kB[22m
[2mdist/[22m[36massets/mail-check-sWK6EctI.js                                 [39m[1m[2m  0.29 kB[22m[1m[22m[2m │ gzip:   0.23 kB[22m
[2mdist/[22m[36massets/inbox-B9BbyBof.js                                      [39m[1m[2m  0.29 kB[22m[1m[22m[2m │ gzip:   0.23 kB[22m
[2mdist/[22m[36massets/mail-warning-B8fVFswD.js                               [39m[1m[2m  0.33 kB[22m[1m[22m[2m │ gzip:   0.24 kB[22m
[2mdist/[22m[36massets/trash-2-8n1eDH2T.js                                    [39m[1m[2m  0.33 kB[22m[1m[22m[2m │ gzip:   0.22 kB[22m
[2mdist/[22m[36massets/film-C8lT8UY9.js                                       [39m[1m[2m  0.41 kB[22m[1m[22m[2m │ gzip:   0.24 kB[22m
[2mdist/[22m[36massets/calendar-days-Ci3c3e1P.js                              [39m[1m[2m  0.50 kB[22m[1m[22m[2m │ gzip:   0.26 kB[22m
[2mdist/[22m[36massets/label-DwSQXFa6.js                                      [39m[1m[2m  0.68 kB[22m[1m[22m[2m │ gzip:   0.44 kB[22m
[2mdist/[22m[36massets/textarea-DBi0r1XQ.js                                   [39m[1m[2m  0.70 kB[22m[1m[22m[2m │ gzip:   0.38 kB[22m
[2mdist/[22m[36massets/format-CMzYPIAK.js                                     [39m[1m[2m  0.71 kB[22m[1m[22m[2m │ gzip:   0.41 kB[22m
[2mdist/[22m[36massets/posting-time-D9FhRRSz.js                               [39m[1m[2m  0.72 kB[22m[1m[22m[2m │ gzip:   0.45 kB[22m
[2mdist/[22m[36massets/input-BybeM_VC.js                                      [39m[1m[2m  0.83 kB[22m[1m[22m[2m │ gzip:   0.42 kB[22m
[2mdist/[22m[36massets/account-DUXtpvNl.js                                    [39m[1m[2m  1.01 kB[22m[1m[22m[2m │ gzip:   0.48 kB[22m
[2mdist/[22m[36massets/platforms-ZnAPE6fw.js                                  [39m[1m[2m  1.03 kB[22m[1m[22m[2m │ gzip:   0.55 kB[22m
[2mdist/[22m[36massets/slot-chip-Bqp0R0V5.js                                  [39m[1m[2m  1.22 kB[22m[1m[22m[2m │ gzip:   0.56 kB[22m
[2mdist/[22m[36massets/not-found-uTBB_oi3.js                                  [39m[1m[2m  1.22 kB[22m[1m[22m[2m │ gzip:   0.61 kB[22m
[2mdist/[22m[36massets/badge-DXXYhJmu.js                                      [39m[1m[2m  1.39 kB[22m[1m[22m[2m │ gzip:   0.65 kB[22m
[2mdist/[22m[36massets/password-strength-iO9GxAKw.js                          [39m[1m[2m  1.39 kB[22m[1m[22m[2m │ gzip:   0.67 kB[22m
[2mdist/[22m[36massets/timezone-DFOV_Yvd.js                                   [39m[1m[2m  1.42 kB[22m[1m[22m[2m │ gzip:   0.65 kB[22m
[2mdist/[22m[36massets/dev-datasets-BPPJIUjN.js                               [39m[1m[2m  1.47 kB[22m[1m[22m[2m │ gzip:   0.73 kB[22m
[2mdist/[22m[36massets/card-Crgp-Fyx.js                                       [39m[1m[2m  1.58 kB[22m[1m[22m[2m │ gzip:   0.58 kB[22m
[2mdist/[22m[36massets/save-bar-6fQGQ5QF.js                                   [39m[1m[2m  1.70 kB[22m[1m[22m[2m │ gzip:   0.89 kB[22m
[2mdist/[22m[36massets/empty-org-screen-CtmdR9Ah.js                           [39m[1m[2m  1.78 kB[22m[1m[22m[2m │ gzip:   0.96 kB[22m
[2mdist/[22m[36massets/empty-state-D_djwwHn.js                                [39m[1m[2m  1.80 kB[22m[1m[22m[2m │ gzip:   0.69 kB[22m
[2mdist/[22m[36massets/team-BB3TQ7Uu.js                                       [39m[1m[2m  1.84 kB[22m[1m[22m[2m │ gzip:   0.78 kB[22m
[2mdist/[22m[36massets/scheduling-DTL79LxD.js                                 [39m[1m[2m  1.90 kB[22m[1m[22m[2m │ gzip:   0.75 kB[22m
[2mdist/[22m[36massets/use-job-poll-DYErmEMs.js                               [39m[1m[2m  2.01 kB[22m[1m[22m[2m │ gzip:   1.07 kB[22m
[2mdist/[22m[36massets/claim-chip-Ccu4mV6I.js                                 [39m[1m[2m  2.05 kB[22m[1m[22m[2m │ gzip:   1.08 kB[22m
[2mdist/[22m[36massets/stat-card-D0U05KVx.js                                  [39m[1m[2m  2.06 kB[22m[1m[22m[2m │ gzip:   0.90 kB[22m
[2mdist/[22m[36massets/dialog-DLdBVq2K.js                                     [39m[1m[2m  2.23 kB[22m[1m[22m[2m │ gzip:   0.89 kB[22m
[2mdist/[22m[36massets/skeletons-Aa-I3lyl.js                                  [39m[1m[2m  2.43 kB[22m[1m[22m[2m │ gzip:   0.70 kB[22m
[2mdist/[22m[36massets/error-state-C2_BaVEM.js                                [39m[1m[2m  2.48 kB[22m[1m[22m[2m │ gzip:   1.15 kB[22m
[2mdist/[22m[36massets/country-picker-BR7N1zuf.js                             [39m[1m[2m  2.54 kB[22m[1m[22m[2m │ gzip:   1.16 kB[22m
[2mdist/[22m[36massets/settings-layout-DI3rWmXE.js                            [39m[1m[2m  2.57 kB[22m[1m[22m[2m │ gzip:   1.37 kB[22m
[2mdist/[22m[36massets/dev-states-CLOeJoom.js                                 [39m[1m[2m  2.62 kB[22m[1m[22m[2m │ gzip:   0.99 kB[22m
[2mdist/[22m[36massets/brand-voice-screen-BME3ibJp.js                         [39m[1m[2m  2.63 kB[22m[1m[22m[2m │ gzip:   1.28 kB[22m
[2mdist/[22m[36massets/sheet-DI5Le5Yo.js                                      [39m[1m[2m  2.63 kB[22m[1m[22m[2m │ gzip:   0.89 kB[22m
[2mdist/[22m[36massets/avatar-B6y64wFb.js                                     [39m[1m[2m  2.68 kB[22m[1m[22m[2m │ gzip:   1.19 kB[22m
[2mdist/[22m[36massets/field-editors-BLRzE8Yv.js                              [39m[1m[2m  2.78 kB[22m[1m[22m[2m │ gzip:   1.12 kB[22m
[2mdist/[22m[36massets/signin-screen-CbgcFp-t.js                              [39m[1m[2m  2.88 kB[22m[1m[22m[2m │ gzip:   1.44 kB[22m
[2mdist/[22m[36massets/auth-layout-RBAyNxLR.js                                [39m[1m[2m  2.89 kB[22m[1m[22m[2m │ gzip:   1.27 kB[22m
[2mdist/[22m[36massets/auth-CyQB0fKZ.js                                       [39m[1m[2m  2.94 kB[22m[1m[22m[2m │ gzip:   1.03 kB[22m
[2mdist/[22m[36massets/button-CXjBa39O.js                                     [39m[1m[2m  3.37 kB[22m[1m[22m[2m │ gzip:   1.27 kB[22m
[2mdist/[22m[36massets/setup-checklist-y7doncIM.js                            [39m[1m[2m  3.53 kB[22m[1m[22m[2m │ gzip:   1.39 kB[22m
[2mdist/[22m[36massets/brand-CZHuVt6b.js                                      [39m[1m[2m  3.59 kB[22m[1m[22m[2m │ gzip:   1.47 kB[22m
[2mdist/[22m[36massets/accept-invite-screen-CpLb6xrD.js                       [39m[1m[2m  3.60 kB[22m[1m[22m[2m │ gzip:   1.73 kB[22m
[2mdist/[22m[36massets/status-badge-DAbBntvK.js                               [39m[1m[2m  3.71 kB[22m[1m[22m[2m │ gzip:   1.45 kB[22m
[2mdist/[22m[36massets/signup-screen-CGGzPIOW.js                              [39m[1m[2m  3.72 kB[22m[1m[22m[2m │ gzip:   1.73 kB[22m
[2mdist/[22m[36massets/sources-screen-C-cFam_6.js                             [39m[1m[2m  4.11 kB[22m[1m[22m[2m │ gzip:   1.70 kB[22m
[2mdist/[22m[36massets/use-subscription-poll-BCk0FbBG.js                      [39m[1m[2m  4.19 kB[22m[1m[22m[2m │ gzip:   1.88 kB[22m
[2mdist/[22m[36massets/tones-screen-cVD9mY-C.js                               [39m[1m[2m  4.75 kB[22m[1m[22m[2m │ gzip:   1.74 kB[22m
[2mdist/[22m[36massets/checkbox-BnrHUEWN.js                                   [39m[1m[2m  4.75 kB[22m[1m[22m[2m │ gzip:   2.02 kB[22m
[2mdist/[22m[36massets/switch-CK1MEvVO.js                                     [39m[1m[2m  4.81 kB[22m[1m[22m[2m │ gzip:   1.95 kB[22m
[2mdist/[22m[36massets/billing-success-screen-JuUNVnLG.js                     [39m[1m[2m  5.32 kB[22m[1m[22m[2m │ gzip:   1.67 kB[22m
[2mdist/[22m[36massets/tone-editor-WTB4x0ib.js                                [39m[1m[2m  5.48 kB[22m[1m[22m[2m │ gzip:   2.31 kB[22m
[2mdist/[22m[36massets/confirm-dialog-CPc2O40D.js                             [39m[1m[2m  5.55 kB[22m[1m[22m[2m │ gzip:   1.75 kB[22m
[2mdist/[22m[36massets/reset-password-screen-BMQJYNAv.js                      [39m[1m[2m  5.67 kB[22m[1m[22m[2m │ gzip:   1.99 kB[22m
[2mdist/[22m[36massets/toggle-group-CL9z-7m-.js                               [39m[1m[2m  5.79 kB[22m[1m[22m[2m │ gzip:   1.99 kB[22m
[2mdist/[22m[36massets/dashboard-screen-CvW2KeTa.js                           [39m[1m[2m  5.95 kB[22m[1m[22m[2m │ gzip:   2.49 kB[22m
[2mdist/[22m[36massets/draft-detail-screen-BOBAehJB.js                        [39m[1m[2m  6.57 kB[22m[1m[22m[2m │ gzip:   2.30 kB[22m
[2mdist/[22m[36massets/schedule-dialog-DNLscG5_.js                            [39m[1m[2m  7.03 kB[22m[1m[22m[2m │ gzip:   2.45 kB[22m
[2mdist/[22m[36massets/event-sources-screen-BBnzvKwZ.js                       [39m[1m[2m  7.86 kB[22m[1m[22m[2m │ gzip:   3.13 kB[22m
[2mdist/[22m[36massets/composer-BLFuSrIj.js                                   [39m[1m[2m  8.94 kB[22m[1m[22m[2m │ gzip:   3.43 kB[22m
[2mdist/[22m[36massets/team-screen-BRwrDi5Q.js                                [39m[1m[2m  9.07 kB[22m[1m[22m[2m │ gzip:   3.22 kB[22m
[2mdist/[22m[36massets/billing-screen-o9V-hduP.js                             [39m[1m[2m  9.31 kB[22m[1m[22m[2m │ gzip:   3.04 kB[22m
[2mdist/[22m[36massets/schedule-config-screen-B-KUsOHB.js                     [39m[1m[2m 10.51 kB[22m[1m[22m[2m │ gzip:   3.65 kB[22m
[2mdist/[22m[36massets/today-screen-BHNmo1P1.js                               [39m[1m[2m 10.87 kB[22m[1m[22m[2m │ gzip:   4.01 kB[22m
[2mdist/[22m[36massets/request-demo-screen-NWdlO8ch.js                        [39m[1m[2m 11.01 kB[22m[1m[22m[2m │ gzip:   4.20 kB[22m
[2mdist/[22m[36massets/connections-screen-CAsn4mPU.js                         [39m[1m[2m 11.88 kB[22m[1m[22m[2m │ gzip:   3.71 kB[22m
[2mdist/[22m[36massets/index-DODoZleO.js                                      [39m[1m[2m 11.90 kB[22m[1m[22m[2m │ gzip:   4.51 kB[22m
[2mdist/[22m[36massets/organization-screen-DR4CcAqd.js                        [39m[1m[2m 12.71 kB[22m[1m[22m[2m │ gzip:   4.19 kB[22m
[2mdist/[22m[36massets/calendar-screen-B3yDFg56.js                            [39m[1m[2m 13.24 kB[22m[1m[22m[2m │ gzip:   4.63 kB[22m
[2mdist/[22m[36massets/verify-email-screen-uPSIWDPC.js                        [39m[1m[2m 13.95 kB[22m[1m[22m[2m │ gzip:   5.57 kB[22m
[2mdist/[22m[36massets/dev-kitchen-sink-zh8ZDLT8.js                           [39m[1m[2m 14.45 kB[22m[1m[22m[2m │ gzip:   5.22 kB[22m
[2mdist/[22m[36massets/legal-screens-D7G7fTzK.js                              [39m[1m[2m 15.55 kB[22m[1m[22m[2m │ gzip:   4.91 kB[22m
[2mdist/[22m[36massets/pricing-screen-Bep04FEw.js                             [39m[1m[2m 17.11 kB[22m[1m[22m[2m │ gzip:   5.32 kB[22m
[2mdist/[22m[36massets/billing-screens-BgoZ3WjQ.js                            [39m[1m[2m 17.45 kB[22m[1m[22m[2m │ gzip:   5.15 kB[22m
[2mdist/[22m[36massets/knowledge-screen-DI61nA_q.js                           [39m[1m[2m 18.14 kB[22m[1m[22m[2m │ gzip:   6.44 kB[22m
[2mdist/[22m[36massets/use-draft-actions-Bp6HFvEo.js                          [39m[1m[2m 21.69 kB[22m[1m[22m[2m │ gzip:   7.49 kB[22m
[2mdist/[22m[36massets/index-Y82GAxpR.js                                      [39m[1m[2m 21.93 kB[22m[1m[22m[2m │ gzip:   7.98 kB[22m
[2mdist/[22m[36massets/generate-screen-D5d0yX_V.js                            [39m[1m[2m 22.42 kB[22m[1m[22m[2m │ gzip:   7.87 kB[22m
[2mdist/[22m[36massets/studio-D3fDw4ZP.js                                     [39m[1m[2m 29.81 kB[22m[1m[22m[2m │ gzip:   9.89 kB[22m
[2mdist/[22m[36massets/studio-screens-Cu8KxJaB.js                             [39m[1m[2m 38.96 kB[22m[1m[22m[2m │ gzip:  11.98 kB[22m
[2mdist/[22m[36massets/app-shell-BjQdQPYi.js                                  [39m[1m[2m 38.99 kB[22m[1m[22m[2m │ gzip:  12.69 kB[22m
[2mdist/[22m[36massets/form-wEk_QzmU.js                                       [39m[1m[2m 40.50 kB[22m[1m[22m[2m │ gzip:  14.39 kB[22m
[2mdist/[22m[36massets/analytics-screens-CPs35yqV.js                          [39m[1m[2m360.20 kB[22m[1m[22m[2m │ gzip: 108.21 kB[22m
[2mdist/[22m[36massets/index-Zm_se-OD.js                                      [39m[1m[33m685.31 kB[39m[22m[2m │ gzip: 214.41 kB[22m
[32m✓ built in 8.78s[39m
[33m
(!) Some chunks are larger than 500 kB after minification. Consider:
- Using dynamic import() to code-split the application
- Use build.rollupOptions.output.manualChunks to improve chunking: https://rollupjs.org/configuration-options/#output-manualchunks
- Adjust chunk size limit for this warning via build.chunkSizeWarningLimit.[39m
