
[1m[46m RUN [49m[22m [36mv3.2.7 [39m[90mC:/alphabeacon-web/alphabeacon-web[39m

 [31m❯[39m src/data/sign-out-landing.test.tsx [2m([22m[2m8 tests[22m[2m | [22m[31m4 failed[39m[2m)[22m[33m 4135[2mms[22m[39m
[31m   [31m×[31m a deliberate sign-out lands on the marketing home, from every route[2m > [22mfrom /today[39m[33m 1045[2mms[22m[39m
[31m     → expected '/login' to be '/' // Object.is equality

Ignored nodes: comments, script, style
[36m<html>[31m
  [36m<head />[31m
  [36m<body>[31m
    [36m<div>[31m
      [36m<div[31m
        [33mdata-testid[31m=[32m"where"[31m
      [36m>[31m
        [0m/login[0m
      [36m</div>[31m
      [36m<div>[31m
        [0mlogin screen[0m
      [36m</div>[31m
    [36m</div>[31m
  [36m</body>[31m
[36m</html>[31m...[39m
[31m   [31m×[31m a deliberate sign-out lands on the marketing home, from every route[2m > [22mfrom /billing[39m[33m 1009[2mms[22m[39m
[31m     → expected '/login' to be '/' // Object.is equality

Ignored nodes: comments, script, style
[36m<html>[31m
  [36m<head />[31m
  [36m<body>[31m
    [36m<div>[31m
      [36m<div[31m
        [33mdata-testid[31m=[32m"where"[31m
      [36m>[31m
        [0m/login[0m
      [36m</div>[31m
      [36m<div>[31m
        [0mlogin screen[0m
      [36m</div>[31m
    [36m</div>[31m
  [36m</body>[31m
[36m</html>[31m...[39m
[31m   [31m×[31m a deliberate sign-out lands on the marketing home, from every route[2m > [22mfrom /settings/organization[39m[33m 1011[2mms[22m[39m
[31m     → expected '/login' to be '/' // Object.is equality

Ignored nodes: comments, script, style
[36m<html>[31m
  [36m<head />[31m
  [36m<body>[31m
    [36m<div>[31m
      [36m<div[31m
        [33mdata-testid[31m=[32m"where"[31m
      [36m>[31m
        [0m/login[0m
      [36m</div>[31m
      [36m<div>[31m
        [0mlogin screen[0m
      [36m</div>[31m
    [36m</div>[31m
  [36m</body>[31m
[36m</html>[31m...[39m
   [32m✓[39m a deliberate sign-out lands on the marketing home, from every route[2m > [22mfrom /[32m 14[2mms[22m[39m
[31m   [31m×[31m a deliberate sign-out lands on the marketing home, from every route[2m > [22msign-out everywhere lands there too[39m[33m 1008[2mms[22m[39m
[31m     → expected '/login' to be '/' // Object.is equality

Ignored nodes: comments, script, style
[36m<html>[31m
  [36m<head />[31m
  [36m<body>[31m
    [36m<div>[31m
      [36m<div[31m
        [33mdata-testid[31m=[32m"where"[31m
      [36m>[31m
        [0m/login[0m
      [36m</div>[31m
      [36m<div>[31m
        [0mlogin screen[0m
      [36m</div>[31m
    [36m</div>[31m
  [36m</body>[31m
[36m</html>[31m...[39m
   [32m✓[39m a forced sign-out (the 401 handler clearing the session in place) lands on login, from every authed route[2m > [22mfrom /today[32m 14[2mms[22m[39m
   [32m✓[39m a forced sign-out (the 401 handler clearing the session in place) lands on login, from every authed route[2m > [22mfrom /billing[32m 17[2mms[22m[39m
   [32m✓[39m a forced sign-out (the 401 handler clearing the session in place) lands on login, from every authed route[2m > [22mfrom /settings/organization[32m 15[2mms[22m[39m

[31m⎯⎯⎯⎯⎯⎯⎯[39m[1m[41m Failed Tests 4 [49m[22m[31m⎯⎯⎯⎯⎯⎯⎯[39m

[41m[1m FAIL [22m[49m src/data/sign-out-landing.test.tsx[2m > [22ma deliberate sign-out lands on the marketing home, from every route[2m > [22mfrom /today
[41m[1m FAIL [22m[49m src/data/sign-out-landing.test.tsx[2m > [22ma deliberate sign-out lands on the marketing home, from every route[2m > [22mfrom /billing
[41m[1m FAIL [22m[49m src/data/sign-out-landing.test.tsx[2m > [22ma deliberate sign-out lands on the marketing home, from every route[2m > [22mfrom /settings/organization
[31m[1mAssertionError[22m: expected '/login' to be '/' // Object.is equality

Ignored nodes: comments, script, style
[36m<html>[31m
  [36m<head />[31m
  [36m<body>[31m
    [36m<div>[31m
      [36m<div[31m
        [33mdata-testid[31m=[32m"where"[31m
      [36m>[31m
        [0m/login[0m
      [36m</div>[31m
      [36m<div>[31m
        [0mlogin screen[0m
      [36m</div>[31m
    [36m</div>[31m
  [36m</body>[31m
[36m</html>[31m...[39m

Expected: [32m"/"[39m
Received: [31m"/[7mlogin[27m"[39m

[36m [2m❯[22m src/data/sign-out-landing.test.tsx:[2m104:43[22m[39m
    [90m102| [39m      [90m// would hold back until the action returned.[39m
    [90m103| [39m      [35mconst[39m done [33m=[39m auth[33m![39m[33m.[39m[34msignOut[39m()
    [90m104| [39m      [35mawait[39m [34mwaitFor[39m(() [33m=>[39m [34mexpect[39m([34mwhere[39m())[33m.[39m[34mtoBe[39m([32m'/'[39m))
    [90m   | [39m                                          [31m^[39m
    [90m105| [39m      [35mawait[39m done
    [90m106| [39m      expect(screen.queryByText('login screen')).not.toBeInTheDocument…
[90m [2m❯[22m runWithExpensiveErrorDiagnosticsDisabled node_modules/.pnpm/@testing-library+dom@10.4.1/node_modules/@testing-library/dom/dist/config.js:[2m47:12[22m[39m
[90m [2m❯[22m checkCallback node_modules/.pnpm/@testing-library+dom@10.4.1/node_modules/@testing-library/dom/dist/wait-for.js:[2m124:77[22m[39m
[90m [2m❯[22m Timeout.checkRealTimersCallback node_modules/.pnpm/@testing-library+dom@10.4.1/node_modules/@testing-library/dom/dist/wait-for.js:[2m118:16[22m[39m

[31m[2m⎯⎯⎯⎯⎯⎯⎯⎯⎯⎯⎯⎯⎯⎯⎯⎯⎯⎯⎯⎯⎯⎯⎯⎯[1/4]⎯[22m[39m

[41m[1m FAIL [22m[49m src/data/sign-out-landing.test.tsx[2m > [22ma deliberate sign-out lands on the marketing home, from every route[2m > [22msign-out everywhere lands there too
[31m[1mAssertionError[22m: expected '/login' to be '/' // Object.is equality

Ignored nodes: comments, script, style
[36m<html>[31m
  [36m<head />[31m
  [36m<body>[31m
    [36m<div>[31m
      [36m<div[31m
        [33mdata-testid[31m=[32m"where"[31m
      [36m>[31m
        [0m/login[0m
      [36m</div>[31m
      [36m<div>[31m
        [0mlogin screen[0m
      [36m</div>[31m
    [36m</div>[31m
  [36m</body>[31m
[36m</html>[31m...[39m

Expected: [32m"/"[39m
Received: [31m"/[7mlogin[27m"[39m

[36m [2m❯[22m src/data/sign-out-landing.test.tsx:[2m113:41[22m[39m
    [90m111| [39m    [34mmount[39m([32m'/billing'[39m)
    [90m112| [39m    [35mconst[39m done [33m=[39m auth[33m![39m[33m.[39m[34msignOutEverywhere[39m()
    [90m113| [39m    [35mawait[39m [34mwaitFor[39m(() [33m=>[39m [34mexpect[39m([34mwhere[39m())[33m.[39m[34mtoBe[39m([32m'/'[39m))
    [90m   | [39m                                        [31m^[39m
    [90m114| [39m    [35mawait[39m done
    [90m115| [39m  })
[90m [2m❯[22m runWithExpensiveErrorDiagnosticsDisabled node_modules/.pnpm/@testing-library+dom@10.4.1/node_modules/@testing-library/dom/dist/config.js:[2m47:12[22m[39m
[90m [2m❯[22m checkCallback node_modules/.pnpm/@testing-library+dom@10.4.1/node_modules/@testing-library/dom/dist/wait-for.js:[2m124:77[22m[39m
[90m [2m❯[22m Timeout.checkRealTimersCallback node_modules/.pnpm/@testing-library+dom@10.4.1/node_modules/@testing-library/dom/dist/wait-for.js:[2m118:16[22m[39m

[31m[2m⎯⎯⎯⎯⎯⎯⎯⎯⎯⎯⎯⎯⎯⎯⎯⎯⎯⎯⎯⎯⎯⎯⎯⎯[2/4]⎯[22m[39m


[2m Test Files [22m [1m[31m1 failed[39m[22m[90m (1)[39m
[2m      Tests [22m [1m[31m4 failed[39m[22m[2m | [22m[1m[32m4 passed[39m[22m[90m (8)[39m
[2m   Start at [22m 00:21:55
[2m   Duration [22m 7.74s[2m (transform 858ms, setup 348ms, collect 2.11s, tests 4.14s, environment 663ms, prepare 186ms)[22m

