
warm-up: waking the API before the suite starts (https://<api-host>/api/health)
warm-up: service awake after 2 probe(s) in 1.0s — last 2: 604ms, 107ms
warm-up: 12-way fleet warm after 1 burst(s), 1.6s total — slowest 657ms

warm-up: heartbeat started — 4 probes every 5s for the life of the run


Running 8 tests using 1 worker

    a f · GET /me/orgs → 401 · request 493ca5ee-e151-4a5c-ae2e-d52a5cf2a770
  ok 1 [chromium] › e2e\live-auth-401.spec.ts:127:1 › a fresh owner + org, made through the product (6.7s)
    1 · · GET /me → 401 · request 977bb95d-59ee-4e64-b990-049a8f0458a5
    1 · · GET /me/orgs → 401 · request 698384c9-7485-4b4e-b772-c578273a0061
    1 · · GET /me/orgs → 401 · request e46be898-3a3d-4aa7-a4c4-9468ecb4d964
    1 · · GET /me → 401 · request 5025d5ac-4a20-467b-b03a-4241f0c3481d
  ok 2 [chromium] › e2e\live-auth-401.spec.ts:137:1 › 1 · a token expired at boot on `/` lands on login with the toast (9.2s)
    2 · · GET /orgs/2354/event-sources/countries → 401 · request e6e7c125-1dcd-4c79-bb2a-9e88e46ff5bd
  ok 3 [chromium] › e2e\live-auth-401.spec.ts:145:1 › 2 · a token revoked mid-session on an authed route lands on login, not on the website (7.2s)
    3 · · GET /me → 401 · request b0d245e7-d192-47fe-875f-6a275eca2b12
    3 · · GET /me/orgs → 401 · request 25cb0bcf-c9a3-4456-bd80-5adf885c25ea
    3 · · GET /me → 401 · request 26bfec11-a5f3-429b-9202-578134f63810
    3 · · GET /me/orgs → 401 · request 1de9482b-6879-47df-be6e-af4cd62b933f
  ok 4 [chromium] › e2e\live-auth-401.spec.ts:173:1 › 3 · a boot on an authed route with a dead token lands on login, not on the website (6.3s)
    4 · · GET /orgs/2354/alphastudio/media/assets → 401 · request f20e8180-2167-4cc5-9a86-751b61ce5cea
  ok 5 [chromium] › e2e\live-auth-401.spec.ts:197:3 › 4 · a deliberate sign-out from Settings lands on the marketing home, not on login (6.8s)
  ok 6 [chromium] › e2e\live-auth-401.spec.ts:197:3 › 4 · a deliberate sign-out from Billing lands on the marketing home, not on login (6.9s)
  x  7 [chromium] › e2e\live-auth-401.spec.ts:229:1 › 5 · a deep link to /billing with no session: sign in lands on /billing (40.8s)
  -  8 [chromium] › e2e\live-auth-401.spec.ts:245:1 › 6 · a token dead on /settings/organization: sign in lands back there

warm-up: heartbeat stopped after 16 beat(s)


  1) [chromium] › e2e\live-auth-401.spec.ts:229:1 › 5 · a deep link to /billing with no session: sign in lands on /billing 

    Error: expect(page).toHaveURL(expected) failed

    Expected pattern: /\/billing$/
    Received string:  "http://localhost:5199/"
    Timeout: 40000ms

    Call log:
      - Expect "toHaveURL" with timeout 40000ms
        6 × locator resolved to <html lang="en" class="dark">…</html>
          - unexpected value "http://localhost:5199/login"
        76 × locator resolved to <html lang="en" class="dark">…</html>
           - unexpected value "http://localhost:5199/"


      236 |   await page.getByLabel('Password', { exact: true }).fill(PASSWORD)
      237 |   await page.getByRole('button', { name: 'Sign in' }).click()
    > 238 |   await expect(page).toHaveURL(/\/billing$/, { timeout: SCREEN_SYNC })
          |                      ^
      239 |   await expect(page.getByRole('heading', { name: 'Billing', level: 1 })).toBeVisible({
      240 |     timeout: SCREEN_SYNC,
      241 |   })
        at C:\alphabeacon-web\alphabeacon-web\e2e\live-auth-401.spec.ts:238:22

    Error Context: test-results\live-auth-401-5-·-a-deep-l-bc6ec-on-sign-in-lands-on-billing-chromium\error-context.md

  1 failed
    [chromium] › e2e\live-auth-401.spec.ts:229:1 › 5 · a deep link to /billing with no session: sign in lands on /billing 
  1 did not run
  6 passed (1.5m)
