warm-up: skipped — the runner warmed the fleet and keeps the heartbeat (GATE-0910 §3.2)

Running 3 tests using 1 worker

  ok 1 [chromium] › e2e\live-media-capabilities.spec.ts:328:1 › a fresh owner + org, made through the product (5.6s)
  ok 2 [chromium] › e2e\live-media-capabilities.spec.ts:338:1 › every granted capability: the document’s example stops at the wallet (402), its trap before it (400) — zero spend (44.6s)
  x  3 [chromium] › e2e\live-media-capabilities.spec.ts:413:1 › the Studio grid lists what the catalog grants, by name, with the catalog’s price (5.0m)


  1) [chromium] › e2e\live-media-capabilities.spec.ts:413:1 › the Studio grid lists what the catalog grants, by name, with the catalog’s price 

    Test timeout of 300000ms exceeded.

    Error: locator.fill: Test timeout of 300000ms exceeded.
    Call log:
      - waiting for getByLabel('Add a topic')


       at live-setup.ts:410

      408 |   await page.getByRole('button', { name: 'Add source' }).click()
      409 |   await expect(page.getByText('Source added')).toBeVisible({ timeout: SCREEN_SYNC })
    > 410 |   await page.getByLabel('Add a topic').fill('single origin')
          |                                        ^
      411 |   await page.keyboard.press('Enter')
      412 |   await expect(page.getByText('single origin')).toBeVisible()
      413 |   // The topic chip is optimistic; let its POST land before navigating away.
        at completeBrandSetup (C:\alphabeacon-web\alphabeacon-web\e2e\live-setup.ts:410:40)
        at C:\alphabeacon-web\alphabeacon-web\e2e\live-media-capabilities.spec.ts:421:3

    Error Context: .gate\artifacts\20260910-125038\round-1\live-media-capabilities\live-media-capabilities-th-59f90-me-with-the-catalog’s-price-chromium\error-context.md

  Slow test file: [chromium] › e2e\live-media-capabilities.spec.ts (5.8m)
  Consider running tests from slow files in parallel. See: https://playwright.dev/docs/test-parallel
  1 failed
    [chromium] › e2e\live-media-capabilities.spec.ts:413:1 › the Studio grid lists what the catalog grants, by name, with the catalog’s price 
  2 passed (5.9m)
