warm-up: skipped — the runner warmed the fleet and keeps the heartbeat (GATE-0910 §3.2)

Running 4 tests using 1 worker

  x  1 [chromium] › e2e\live-country.spec.ts:55:1 › a fresh workspace has NO country, and I1 is where one is set (3.0m)
  -  2 [chromium] › e2e\live-country.spec.ts:104:1 › the calendar carries real holidays, each with the rules for that day
  -  3 [chromium] › e2e\live-country.spec.ts:153:1 › re-saving the same country is a quiet no-op, not a fake reload
  -  4 [chromium] › e2e\live-country.spec.ts:183:1 › C2 no longer offers an event source it cannot create


  1) [chromium] › e2e\live-country.spec.ts:55:1 › a fresh workspace has NO country, and I1 is where one is set 

    Test timeout of 180000ms exceeded.

    Error: locator.selectOption: Test timeout of 180000ms exceeded.
    Call log:
      - waiting for locator('#i1-country')


      79 |   await page.getByRole('link', { name: 'Settings' }).first().click()
      80 |   await expect(page.locator('[aria-busy="true"]')).toHaveCount(0, { timeout: SCREEN_SYNC })
    > 81 |   await page.locator('#i1-country').selectOption('JO')
         |                                     ^
      82 |   await page.getByRole('button', { name: 'Save country' }).click()
      83 |   await expect(page.getByText(/public holidays loaded for the year/)).toBeVisible({
      84 |     timeout: AFTER_COUNTRY,
        at C:\alphabeacon-web\alphabeacon-web\e2e\live-country.spec.ts:81:37

    Error Context: .gate\artifacts\20260910-125038\round-1\live-country\live-country-a-fresh-works-01c96--and-I1-is-where-one-is-set-chromium\error-context.md

  1 failed
    [chromium] › e2e\live-country.spec.ts:55:1 › a fresh workspace has NO country, and I1 is where one is set 
  3 did not run
