
> alphabeacon-web@0.0.0 verify:all C:\alphabeacon-web\alphabeacon-web
> tsx scripts/verify-all.ts "--workers" "1"

verify:all on tree 535e07b93ff1 (2026-09-15T13:04:03.882Z)

=== lint === pnpm lint
> alphabeacon-web@0.0.0 lint C:\alphabeacon-web\alphabeacon-web
> eslint .
--- lint: ok in 9.0 s

=== typecheck === pnpm typecheck
> alphabeacon-web@0.0.0 typecheck C:\alphabeacon-web\alphabeacon-web
> tsc -b
--- typecheck: ok in 15.0 s

=== guard-static === pnpm guard:static
> alphabeacon-web@0.0.0 guard:static C:\alphabeacon-web\alphabeacon-web
> tsx scripts/guard-static.ts

guard-static: 377 files clean
--- guard-static: ok in 0.8 s

=== unit === pnpm exec vitest run --reporter=default --reporter=json --outputFile="C:\alphabeacon-web\alphabeacon-web\.gate\reports\unit.json"
 [32m✓[39m src/data/adapters/org-selection.test.ts [2m([22m[2m7 tests[22m[2m)[22m[32m 7[2mms[22m[39m
 [32m✓[39m src/data/adapters/notification-adapter.test.ts [2m([22m[2m3 tests[22m[2m)[22m[32m 5[2mms[22m[39m
 [32m✓[39m src/data/proposals.test.ts [2m([22m[2m4 tests[22m[2m)[22m[32m 8[2mms[22m[39m
 [32m✓[39m src/features/studio/use-create-visual.test.ts [2m([22m[2m7 tests[22m[2m)[22m[32m 4[2mms[22m[39m
 [32m✓[39m src/features/settings/tone-fields.test.ts [2m([22m[2m2 tests[22m[2m)[22m[32m 3[2mms[22m[39m

[2m Test Files [22m [1m[32m73 passed[39m[22m[90m (73)[39m
[2m      Tests [22m [1m[32m825 passed[39m[22m[90m (825)[39m
[2m   Start at [22m 16:04:30
[2m   Duration [22m 24.15s[2m (transform 4.64s, setup 53.91s, collect 31.31s, tests 16.21s, environment 106.37s, prepare 19.07s)[22m

JSON report written to C:/alphabeacon-web/alphabeacon-web/.gate/reports/unit.json
--- unit: ok in 25.6 s

=== build === pnpm build
[2mdist/[22m[36massets/studio-C4KX2p7t.js                                     [39m[1m[2m 29.81 kB[22m[1m[22m[2m │ gzip:   9.89 kB[22m
[2mdist/[22m[36massets/studio-screens-BYkNSbMB.js                             [39m[1m[2m 39.11 kB[22m[1m[22m[2m │ gzip:  11.98 kB[22m
[2mdist/[22m[36massets/app-shell-DWe-vntR.js                                  [39m[1m[2m 40.27 kB[22m[1m[22m[2m │ gzip:  13.16 kB[22m
[2mdist/[22m[36massets/form-D1ndWIAa.js                                       [39m[1m[2m 40.50 kB[22m[1m[22m[2m │ gzip:  14.39 kB[22m
[2mdist/[22m[36massets/analytics-screens-Br58mfvB.js                          [39m[1m[2m360.19 kB[22m[1m[22m[2m │ gzip: 108.19 kB[22m
[2mdist/[22m[36massets/index-q-LiT0PY.js                                      [39m[1m[33m695.51 kB[39m[22m[2m │ gzip: 217.86 kB[22m
[32m✓ built in 9.27s[39m
[33m
(!) Some chunks are larger than 500 kB after minification. Consider:
- Using dynamic import() to code-split the application
- Use build.rollupOptions.output.manualChunks to improve chunking: https://rollupjs.org/configuration-options/#output-manualchunks
- Adjust chunk size limit for this warning via build.chunkSizeWarningLimit.[39m
--- build: ok in 25.4 s

=== e2e === pnpm exec playwright install chromium && pnpm exec playwright test --reporter=list,json --workers=1
  ok 199 [chromium] › e2e\today-queue.spec.ts:32:1 › the queue groups drafts by slot and offers only legal actions (1.7s)
  ok 200 [chromium] › e2e\today-queue.spec.ts:44:1 › @golden approving moves the card and updates the dashboard in the same session (2.9s)
  ok 201 [chromium] › e2e\today-queue.spec.ts:71:1 › generating media spends credits, and the balance follows (6.2s)
  ok 202 [chromium] › e2e\today-queue.spec.ts:96:1 › a short balance refuses the run and keeps the prompt (3.7s)
  ok 203 [chromium] › e2e\today-queue.spec.ts:111:1 › scheduling reports per channel, and a re-auth channel cannot be picked (3.5s)
  ok 204 [chromium] › e2e\today-queue.spec.ts:134:1 › draft detail shows the timeline and mirrors the queue actions (2.6s)
  ok 205 [chromium] › e2e\today-queue.spec.ts:147:1 › rejecting asks why, and the draft leaves the queue (2.7s)
  ok 206 [chromium] › e2e\today-queue.spec.ts:160:1 › @axe the queue and draft detail scan clean (2.8s)
  ok 207 [chromium] › e2e\today-queue.spec.ts:169:1 › @axe the Approve toast is readable from its first frame — it rises, it does not fade (item 76) (3.6s)

  90 skipped
  117 passed (5.7m)
--- e2e: ok in 346.8 s

verify:all summary
lint           PASS  9 s
typecheck      PASS  15 s
guard-static   PASS  1 s
unit           PASS  26 s
build          PASS  25 s
e2e            PASS  347 s
unit: 825 passed / 0 failed / 73 files
e2e: 117 passed / 90 skipped / 0 failed
report: .gate\reports\verify.json for tree 535e07b93ff1
RESULT: PASS
