
warm-up: waking the API before the suite starts (https://<api-host>/health)
warm-up: service awake after 2 probe(s) in 0.6s — last 2: 215ms, 78ms
warm-up: burst 1 — slowest of 12 was 200 in 227ms — fleet not warm yet
warm-up: burst 2 — slowest of 12 was 200 in 79ms — fleet not warm yet
warm-up: burst 3 — slowest of 12 was 200 in 76ms — fleet not warm yet
warm-up: burst 4 — slowest of 12 was 200 in 81ms — fleet not warm yet
warm-up: burst 5 — slowest of 12 was 200 in 81ms — fleet not warm yet
warm-up: burst 6 — slowest of 12 was 200 in 77ms — fleet not warm yet
warm-up: burst 7 — slowest of 12 was 200 in 78ms — fleet not warm yet
warm-up: burst 8 — slowest of 12 was 200 in 82ms — fleet not warm yet
warm-up: burst 9 — slowest of 12 was 200 in 85ms — fleet not warm yet
warm-up: burst 10 — slowest of 12 was 200 in 89ms — fleet not warm yet
warm-up: burst 11 — slowest of 12 was 200 in 77ms — fleet not warm yet
warm-up: burst 12 — slowest of 12 was 200 in 83ms — fleet not warm yet
warm-up: burst 13 — slowest of 12 was 200 in 80ms — fleet not warm yet
warm-up: burst 14 — slowest of 12 was 200 in 81ms — fleet not warm yet
warm-up: burst 15 — slowest of 12 was 200 in 84ms — fleet not warm yet
warm-up: burst 16 — slowest of 12 was 200 in 81ms — fleet not warm yet
warm-up: burst 17 — slowest of 12 was 200 in 83ms — fleet not warm yet
warm-up: burst 18 — slowest of 12 was 200 in 82ms — fleet not warm yet
warm-up: burst 19 — slowest of 12 was 200 in 84ms — fleet not warm yet
warm-up: burst 20 — slowest of 12 was 200 in 75ms — fleet not warm yet
warm-up: 12-way fleet warm after 21 burst(s), 7.7s total — slowest 84ms

warm-up: heartbeat started — 4 probes every 5s for the life of the run


Running 1 test using 1 worker

  ok 1 [chromium] › e2e\live-notifications.spec.ts:33:1 › the inbox endpoints hold their contract, and the bell tells the truth (9.9s)

warm-up: heartbeat stopped after 2 beat(s)

  1 passed (19.5s)
