
warm-up: waking the API before the suite starts (https://<api-host>/health)
warm-up: service awake after 2 probe(s) in 0.6s — last 2: 216ms, 76ms
warm-up: burst 1 — slowest of 12 was 200 in 591ms — fleet not warm yet
warm-up: burst 2 — slowest of 12 was 200 in 76ms — fleet not warm yet
warm-up: burst 3 — slowest of 12 was 200 in 75ms — fleet not warm yet
warm-up: burst 4 — slowest of 12 was 200 in 75ms — fleet not warm yet
warm-up: burst 5 — slowest of 12 was 200 in 77ms — fleet not warm yet
warm-up: burst 6 — slowest of 12 was 200 in 76ms — fleet not warm yet
warm-up: burst 7 — slowest of 12 was 200 in 77ms — fleet not warm yet
warm-up: burst 8 — slowest of 12 was 200 in 106ms — fleet not warm yet
warm-up: burst 9 — slowest of 12 was 200 in 76ms — fleet not warm yet
warm-up: burst 10 — slowest of 12 was 200 in 77ms — fleet not warm yet
warm-up: burst 11 — slowest of 12 was 200 in 81ms — fleet not warm yet
warm-up: burst 12 — slowest of 12 was 200 in 81ms — fleet not warm yet
warm-up: burst 13 — slowest of 12 was 200 in 76ms — fleet not warm yet
warm-up: burst 14 — slowest of 12 was 200 in 81ms — fleet not warm yet
warm-up: burst 15 — slowest of 12 was 200 in 77ms — fleet not warm yet
warm-up: burst 16 — slowest of 12 was 200 in 81ms — fleet not warm yet
warm-up: burst 17 — slowest of 12 was 200 in 87ms — fleet not warm yet
warm-up: burst 18 — slowest of 12 was 200 in 77ms — fleet not warm yet
warm-up: burst 19 — slowest of 12 was 200 in 77ms — fleet not warm yet
warm-up: burst 20 — slowest of 12 was 200 in 81ms — fleet not warm yet
warm-up: burst 21 — slowest of 12 was 200 in 77ms — fleet not warm yet
warm-up: burst 22 — slowest of 12 was 200 in 78ms — fleet not warm yet
warm-up: burst 23 — slowest of 12 was 200 in 77ms — fleet not warm yet
warm-up: burst 24 — slowest of 12 was 200 in 76ms — fleet not warm yet
warm-up: burst 25 — slowest of 12 was 200 in 76ms — fleet not warm yet
warm-up: burst 26 — slowest of 12 was 200 in 77ms — fleet not warm yet
warm-up: burst 27 — slowest of 12 was 200 in 77ms — fleet not warm yet
warm-up: burst 28 — slowest of 12 was 200 in 77ms — fleet not warm yet
warm-up: burst 29 — slowest of 12 was 200 in 77ms — fleet not warm yet
warm-up: burst 30 — slowest of 12 was 200 in 77ms — fleet not warm yet
warm-up: burst 31 — slowest of 12 was 200 in 78ms — fleet not warm yet
warm-up: burst 32 — slowest of 12 was 200 in 82ms — fleet not warm yet
warm-up: burst 33 — slowest of 12 was 200 in 76ms — fleet not warm yet
warm-up: burst 34 — slowest of 12 was 200 in 77ms — fleet not warm yet
warm-up: burst 35 — slowest of 12 was 200 in 76ms — fleet not warm yet
warm-up: burst 36 — slowest of 12 was 200 in 77ms — fleet not warm yet
warm-up: burst 37 — slowest of 12 was 200 in 76ms — fleet not warm yet
warm-up: burst 38 — slowest of 12 was 200 in 80ms — fleet not warm yet
warm-up: burst 39 — slowest of 12 was 200 in 76ms — fleet not warm yet
warm-up: burst 40 — slowest of 12 was 200 in 78ms — fleet not warm yet
warm-up: burst 41 — slowest of 12 was 200 in 76ms — fleet not warm yet
warm-up: burst 42 — slowest of 12 was 200 in 76ms — fleet not warm yet
warm-up: burst 43 — slowest of 12 was 200 in 83ms — fleet not warm yet
warm-up: burst 44 — slowest of 12 was 200 in 77ms — fleet not warm yet
warm-up: burst 45 — slowest of 12 was 200 in 75ms — fleet not warm yet
warm-up: burst 46 — slowest of 12 was 200 in 76ms — fleet not warm yet
warm-up: burst 47 — slowest of 12 was 200 in 77ms — fleet not warm yet
warm-up: burst 48 — slowest of 12 was 200 in 77ms — fleet not warm yet
warm-up: burst 49 — slowest of 12 was 200 in 77ms — fleet not warm yet
warm-up: burst 50 — slowest of 12 was 200 in 81ms — fleet not warm yet
warm-up: burst 51 — slowest of 12 was 200 in 77ms — fleet not warm yet
warm-up: 12-way fleet warm after 52 burst(s), 18.4s total — slowest 96ms

warm-up: heartbeat started — 4 probes every 5s for the life of the run


Running 6 tests using 1 worker

  ok 1 [chromium] › e2e\live-team.spec.ts:75:1 › verifying creates the org LIVE; the dashboard follows immediately (6.7s)
  x  2 [chromium] › e2e\live-team.spec.ts:87:1 › I1 renames the org through PATCH, and the name survives a reload (41.9s)
  -  3 [chromium] › e2e\live-team.spec.ts:112:1 › change-password keeps this session and only the new password works after
  -  4 [chromium] › e2e\live-team.spec.ts:138:1 › inviting a NEW user: coded email, resend rate-limits honestly, cancel removes
  -  5 [chromium] › e2e\live-team.spec.ts:162:1 › inviting an EXISTING user adds them immediately, and the role ladder holds
  -  6 [chromium] › e2e\live-team.spec.ts:247:1 › an ADMIN viewing a team with an owner: no remove on the owner, no role selects at all

warm-up: heartbeat stopped after 10 beat(s)


  1) [chromium] › e2e\live-team.spec.ts:87:1 › I1 renames the org through PATCH, and the name survives a reload 

    Error: expect(locator).toHaveValue(expected) failed

    Locator: getByLabel('Organization name')
    Expected: "QA Live Org 1789044156794047"
    Timeout: 40000ms
    Error: element(s) not found

    Call log:
      - Expect "toHaveValue" with timeout 40000ms
      - waiting for getByLabel('Organization name')


      94 |   await page.getByRole('link', { name: 'Settings' }).first().click()
      95 |   // The screen's whole sync — live-red-2026-08-23.
    > 96 |   await expect(page.getByLabel('Organization name')).toHaveValue(ORG_NAME, {
         |                                                      ^
      97 |     timeout: SCREEN_SYNC,
      98 |   })
      99 |   await page.getByLabel('Organization name').fill(ORG_RENAMED)
        at C:\alphabeacon-web\alphabeacon-web\e2e\live-team.spec.ts:96:54

    Error Context: .gate\artifacts\20260910-123443\round-1\live-team\live-team-I1-renames-the-o-8ca60--the-name-survives-a-reload-chromium\error-context.md

  1 failed
    [chromium] › e2e\live-team.spec.ts:87:1 › I1 renames the org through PATCH, and the name survives a reload 
  4 did not run
  1 passed (1.2m)
