
warm-up: waking the API before the suite starts (https://<api-host>/health)
warm-up: service awake after 2 probe(s) in 0.6s — last 2: 263ms, 77ms
warm-up: burst 1 — slowest of 12 was 200 in 245ms — fleet not warm yet
warm-up: burst 2 — slowest of 12 was 200 in 92ms — fleet not warm yet
warm-up: burst 3 — slowest of 12 was 200 in 80ms — fleet not warm yet
warm-up: burst 4 — slowest of 12 was 429 in 80ms — fleet not warm yet
warm-up: burst 5 — slowest of 12 was 200 in 75ms — fleet not warm yet
warm-up: burst 6 — slowest of 12 was 200 in 80ms — fleet not warm yet
warm-up: burst 7 — slowest of 12 was 200 in 77ms — fleet not warm yet
warm-up: burst 8 — slowest of 12 was 200 in 76ms — fleet not warm yet
warm-up: burst 9 — slowest of 12 was 200 in 74ms — fleet not warm yet
warm-up: burst 10 — slowest of 12 was 200 in 74ms — fleet not warm yet
warm-up: burst 11 — slowest of 12 was 429 in 78ms — fleet not warm yet
warm-up: burst 12 — slowest of 12 was 200 in 76ms — fleet not warm yet
warm-up: burst 13 — slowest of 12 was 200 in 75ms — fleet not warm yet
warm-up: burst 14 — slowest of 12 was 200 in 77ms — fleet not warm yet
warm-up: burst 15 — slowest of 12 was 200 in 74ms — fleet not warm yet
warm-up: burst 16 — slowest of 12 was 200 in 73ms — fleet not warm yet
warm-up: burst 17 — slowest of 12 was 200 in 80ms — fleet not warm yet
warm-up: burst 18 — slowest of 12 was 200 in 74ms — fleet not warm yet
warm-up: burst 19 — slowest of 12 was 200 in 74ms — fleet not warm yet
warm-up: burst 20 — slowest of 12 was 200 in 74ms — fleet not warm yet
warm-up: burst 21 — slowest of 12 was 200 in 74ms — fleet not warm yet
warm-up: burst 22 — slowest of 12 was 200 in 74ms — fleet not warm yet
warm-up: burst 23 — slowest of 12 was 200 in 74ms — fleet not warm yet
warm-up: burst 24 — slowest of 12 was 200 in 80ms — fleet not warm yet
warm-up: burst 25 — slowest of 12 was 200 in 75ms — fleet not warm yet
warm-up: burst 26 — slowest of 12 was 200 in 79ms — fleet not warm yet
warm-up: burst 27 — slowest of 12 was 200 in 77ms — fleet not warm yet
warm-up: burst 28 — slowest of 12 was 200 in 80ms — fleet not warm yet
warm-up: burst 29 — slowest of 12 was 200 in 75ms — fleet not warm yet
warm-up: burst 30 — slowest of 12 was 200 in 74ms — fleet not warm yet
warm-up: burst 31 — slowest of 12 was 200 in 86ms — fleet not warm yet
warm-up: burst 32 — slowest of 12 was 200 in 74ms — fleet not warm yet
warm-up: burst 33 — slowest of 12 was 200 in 83ms — fleet not warm yet
warm-up: burst 34 — slowest of 12 was 200 in 80ms — fleet not warm yet
warm-up: burst 35 — slowest of 12 was 200 in 73ms — fleet not warm yet
warm-up: burst 36 — slowest of 12 was 200 in 74ms — fleet not warm yet
warm-up: burst 37 — slowest of 12 was 200 in 74ms — fleet not warm yet
warm-up: burst 38 — slowest of 12 was 200 in 81ms — fleet not warm yet
warm-up: burst 39 — slowest of 12 was 200 in 77ms — fleet not warm yet
warm-up: burst 40 — slowest of 12 was 200 in 84ms — fleet not warm yet
warm-up: burst 41 — slowest of 12 was 200 in 78ms — fleet not warm yet
warm-up: burst 42 — slowest of 12 was 200 in 79ms — fleet not warm yet
warm-up: burst 43 — slowest of 12 was 200 in 78ms — fleet not warm yet
warm-up: burst 44 — slowest of 12 was 200 in 87ms — fleet not warm yet
warm-up: burst 45 — slowest of 12 was 200 in 77ms — fleet not warm yet
warm-up: burst 46 — slowest of 12 was 200 in 77ms — fleet not warm yet
warm-up: burst 47 — slowest of 12 was 200 in 75ms — fleet not warm yet
warm-up: burst 48 — slowest of 12 was 200 in 81ms — fleet not warm yet
warm-up: burst 49 — slowest of 12 was 200 in 76ms — fleet not warm yet
warm-up: burst 50 — slowest of 12 was 200 in 80ms — fleet not warm yet
warm-up: burst 51 — slowest of 12 was 200 in 87ms — fleet not warm yet
warm-up: burst 52 — slowest of 12 was 200 in 75ms — fleet not warm yet
warm-up: burst 53 — slowest of 12 was 200 in 77ms — fleet not warm yet
warm-up: burst 54 — slowest of 12 was 200 in 82ms — fleet not warm yet
warm-up: burst 55 — slowest of 12 was 200 in 77ms — fleet not warm yet
warm-up: burst 56 — slowest of 12 was 200 in 78ms — fleet not warm yet
warm-up: burst 57 — slowest of 12 was 429 in 82ms — fleet not warm yet
warm-up: burst 58 — slowest of 12 was 200 in 80ms — fleet not warm yet
warm-up: burst 59 — slowest of 12 was 200 in 76ms — fleet not warm yet
warm-up: burst 60 — slowest of 12 was 200 in 74ms — fleet not warm yet
warm-up: burst 61 — slowest of 12 was 200 in 76ms — fleet not warm yet
warm-up: burst 62 — slowest of 12 was 200 in 78ms — fleet not warm yet
warm-up: burst 63 — slowest of 12 was 200 in 81ms — fleet not warm yet
warm-up: burst 64 — slowest of 12 was 200 in 86ms — fleet not warm yet
warm-up: burst 65 — slowest of 12 was 200 in 74ms — fleet not warm yet
warm-up: burst 66 — slowest of 12 was 200 in 77ms — fleet not warm yet
warm-up: burst 67 — slowest of 12 was 200 in 78ms — fleet not warm yet
warm-up: burst 68 — slowest of 12 was 200 in 76ms — fleet not warm yet
warm-up: burst 69 — slowest of 12 was 200 in 74ms — fleet not warm yet
warm-up: burst 70 — slowest of 12 was 200 in 76ms — fleet not warm yet
warm-up: burst 71 — slowest of 12 was 200 in 79ms — fleet not warm yet
warm-up: burst 72 — slowest of 12 was 200 in 76ms — fleet not warm yet
warm-up: burst 73 — slowest of 12 was 200 in 76ms — fleet not warm yet
warm-up: burst 74 — slowest of 12 was 200 in 76ms — fleet not warm yet
warm-up: burst 75 — slowest of 12 was 200 in 80ms — fleet not warm yet
warm-up: burst 76 — slowest of 12 was 200 in 75ms — fleet not warm yet
warm-up: burst 77 — slowest of 12 was 200 in 80ms — fleet not warm yet
warm-up: burst 78 — slowest of 12 was 200 in 78ms — fleet not warm yet
warm-up: burst 79 — slowest of 12 was 200 in 79ms — fleet not warm yet
warm-up: burst 80 — slowest of 12 was 200 in 75ms — fleet not warm yet
warm-up: burst 81 — slowest of 12 was 200 in 78ms — fleet not warm yet
warm-up: burst 82 — slowest of 12 was 200 in 75ms — fleet not warm yet
warm-up: burst 83 — slowest of 12 was 200 in 79ms — fleet not warm yet
warm-up: burst 84 — slowest of 12 was 200 in 77ms — fleet not warm yet
warm-up: burst 85 — slowest of 12 was 200 in 77ms — fleet not warm yet
warm-up: burst 86 — slowest of 12 was 200 in 87ms — fleet not warm yet
warm-up: burst 87 — slowest of 12 was 200 in 78ms — fleet not warm yet
warm-up: burst 88 — slowest of 12 was 200 in 75ms — fleet not warm yet
warm-up: 12-way fleet warm after 89 burst(s), 30.4s total — slowest 89ms

warm-up: heartbeat started — 4 probes every 5s for the life of the run


Running 5 tests using 1 worker

  x  1 [chromium] › e2e\live-proposals.spec.ts:48:1 › a fresh owner + org, with its brand set up (4.0m)
  -  2 [chromium] › e2e\live-proposals.spec.ts:88:1 › one balanced run — the drafts it produces become the proposals under test
  -  3 [chromium] › e2e\live-proposals.spec.ts:103:1 › after a RELOAD, Today shows the draft from the ledger
  -  4 [chromium] › e2e\live-proposals.spec.ts:123:1 › approving records it as posted, and the decision survives a reload
  -  5 [chromium] › e2e\live-proposals.spec.ts:173:1 › declining asks why, keeps the row, and is reversible

warm-up: heartbeat stopped after 48 beat(s)


  1) [chromium] › e2e\live-proposals.spec.ts:48:1 › a fresh owner + org, with its brand set up ─────

    Test timeout of 240000ms exceeded.

    Error: locator.fill: Test timeout of 240000ms exceeded.
    Call log:
      - waiting for getByLabel('Add a source')


       at live-setup.ts:407

      405 |
      406 |   await openSettingsTab(page, 'Sources & topics')
    > 407 |   await page.getByLabel('Add a source').fill('perfectdailygrind.com/feed')
          |                                         ^
      408 |   await page.getByRole('button', { name: 'Add source' }).click()
      409 |   await expect(page.getByText('Source added')).toBeVisible({ timeout: SCREEN_SYNC })
      410 |   await page.getByLabel('Add a topic').fill('single origin')
        at completeBrandSetup (C:\alphabeacon-web\alphabeacon-web\e2e\live-setup.ts:407:41)
        at C:\alphabeacon-web\alphabeacon-web\e2e\live-proposals.spec.ts:60:3

    Error Context: .gate\artifacts\20260910-123443\round-1\live-proposals\live-proposals-a-fresh-owner-org-with-its-brand-set-up-chromium\error-context.md

  1 failed
    [chromium] › e2e\live-proposals.spec.ts:48:1 › a fresh owner + org, with its brand set up ──────
  4 did not run
