
warm-up: waking the API before the suite starts (https://<api-host>/health)
warm-up: service awake after 2 probe(s) in 0.5s — last 2: 220ms, 76ms
warm-up: burst 1 — slowest of 12 was 200 in 215ms — fleet not warm yet
warm-up: burst 2 — slowest of 12 was 200 in 82ms — fleet not warm yet
warm-up: burst 3 — slowest of 12 was 200 in 77ms — fleet not warm yet
warm-up: burst 4 — slowest of 12 was 200 in 75ms — fleet not warm yet
warm-up: burst 5 — slowest of 12 was 200 in 77ms — fleet not warm yet
warm-up: burst 6 — slowest of 12 was 200 in 81ms — fleet not warm yet
warm-up: burst 7 — slowest of 12 was 200 in 79ms — fleet not warm yet
warm-up: burst 8 — slowest of 12 was 200 in 78ms — fleet not warm yet
warm-up: burst 9 — slowest of 12 was 200 in 75ms — fleet not warm yet
warm-up: burst 10 — slowest of 12 was 200 in 75ms — fleet not warm yet
warm-up: burst 11 — slowest of 12 was 200 in 78ms — fleet not warm yet
warm-up: burst 12 — slowest of 12 was 200 in 76ms — fleet not warm yet
warm-up: burst 13 — slowest of 12 was 200 in 83ms — fleet not warm yet
warm-up: burst 14 — slowest of 12 was 200 in 80ms — fleet not warm yet
warm-up: burst 15 — slowest of 12 was 200 in 75ms — fleet not warm yet
warm-up: burst 16 — slowest of 12 was 200 in 81ms — fleet not warm yet
warm-up: burst 17 — slowest of 12 was 200 in 76ms — fleet not warm yet
warm-up: burst 18 — slowest of 12 was 200 in 77ms — fleet not warm yet
warm-up: burst 19 — slowest of 12 was 200 in 75ms — fleet not warm yet
warm-up: burst 20 — slowest of 12 was 200 in 81ms — fleet not warm yet
warm-up: burst 21 — slowest of 12 was 200 in 76ms — fleet not warm yet
warm-up: burst 22 — slowest of 12 was 200 in 75ms — fleet not warm yet
warm-up: burst 23 — slowest of 12 was 200 in 75ms — fleet not warm yet
warm-up: burst 24 — slowest of 12 was 200 in 78ms — fleet not warm yet
warm-up: burst 25 — slowest of 12 was 200 in 82ms — fleet not warm yet
warm-up: burst 26 — slowest of 12 was 200 in 79ms — fleet not warm yet
warm-up: burst 27 — slowest of 12 was 200 in 75ms — fleet not warm yet
warm-up: burst 28 — slowest of 12 was 200 in 75ms — fleet not warm yet
warm-up: burst 29 — slowest of 12 was 200 in 76ms — fleet not warm yet
warm-up: burst 30 — slowest of 12 was 200 in 77ms — fleet not warm yet
warm-up: burst 31 — slowest of 12 was 200 in 80ms — fleet not warm yet
warm-up: burst 32 — slowest of 12 was 200 in 76ms — fleet not warm yet
warm-up: burst 33 — slowest of 12 was 200 in 76ms — fleet not warm yet
warm-up: burst 34 — slowest of 12 was 200 in 84ms — fleet not warm yet
warm-up: burst 35 — slowest of 12 was 200 in 77ms — fleet not warm yet
warm-up: burst 36 — slowest of 12 was 200 in 76ms — fleet not warm yet
warm-up: burst 37 — slowest of 12 was 200 in 77ms — fleet not warm yet
warm-up: burst 38 — slowest of 12 was 200 in 79ms — fleet not warm yet
warm-up: burst 39 — slowest of 12 was 200 in 76ms — fleet not warm yet
warm-up: burst 40 — slowest of 12 was 200 in 78ms — fleet not warm yet
warm-up: burst 41 — slowest of 12 was 200 in 76ms — fleet not warm yet
warm-up: burst 42 — slowest of 12 was 200 in 76ms — fleet not warm yet
warm-up: burst 43 — slowest of 12 was 200 in 75ms — fleet not warm yet
warm-up: burst 44 — slowest of 12 was 200 in 79ms — fleet not warm yet
warm-up: burst 45 — slowest of 12 was 200 in 78ms — fleet not warm yet
warm-up: burst 46 — slowest of 12 was 200 in 76ms — fleet not warm yet
warm-up: burst 47 — slowest of 12 was 200 in 78ms — fleet not warm yet
warm-up: burst 48 — slowest of 12 was 200 in 83ms — fleet not warm yet
warm-up: burst 49 — slowest of 12 was 200 in 282ms — fleet not warm yet
warm-up: burst 50 — slowest of 12 was 200 in 80ms — fleet not warm yet
warm-up: burst 51 — slowest of 12 was 200 in 75ms — fleet not warm yet
warm-up: burst 52 — slowest of 12 was 200 in 83ms — fleet not warm yet
warm-up: burst 53 — slowest of 12 was 200 in 75ms — fleet not warm yet
warm-up: burst 54 — slowest of 12 was 200 in 77ms — fleet not warm yet
warm-up: burst 55 — slowest of 12 was 200 in 78ms — fleet not warm yet
warm-up: burst 56 — slowest of 12 was 200 in 76ms — fleet not warm yet
warm-up: burst 57 — slowest of 12 was 200 in 75ms — fleet not warm yet
warm-up: burst 58 — slowest of 12 was 200 in 77ms — fleet not warm yet
warm-up: burst 59 — slowest of 12 was 200 in 82ms — fleet not warm yet
warm-up: burst 60 — slowest of 12 was 200 in 87ms — fleet not warm yet
warm-up: burst 61 — slowest of 12 was 200 in 79ms — fleet not warm yet
warm-up: burst 62 — slowest of 12 was 200 in 77ms — fleet not warm yet
warm-up: burst 63 — slowest of 12 was 200 in 76ms — fleet not warm yet
warm-up: burst 64 — slowest of 12 was 200 in 76ms — fleet not warm yet
warm-up: burst 65 — slowest of 12 was 200 in 76ms — fleet not warm yet
warm-up: burst 66 — slowest of 12 was 200 in 76ms — fleet not warm yet
warm-up: burst 67 — slowest of 12 was 200 in 76ms — fleet not warm yet
warm-up: burst 68 — slowest of 12 was 200 in 77ms — fleet not warm yet
warm-up: burst 69 — slowest of 12 was 200 in 77ms — fleet not warm yet
warm-up: burst 70 — slowest of 12 was 200 in 76ms — fleet not warm yet
warm-up: burst 71 — slowest of 12 was 200 in 75ms — fleet not warm yet
warm-up: burst 72 — slowest of 12 was 200 in 75ms — fleet not warm yet
warm-up: burst 73 — slowest of 12 was 200 in 74ms — fleet not warm yet
warm-up: burst 74 — slowest of 12 was 200 in 87ms — fleet not warm yet
warm-up: burst 75 — slowest of 12 was 200 in 84ms — fleet not warm yet
warm-up: burst 76 — slowest of 12 was 200 in 76ms — fleet not warm yet
warm-up: burst 77 — slowest of 12 was 200 in 76ms — fleet not warm yet
warm-up: burst 78 — slowest of 12 was 200 in 76ms — fleet not warm yet
warm-up: burst 79 — slowest of 12 was 200 in 78ms — fleet not warm yet
warm-up: burst 80 — slowest of 12 was 200 in 78ms — fleet not warm yet
warm-up: burst 81 — slowest of 12 was 200 in 75ms — fleet not warm yet
warm-up: burst 82 — slowest of 12 was 200 in 95ms — fleet not warm yet
warm-up: burst 83 — slowest of 12 was 200 in 80ms — fleet not warm yet
warm-up: burst 84 — slowest of 12 was 429 in 76ms — fleet not warm yet
warm-up: burst 85 — slowest of 12 was 200 in 83ms — fleet not warm yet
warm-up: burst 86 — slowest of 12 was 200 in 78ms — fleet not warm yet
warm-up: burst 87 — slowest of 12 was 200 in 86ms — fleet not warm yet
warm-up: burst 88 — slowest of 12 was 200 in 75ms — fleet not warm yet
warm-up: burst 89 — slowest of 12 was 200 in 75ms — fleet not warm yet
warm-up: burst 90 — slowest of 12 was 200 in 82ms — fleet not warm yet
warm-up: burst 91 — slowest of 12 was 200 in 79ms — fleet not warm yet
warm-up: burst 92 — slowest of 12 was 200 in 75ms — fleet not warm yet
warm-up: burst 93 — slowest of 12 was 200 in 75ms — fleet not warm yet
warm-up: burst 94 — slowest of 12 was 200 in 77ms — fleet not warm yet
warm-up: burst 95 — slowest of 12 was 200 in 80ms — fleet not warm yet
warm-up: burst 96 — slowest of 12 was 200 in 75ms — fleet not warm yet
warm-up: burst 97 — slowest of 12 was 200 in 76ms — fleet not warm yet
warm-up: burst 98 — slowest of 12 was 200 in 76ms — fleet not warm yet
warm-up: burst 99 — slowest of 12 was 200 in 80ms — fleet not warm yet
warm-up: burst 100 — slowest of 12 was 200 in 75ms — fleet not warm yet
warm-up: burst 101 — slowest of 12 was 200 in 76ms — fleet not warm yet
warm-up: burst 102 — slowest of 12 was 200 in 75ms — fleet not warm yet
warm-up: burst 103 — slowest of 12 was 200 in 78ms — fleet not warm yet
warm-up: burst 104 — slowest of 12 was 200 in 77ms — fleet not warm yet
warm-up: burst 105 — slowest of 12 was 200 in 83ms — fleet not warm yet
warm-up: burst 106 — slowest of 12 was 200 in 76ms — fleet not warm yet
warm-up: burst 107 — slowest of 12 was 200 in 76ms — fleet not warm yet
warm-up: burst 108 — slowest of 12 was 200 in 78ms — fleet not warm yet
warm-up: burst 109 — slowest of 12 was 200 in 82ms — fleet not warm yet
warm-up: burst 110 — slowest of 12 was 200 in 81ms — fleet not warm yet
warm-up: burst 111 — slowest of 12 was 200 in 78ms — fleet not warm yet
warm-up: burst 112 — slowest of 12 was 200 in 76ms — fleet not warm yet
warm-up: burst 113 — slowest of 12 was 200 in 75ms — fleet not warm yet
warm-up: burst 114 — slowest of 12 was 200 in 75ms — fleet not warm yet
warm-up: burst 115 — slowest of 12 was 200 in 82ms — fleet not warm yet
warm-up: burst 116 — slowest of 12 was 200 in 77ms — fleet not warm yet
warm-up: burst 117 — slowest of 12 was 200 in 75ms — fleet not warm yet
warm-up: burst 118 — slowest of 12 was 200 in 77ms — fleet not warm yet
warm-up: burst 119 — slowest of 12 was 200 in 78ms — fleet not warm yet
warm-up: burst 120 — slowest of 12 was 200 in 76ms — fleet not warm yet
warm-up: burst 121 — slowest of 12 was 200 in 76ms — fleet not warm yet
warm-up: burst 122 — slowest of 12 was 200 in 76ms — fleet not warm yet
warm-up: burst 123 — slowest of 12 was 200 in 78ms — fleet not warm yet
warm-up: burst 124 — slowest of 12 was 200 in 75ms — fleet not warm yet
warm-up: burst 125 — slowest of 12 was 200 in 76ms — fleet not warm yet
warm-up: burst 126 — slowest of 12 was 200 in 75ms — fleet not warm yet
warm-up: burst 127 — slowest of 12 was 200 in 76ms — fleet not warm yet
warm-up: burst 128 — slowest of 12 was 200 in 78ms — fleet not warm yet
warm-up: burst 129 — slowest of 12 was 200 in 77ms — fleet not warm yet
warm-up: burst 130 — slowest of 12 was 200 in 77ms — fleet not warm yet
warm-up: burst 131 — slowest of 12 was 200 in 75ms — fleet not warm yet
warm-up: burst 132 — slowest of 12 was 200 in 81ms — fleet not warm yet
warm-up: burst 133 — slowest of 12 was 200 in 75ms — fleet not warm yet
warm-up: burst 134 — slowest of 12 was 200 in 74ms — fleet not warm yet
warm-up: burst 135 — slowest of 12 was 200 in 74ms — fleet not warm yet
warm-up: burst 136 — slowest of 12 was 200 in 78ms — fleet not warm yet
warm-up: burst 137 — slowest of 12 was 200 in 81ms — fleet not warm yet
warm-up: burst 138 — slowest of 12 was 200 in 77ms — fleet not warm yet
warm-up: burst 139 — slowest of 12 was 200 in 79ms — fleet not warm yet
warm-up: burst 140 — slowest of 12 was 200 in 81ms — fleet not warm yet
warm-up: burst 141 — slowest of 12 was 200 in 77ms — fleet not warm yet
warm-up: burst 142 — slowest of 12 was 200 in 80ms — fleet not warm yet
warm-up: burst 143 — slowest of 12 was 200 in 75ms — fleet not warm yet
warm-up: burst 144 — slowest of 12 was 200 in 77ms — fleet not warm yet
warm-up: burst 145 — slowest of 12 was 200 in 77ms — fleet not warm yet
warm-up: burst 146 — slowest of 12 was 200 in 75ms — fleet not warm yet
warm-up: burst 147 — slowest of 12 was 200 in 76ms — fleet not warm yet
warm-up: burst 148 — slowest of 12 was 200 in 78ms — fleet not warm yet
warm-up: burst 149 — slowest of 12 was 200 in 76ms — fleet not warm yet
warm-up: burst 150 — slowest of 12 was 200 in 77ms — fleet not warm yet
warm-up: burst 151 — slowest of 12 was 200 in 77ms — fleet not warm yet
warm-up: burst 152 — slowest of 12 was 200 in 75ms — fleet not warm yet
warm-up: burst 153 — slowest of 12 was 200 in 76ms — fleet not warm yet
warm-up: burst 154 — slowest of 12 was 200 in 78ms — fleet not warm yet
warm-up: burst 155 — slowest of 12 was 200 in 78ms — fleet not warm yet
warm-up: burst 156 — slowest of 12 was 200 in 75ms — fleet not warm yet
warm-up: burst 157 — slowest of 12 was 200 in 74ms — fleet not warm yet
warm-up: burst 158 — slowest of 12 was 200 in 75ms — fleet not warm yet
warm-up: burst 159 — slowest of 12 was 200 in 90ms — fleet not warm yet
warm-up: burst 160 — slowest of 12 was 200 in 76ms — fleet not warm yet
warm-up: burst 161 — slowest of 12 was 200 in 83ms — fleet not warm yet
warm-up: burst 162 — slowest of 12 was 200 in 76ms — fleet not warm yet
warm-up: burst 163 — slowest of 12 was 200 in 81ms — fleet not warm yet
warm-up: burst 164 — slowest of 12 was 429 in 77ms — fleet not warm yet
warm-up: burst 165 — slowest of 12 was 200 in 90ms — fleet not warm yet
warm-up: burst 166 — slowest of 12 was 200 in 76ms — fleet not warm yet
warm-up: burst 167 — slowest of 12 was 200 in 76ms — fleet not warm yet
warm-up: burst 168 — slowest of 12 was 200 in 75ms — fleet not warm yet
warm-up: burst 169 — slowest of 12 was 200 in 75ms — fleet not warm yet
warm-up: burst 170 — slowest of 12 was 200 in 75ms — fleet not warm yet
warm-up: burst 171 — slowest of 12 was 200 in 78ms — fleet not warm yet
warm-up: burst 172 — slowest of 12 was 200 in 76ms — fleet not warm yet
warm-up: burst 173 — slowest of 12 was 200 in 76ms — fleet not warm yet
warm-up: burst 174 — slowest of 12 was 200 in 79ms — fleet not warm yet
warm-up: burst 175 — slowest of 12 was 200 in 75ms — fleet not warm yet
warm-up: burst 176 — slowest of 12 was 200 in 75ms — fleet not warm yet
warm-up: burst 177 — slowest of 12 was 200 in 77ms — fleet not warm yet
warm-up: burst 178 — slowest of 12 was 200 in 81ms — fleet not warm yet
warm-up: burst 179 — slowest of 12 was 200 in 74ms — fleet not warm yet
warm-up: burst 180 — slowest of 12 was 200 in 75ms — fleet not warm yet
warm-up: burst 181 — slowest of 12 was 200 in 75ms — fleet not warm yet
warm-up: burst 182 — slowest of 12 was 200 in 76ms — fleet not warm yet
warm-up: burst 183 — slowest of 12 was 200 in 75ms — fleet not warm yet
warm-up: burst 184 — slowest of 12 was 200 in 76ms — fleet not warm yet
warm-up: burst 185 — slowest of 12 was 200 in 76ms — fleet not warm yet
warm-up: burst 186 — slowest of 12 was 200 in 76ms — fleet not warm yet
warm-up: burst 187 — slowest of 12 was 200 in 78ms — fleet not warm yet
warm-up: burst 188 — slowest of 12 was 200 in 74ms — fleet not warm yet
warm-up: burst 189 — slowest of 12 was 200 in 82ms — fleet not warm yet
warm-up: burst 190 — slowest of 12 was 200 in 85ms — fleet not warm yet
warm-up: burst 191 — slowest of 12 was 429 in 74ms — fleet not warm yet
warm-up: burst 192 — slowest of 12 was 200 in 77ms — fleet not warm yet
warm-up: burst 193 — slowest of 12 was 200 in 78ms — fleet not warm yet
warm-up: burst 194 — slowest of 12 was 200 in 73ms — fleet not warm yet
warm-up: burst 195 — slowest of 12 was 200 in 74ms — fleet not warm yet
warm-up: burst 196 — slowest of 12 was 200 in 74ms — fleet not warm yet
warm-up: burst 197 — slowest of 12 was 200 in 75ms — fleet not warm yet
warm-up: 12-way fleet warm after 198 burst(s), 67.2s total — slowest 85ms

warm-up: heartbeat started — 4 probes every 5s for the life of the run


Running 3 tests using 1 worker

  x  1 [chromium] › e2e\live-media-capabilities.spec.ts:328:1 › a fresh owner + org, made through the product (1.1m)
  -  2 [chromium] › e2e\live-media-capabilities.spec.ts:338:1 › every granted capability: the document’s example stops at the wallet (402), its trap before it (400) — zero spend
  -  3 [chromium] › e2e\live-media-capabilities.spec.ts:413:1 › the Studio grid lists what the catalog grants, by name, with the catalog’s price

warm-up: heartbeat stopped after 12 beat(s)


  1) [chromium] › e2e\live-media-capabilities.spec.ts:328:1 › a fresh owner + org, made through the product 

    Error: expect(locator).toBeVisible() failed

    Locator: getByRole('heading', { name: 'Dashboard', level: 1 })
    Expected: visible
    Timeout: 60000ms
    Error: element(s) not found

    Call log:
      - Expect "toBeVisible" with timeout 60000ms
      - waiting for getByRole('heading', { name: 'Dashboard', level: 1 })


       at live-setup.ts:318

      316 |
      317 |   // No wizard in between: the next thing on screen is the product.
    > 318 |   await expect(page.getByRole('heading', { name: 'Dashboard', level: 1 })).toBeVisible({
          |                                                                            ^
      319 |     timeout: WORKSPACE_READY,
      320 |   })
      321 | }
        at signUpAndEnter (C:\alphabeacon-web\alphabeacon-web\e2e\live-setup.ts:318:76)
        at C:\alphabeacon-web\alphabeacon-web\e2e\live-media-capabilities.spec.ts:330:3

    Error Context: .gate\artifacts\20260910-123443\round-1\live-media-capabilities\live-media-capabilities-a--35bf8-rg-made-through-the-product-chromium\error-context.md

  1 failed
    [chromium] › e2e\live-media-capabilities.spec.ts:328:1 › a fresh owner + org, made through the product 
  2 did not run
