
warm-up: waking the API before the suite starts (https://<api-host>/health)
warm-up: service awake after 2 probe(s) in 0.6s — last 2: 214ms, 83ms
warm-up: burst 1 — slowest of 12 was 200 in 222ms — fleet not warm yet
warm-up: burst 2 — slowest of 12 was 200 in 78ms — fleet not warm yet
warm-up: burst 3 — slowest of 12 was 200 in 76ms — fleet not warm yet
warm-up: burst 4 — slowest of 12 was 200 in 76ms — fleet not warm yet
warm-up: burst 5 — slowest of 12 was 200 in 78ms — fleet not warm yet
warm-up: burst 6 — slowest of 12 was 200 in 76ms — fleet not warm yet
warm-up: burst 7 — slowest of 12 was 200 in 81ms — fleet not warm yet
warm-up: burst 8 — slowest of 12 was 200 in 91ms — fleet not warm yet
warm-up: burst 9 — slowest of 12 was 200 in 85ms — fleet not warm yet
warm-up: burst 10 — slowest of 12 was 200 in 87ms — fleet not warm yet
warm-up: burst 11 — slowest of 12 was 200 in 78ms — fleet not warm yet
warm-up: burst 12 — slowest of 12 was 200 in 78ms — fleet not warm yet
warm-up: burst 13 — slowest of 12 was 200 in 84ms — fleet not warm yet
warm-up: burst 14 — slowest of 12 was 200 in 77ms — fleet not warm yet
warm-up: burst 15 — slowest of 12 was 200 in 77ms — fleet not warm yet
warm-up: burst 16 — slowest of 12 was 200 in 81ms — fleet not warm yet
warm-up: burst 17 — slowest of 12 was 200 in 89ms — fleet not warm yet
warm-up: burst 18 — slowest of 12 was 200 in 77ms — fleet not warm yet
warm-up: burst 19 — slowest of 12 was 200 in 77ms — fleet not warm yet
warm-up: burst 20 — slowest of 12 was 200 in 77ms — fleet not warm yet
warm-up: burst 21 — slowest of 12 was 200 in 77ms — fleet not warm yet
warm-up: burst 22 — slowest of 12 was 200 in 77ms — fleet not warm yet
warm-up: burst 23 — slowest of 12 was 200 in 85ms — fleet not warm yet
warm-up: burst 24 — slowest of 12 was 200 in 76ms — fleet not warm yet
warm-up: burst 25 — slowest of 12 was 200 in 78ms — fleet not warm yet
warm-up: burst 26 — slowest of 12 was 200 in 80ms — fleet not warm yet
warm-up: burst 27 — slowest of 12 was 200 in 84ms — fleet not warm yet
warm-up: burst 28 — slowest of 12 was 200 in 80ms — fleet not warm yet
warm-up: burst 29 — slowest of 12 was 200 in 85ms — fleet not warm yet
warm-up: burst 30 — slowest of 12 was 429 in 77ms — fleet not warm yet
warm-up: burst 31 — slowest of 12 was 200 in 77ms — fleet not warm yet
warm-up: burst 32 — slowest of 12 was 200 in 77ms — fleet not warm yet
warm-up: burst 33 — slowest of 12 was 200 in 77ms — fleet not warm yet
warm-up: burst 34 — slowest of 12 was 200 in 78ms — fleet not warm yet
warm-up: burst 35 — slowest of 12 was 200 in 76ms — fleet not warm yet
warm-up: burst 36 — slowest of 12 was 200 in 77ms — fleet not warm yet
warm-up: burst 37 — slowest of 12 was 200 in 76ms — fleet not warm yet
warm-up: burst 38 — slowest of 12 was 200 in 81ms — fleet not warm yet
warm-up: burst 39 — slowest of 12 was 200 in 76ms — fleet not warm yet
warm-up: burst 40 — slowest of 12 was 200 in 78ms — fleet not warm yet
warm-up: burst 41 — slowest of 12 was 200 in 84ms — fleet not warm yet
warm-up: burst 42 — slowest of 12 was 200 in 78ms — fleet not warm yet
warm-up: burst 43 — slowest of 12 was 200 in 77ms — fleet not warm yet
warm-up: 12-way fleet warm after 44 burst(s), 15.3s total — slowest 82ms

warm-up: heartbeat started — 4 probes every 5s for the life of the run


Running 3 tests using 1 worker

  ok 1 [chromium] › e2e\live-knowledge.spec.ts:36:1 › a fresh owner + org, made through the product (7.2s)
  ok 2 [chromium] › e2e\live-knowledge.spec.ts:46:1 › pasted text becomes a Ready source, and removing it removes it (14.8s)
  ok 3 [chromium] › e2e\live-knowledge.spec.ts:76:1 › a FILE uploads straight to storage from the browser (open-item 24) (14.2s)

warm-up: heartbeat stopped after 7 beat(s)

  3 passed (53.5s)
