
[1m[46m RUN [49m[22m [36mv3.2.7 [39m[90mC:/alphabeacon-web/alphabeacon-web[39m

 [31m❯[39m src/data/topics-refused.test.tsx [2m([22m[2m2 tests[22m[2m | [22m[31m1 failed[39m[2m)[22m[32m 25[2mms[22m[39m
[31m   [31m×[31m a refused topic write[2m > [22mkeeps the optimistic chip, never resyncs, and says why with the request id[39m[32m 22[2mms[22m[39m
[31m     → expected "spy" to not be called with arguments: [ { type: 'live/resync' } ][90m

Received: 

[1m  1st spy call:

[22m[2m  [[22m
[2m    {[22m
[32m-     "type": "live/resync",[90m
[31m+     "topics": [[90m
[31m+       "single origin",[90m
[31m+     ],[90m
[31m+     "type": "topics/set",[90m
[2m    },[22m
[2m  ][22m

[1m  2nd spy call:

[22m[2mCompared values have no visual difference.[22m
[31m[90m

Number of calls: [1m2[22m
[31m[39m
   [32m✓[39m a landed topic write[2m > [22mresyncs exactly once[32m 2[2mms[22m[39m

[31m⎯⎯⎯⎯⎯⎯⎯[39m[1m[41m Failed Tests 1 [49m[22m[31m⎯⎯⎯⎯⎯⎯⎯[39m

[41m[1m FAIL [22m[49m src/data/topics-refused.test.tsx[2m > [22ma refused topic write[2m > [22mkeeps the optimistic chip, never resyncs, and says why with the request id
[31m[1mAssertionError[22m: expected "spy" to not be called with arguments: [ { type: 'live/resync' } ][90m

Received: 

[1m  1st spy call:

[22m[2m  [[22m
[2m    {[22m
[32m-     "type": "live/resync",[90m
[31m+     "topics": [[90m
[31m+       "single origin",[90m
[31m+     ],[90m
[31m+     "type": "topics/set",[90m
[2m    },[22m
[2m  ][22m

[1m  2nd spy call:

[22m[2mCompared values have no visual difference.[22m
[31m[90m

Number of calls: [1m2[22m
[31m[39m
[36m [2m❯[22m src/data/topics-refused.test.tsx:[2m54:29[22m[39m
    [90m 52| [39m    // The chip was dispatched, optimistically — and nothing took it b…
    [90m 53| [39m    expect(dispatchSpy).toHaveBeenCalledWith({ type: 'topics/set', top…
    [90m 54| [39m    expect(dispatchSpy).not.toHaveBeenCalledWith({ type: 'live/resync'…
    [90m   | [39m                            [31m^[39m
    [90m 55| [39m  })
    [90m 56| [39m})

[31m[2m⎯⎯⎯⎯⎯⎯⎯⎯⎯⎯⎯⎯⎯⎯⎯⎯⎯⎯⎯⎯⎯⎯⎯⎯[1/1]⎯[22m[39m


[2m Test Files [22m [1m[31m1 failed[39m[22m[90m (1)[39m
[2m      Tests [22m [1m[31m1 failed[39m[22m[2m | [22m[1m[32m1 passed[39m[22m[90m (2)[39m
[2m   Start at [22m 01:21:54
[2m   Duration [22m 1.72s[2m (transform 109ms, setup 338ms, collect 200ms, tests 25ms, environment 634ms, prepare 201ms)[22m

