
> alphabeacon-web@0.0.0 e2e C:\alphabeacon-web\alphabeacon-web
> playwright test "e2e/live-studio.spec.ts" "--workers=1"


warm-up: waking the API before the suite starts (https://<api-host>/api/health)
warm-up: service awake after 2 probe(s) in 0.6s — last 2: 281ms, 78ms
warm-up: 12-way fleet warm after 1 burst(s), 0.9s total — slowest 306ms

warm-up: heartbeat started — 4 probes every 5s for the life of the run


Running 4 tests using 1 worker

  ok 1 [chromium] › e2e\live-studio.spec.ts:36:1 › a fresh owner + org, made through the product (7.2s)
  x  2 [chromium] › e2e\live-studio.spec.ts:46:1 › E1 is built from the catalog: the granted capabilities, real prices, no vendors (37.7s)
  -  3 [chromium] › e2e\live-studio.spec.ts:82:1 › E3 lists renders, and is honest when there are none
  -  4 [chromium] › e2e\live-studio.spec.ts:93:1 › E2 renders for real, and E4 opens the asset it made

warm-up: heartbeat stopped after 9 beat(s)


  1) [chromium] › e2e\live-studio.spec.ts:46:1 › E1 is built from the catalog: the granted capabilities, real prices, no vendors 

    Error: expect(locator).toBeVisible() failed

    Locator: getByText(/Rendering on Balanced image/)
    Expected: visible
    Timeout: 30000ms
    Error: element(s) not found

    Call log:
      - Expect "toBeVisible" with timeout 30000ms
      - waiting for getByText(/Rendering on Balanced image/)


      61 |   // The composer names the row the wire resolved the plan to.
      62 |   await page.getByRole('main').getByRole('link', { name: 'Generate', exact: true }).click()
    > 63 |   await expect(page.getByText(/Rendering on Balanced image/)).toBeVisible({ timeout: 30_000 })
         |                                                               ^
      64 |   await page.getByRole('link', { name: 'Back to the studio' }).click()
      65 |
      66 |   // No vendor name may ever appear — the catalog speaks only in app aliases.
        at C:\alphabeacon-web\alphabeacon-web\e2e\live-studio.spec.ts:63:63

    Error Context: test-results\live-studio-E1-is-built-fr-acaf9-ties-real-prices-no-vendors-chromium\error-context.md

  1 failed
    [chromium] › e2e\live-studio.spec.ts:46:1 › E1 is built from the catalog: the granted capabilities, real prices, no vendors 
  2 did not run
  1 passed (50.6s)
 ELIFECYCLE  Command failed with exit code 1.
