[36mvite v7.3.6 [32mbuilding client environment for production...[36m[39m
transforming...
[32m✓[39m 2858 modules transformed.
rendering chunks...
computing gzip size...
[2m.gate/probe-dist/login-before/[22m[32mindex.html                                                    [39m[1m[2m  2.46 kB[22m[1m[22m[2m │ gzip:   0.87 kB[22m
[2m.gate/probe-dist/login-before/[22m[32massets/dm-sans-latin-ext-opsz-normal-oos9povj.woff2           [39m[1m[2m 31.29 kB[22m[1m[22m
[2m.gate/probe-dist/login-before/[22m[32massets/dm-sans-latin-ext-opsz-italic-DNX9AbKj.woff2           [39m[1m[2m 40.84 kB[22m[1m[22m
[2m.gate/probe-dist/login-before/[22m[32massets/ibm-plex-sans-arabic-arabic-400-normal-CyU-ddYS.woff2  [39m[1m[2m 42.85 kB[22m[1m[22m
[2m.gate/probe-dist/login-before/[22m[32massets/ibm-plex-sans-arabic-arabic-400-normal-EA1o-u_Q.woff   [39m[1m[2m 44.14 kB[22m[1m[22m
[2m.gate/probe-dist/login-before/[22m[32massets/ibm-plex-sans-arabic-arabic-500-normal-C4MQITzh.woff2  [39m[1m[2m 45.30 kB[22m[1m[22m
[2m.gate/probe-dist/login-before/[22m[32massets/ibm-plex-sans-arabic-arabic-600-normal-0pRdybE_.woff2  [39m[1m[2m 45.69 kB[22m[1m[22m
[2m.gate/probe-dist/login-before/[22m[32massets/ibm-plex-sans-arabic-arabic-600-normal-MJZ0liF5.woff   [39m[1m[2m 46.78 kB[22m[1m[22m
[2m.gate/probe-dist/login-before/[22m[32massets/ibm-plex-sans-arabic-arabic-500-normal-DPXcppbm.woff   [39m[1m[2m 46.92 kB[22m[1m[22m
[2m.gate/probe-dist/login-before/[22m[32massets/dm-sans-latin-opsz-normal-Bf69Tn_J.woff2               [39m[1m[2m 62.72 kB[22m[1m[22m
[2m.gate/probe-dist/login-before/[22m[32massets/dm-sans-latin-opsz-italic-C8i6y2Ft.woff2               [39m[1m[2m 76.25 kB[22m[1m[22m
[2m.gate/probe-dist/login-before/[22m[35massets/legal-screens-DSRWV6hP.css                             [39m[1m[2m  4.26 kB[22m[1m[22m[2m │ gzip:   1.19 kB[22m
[2m.gate/probe-dist/login-before/[22m[35massets/request-demo-screen-CG8IVRvO.css                       [39m[1m[2m  7.77 kB[22m[1m[22m[2m │ gzip:   2.05 kB[22m
[2m.gate/probe-dist/login-before/[22m[35massets/pricing-screen-2fPdY0oe.css                            [39m[1m[2m 13.83 kB[22m[1m[22m[2m │ gzip:   2.95 kB[22m
[2m.gate/probe-dist/login-before/[22m[35massets/index-Crfna5rg.css                                     [39m[1m[2m222.76 kB[22m[1m[22m[2m │ gzip:  37.21 kB[22m
[2m.gate/probe-dist/login-before/[22m[36massets/error-reference-BC9CwbrY.js                            [39m[1m[2m  0.08 kB[22m[1m[22m[2m │ gzip:   0.09 kB[22m
[2m.gate/probe-dist/login-before/[22m[36massets/chevron-down-Bq0l_Pl3.js                               [39m[1m[2m  0.13 kB[22m[1m[22m[2m │ gzip:   0.14 kB[22m
[2m.gate/probe-dist/login-before/[22m[36massets/circle-CzHSSPGf.js                                     [39m[1m[2m  0.13 kB[22m[1m[22m[2m │ gzip:   0.13 kB[22m
[2m.gate/probe-dist/login-before/[22m[36massets/plus-B96S4tUn.js                                       [39m[1m[2m  0.15 kB[22m[1m[22m[2m │ gzip:   0.15 kB[22m
[2m.gate/probe-dist/login-before/[22m[36massets/arrow-left-Dkrzq6N-.js                                 [39m[1m[2m  0.17 kB[22m[1m[22m[2m │ gzip:   0.16 kB[22m
[2m.gate/probe-dist/login-before/[22m[36massets/skeleton-CbQNb8yX.js                                   [39m[1m[2m  0.20 kB[22m[1m[22m[2m │ gzip:   0.17 kB[22m
[2m.gate/probe-dist/login-before/[22m[36massets/lock-Bf4QHAws.js                                       [39m[1m[2m  0.21 kB[22m[1m[22m[2m │ gzip:   0.19 kB[22m
[2m.gate/probe-dist/login-before/[22m[36massets/tone-badge-CBbuNH3P.js                                 [39m[1m[2m  0.22 kB[22m[1m[22m[2m │ gzip:   0.19 kB[22m
[2m.gate/probe-dist/login-before/[22m[36massets/upload-Hsr5NWsG.js                                     [39m[1m[2m  0.23 kB[22m[1m[22m[2m │ gzip:   0.19 kB[22m
[2m.gate/probe-dist/login-before/[22m[36massets/copy-DDQe7L59.js                                       [39m[1m[2m  0.24 kB[22m[1m[22m[2m │ gzip:   0.21 kB[22m
[2m.gate/probe-dist/login-before/[22m[36massets/external-link-Dwdn8qtZ.js                              [39m[1m[2m  0.25 kB[22m[1m[22m[2m │ gzip:   0.20 kB[22m
[2m.gate/probe-dist/login-before/[22m[36massets/pencil-C2L7laR3.js                                     [39m[1m[2m  0.28 kB[22m[1m[22m[2m │ gzip:   0.23 kB[22m
[2m.gate/probe-dist/login-before/[22m[36massets/mail-check-BQfc5nqQ.js                                 [39m[1m[2m  0.29 kB[22m[1m[22m[2m │ gzip:   0.23 kB[22m
[2m.gate/probe-dist/login-before/[22m[36massets/mail-warning-9uLwGzYH.js                               [39m[1m[2m  0.33 kB[22m[1m[22m[2m │ gzip:   0.24 kB[22m
[2m.gate/probe-dist/login-before/[22m[36massets/trash-2-BI6DVTbR.js                                    [39m[1m[2m  0.33 kB[22m[1m[22m[2m │ gzip:   0.22 kB[22m
[2m.gate/probe-dist/login-before/[22m[36massets/film-DQUtIz7l.js                                       [39m[1m[2m  0.41 kB[22m[1m[22m[2m │ gzip:   0.24 kB[22m
[2m.gate/probe-dist/login-before/[22m[36massets/calendar-days-DlQ1EOf0.js                              [39m[1m[2m  0.50 kB[22m[1m[22m[2m │ gzip:   0.27 kB[22m
[2m.gate/probe-dist/login-before/[22m[36massets/posting-time-CKKpLcwJ.js                               [39m[1m[2m  0.68 kB[22m[1m[22m[2m │ gzip:   0.43 kB[22m
[2m.gate/probe-dist/login-before/[22m[36massets/label-D-2yzcwE.js                                      [39m[1m[2m  0.68 kB[22m[1m[22m[2m │ gzip:   0.44 kB[22m
[2m.gate/probe-dist/login-before/[22m[36massets/textarea-uu4J9Ca4.js                                   [39m[1m[2m  0.70 kB[22m[1m[22m[2m │ gzip:   0.38 kB[22m
[2m.gate/probe-dist/login-before/[22m[36massets/input-DODZw62g.js                                      [39m[1m[2m  0.83 kB[22m[1m[22m[2m │ gzip:   0.42 kB[22m
[2m.gate/probe-dist/login-before/[22m[36massets/error-state-DqXYT9FR.js                                [39m[1m[2m  0.99 kB[22m[1m[22m[2m │ gzip:   0.52 kB[22m
[2m.gate/probe-dist/login-before/[22m[36massets/account-CPZ1gamD.js                                    [39m[1m[2m  1.01 kB[22m[1m[22m[2m │ gzip:   0.48 kB[22m
[2m.gate/probe-dist/login-before/[22m[36massets/platforms-DZhMeUBL.js                                  [39m[1m[2m  1.03 kB[22m[1m[22m[2m │ gzip:   0.55 kB[22m
[2m.gate/probe-dist/login-before/[22m[36massets/not-found-4mpF8voD.js                                  [39m[1m[2m  1.15 kB[22m[1m[22m[2m │ gzip:   0.57 kB[22m
[2m.gate/probe-dist/login-before/[22m[36massets/slot-chip-Dl7DpUj_.js                                  [39m[1m[2m  1.18 kB[22m[1m[22m[2m │ gzip:   0.55 kB[22m
[2m.gate/probe-dist/login-before/[22m[36massets/badge-CSC-w0OE.js                                      [39m[1m[2m  1.35 kB[22m[1m[22m[2m │ gzip:   0.64 kB[22m
[2m.gate/probe-dist/login-before/[22m[36massets/password-strength-B8-3s5tp.js                          [39m[1m[2m  1.36 kB[22m[1m[22m[2m │ gzip:   0.66 kB[22m
[2m.gate/probe-dist/login-before/[22m[36massets/timezone-DFOV_Yvd.js                                   [39m[1m[2m  1.42 kB[22m[1m[22m[2m │ gzip:   0.65 kB[22m
[2m.gate/probe-dist/login-before/[22m[36massets/dev-datasets-DQaeUfdi.js                               [39m[1m[2m  1.44 kB[22m[1m[22m[2m │ gzip:   0.72 kB[22m
[2m.gate/probe-dist/login-before/[22m[36massets/card-CrF0azeY.js                                       [39m[1m[2m  1.58 kB[22m[1m[22m[2m │ gzip:   0.59 kB[22m
[2m.gate/probe-dist/login-before/[22m[36massets/empty-state-DQ199QiY.js                                [39m[1m[2m  1.76 kB[22m[1m[22m[2m │ gzip:   0.67 kB[22m
[2m.gate/probe-dist/login-before/[22m[36massets/team-B_epyvjD.js                                       [39m[1m[2m  1.85 kB[22m[1m[22m[2m │ gzip:   0.79 kB[22m
[2m.gate/probe-dist/login-before/[22m[36massets/scheduling--COuPIJ9.js                                 [39m[1m[2m  1.91 kB[22m[1m[22m[2m │ gzip:   0.75 kB[22m
[2m.gate/probe-dist/login-before/[22m[36massets/claim-chip-Brwxpjx-.js                                 [39m[1m[2m  1.93 kB[22m[1m[22m[2m │ gzip:   1.01 kB[22m
[2m.gate/probe-dist/login-before/[22m[36massets/use-job-poll-CVlkR7HU.js                               [39m[1m[2m  1.94 kB[22m[1m[22m[2m │ gzip:   1.03 kB[22m
[2m.gate/probe-dist/login-before/[22m[36massets/stat-card-Drm7qcyS.js                                  [39m[1m[2m  2.03 kB[22m[1m[22m[2m │ gzip:   0.88 kB[22m
[2m.gate/probe-dist/login-before/[22m[36massets/save-bar-DHnobr5v.js                                   [39m[1m[2m  2.13 kB[22m[1m[22m[2m │ gzip:   1.05 kB[22m
[2m.gate/probe-dist/login-before/[22m[36massets/dialog-YL2ZdxST.js                                     [39m[1m[2m  2.14 kB[22m[1m[22m[2m │ gzip:   0.84 kB[22m
[2m.gate/probe-dist/login-before/[22m[36massets/empty-org-screen-DRRfrpAb.js                           [39m[1m[2m  2.32 kB[22m[1m[22m[2m │ gzip:   1.11 kB[22m
[2m.gate/probe-dist/login-before/[22m[36massets/settings-layout-WToCgfA7.js                            [39m[1m[2m  2.36 kB[22m[1m[22m[2m │ gzip:   1.28 kB[22m
[2m.gate/probe-dist/login-before/[22m[36massets/country-picker-wOevVeIY.js                             [39m[1m[2m  2.46 kB[22m[1m[22m[2m │ gzip:   1.13 kB[22m
[2m.gate/probe-dist/login-before/[22m[36massets/dev-states-C_lW6sM4.js                                 [39m[1m[2m  2.58 kB[22m[1m[22m[2m │ gzip:   0.97 kB[22m
[2m.gate/probe-dist/login-before/[22m[36massets/field-editors-D-Cttqpd.js                              [39m[1m[2m  2.71 kB[22m[1m[22m[2m │ gzip:   1.09 kB[22m
[2m.gate/probe-dist/login-before/[22m[36massets/skeletons-Db_wXvYx.js                                  [39m[1m[2m  2.74 kB[22m[1m[22m[2m │ gzip:   0.89 kB[22m
[2m.gate/probe-dist/login-before/[22m[36massets/signin-screen-pTKQ1NS0.js                              [39m[1m[2m  2.76 kB[22m[1m[22m[2m │ gzip:   1.38 kB[22m
[2m.gate/probe-dist/login-before/[22m[36massets/auth-layout-BD7BsZOZ.js                                [39m[1m[2m  2.86 kB[22m[1m[22m[2m │ gzip:   1.26 kB[22m
[2m.gate/probe-dist/login-before/[22m[36massets/setup-checklist-X-7RF2Yr.js                            [39m[1m[2m  3.46 kB[22m[1m[22m[2m │ gzip:   1.37 kB[22m
[2m.gate/probe-dist/login-before/[22m[36massets/accept-invite-screen-Byhm4TaI.js                       [39m[1m[2m  3.47 kB[22m[1m[22m[2m │ gzip:   1.67 kB[22m
[2m.gate/probe-dist/login-before/[22m[36massets/signup-screen-Cl9mvMQk.js                              [39m[1m[2m  3.61 kB[22m[1m[22m[2m │ gzip:   1.68 kB[22m
[2m.gate/probe-dist/login-before/[22m[36massets/status-badge-c7giYklZ.js                               [39m[1m[2m  3.68 kB[22m[1m[22m[2m │ gzip:   1.44 kB[22m
[2m.gate/probe-dist/login-before/[22m[36massets/brand-voice-screen-lOf-YCVh.js                         [39m[1m[2m  3.70 kB[22m[1m[22m[2m │ gzip:   1.63 kB[22m
[2m.gate/probe-dist/login-before/[22m[36massets/brand-CYdOILdn.js                                      [39m[1m[2m  3.74 kB[22m[1m[22m[2m │ gzip:   1.53 kB[22m
[2m.gate/probe-dist/login-before/[22m[36massets/use-subscription-poll-Cmgwfqqo.js                      [39m[1m[2m  4.16 kB[22m[1m[22m[2m │ gzip:   1.86 kB[22m
[2m.gate/probe-dist/login-before/[22m[36massets/sources-screen-ByTA-Xrt.js                             [39m[1m[2m  4.53 kB[22m[1m[22m[2m │ gzip:   1.83 kB[22m
[2m.gate/probe-dist/login-before/[22m[36massets/tones-screen-ClLoEeqg.js                               [39m[1m[2m  4.63 kB[22m[1m[22m[2m │ gzip:   1.69 kB[22m
[2m.gate/probe-dist/login-before/[22m[36massets/checkbox-CHxRmhxK.js                                   [39m[1m[2m  4.72 kB[22m[1m[22m[2m │ gzip:   2.01 kB[22m
[2m.gate/probe-dist/login-before/[22m[36massets/switch-BzNkxp2t.js                                     [39m[1m[2m  4.81 kB[22m[1m[22m[2m │ gzip:   1.96 kB[22m
[2m.gate/probe-dist/login-before/[22m[36massets/billing-success-screen-CY8s6AaX.js                     [39m[1m[2m  4.95 kB[22m[1m[22m[2m │ gzip:   1.50 kB[22m
[2m.gate/probe-dist/login-before/[22m[36massets/tone-editor-C3hvBU99.js                                [39m[1m[2m  5.29 kB[22m[1m[22m[2m │ gzip:   2.26 kB[22m
[2m.gate/probe-dist/login-before/[22m[36massets/confirm-dialog-HWvWomyW.js                             [39m[1m[2m  5.49 kB[22m[1m[22m[2m │ gzip:   1.73 kB[22m
[2m.gate/probe-dist/login-before/[22m[36massets/reset-password-screen-BI9glPjw.js                      [39m[1m[2m  5.53 kB[22m[1m[22m[2m │ gzip:   1.93 kB[22m
[2m.gate/probe-dist/login-before/[22m[36massets/dashboard-screen-BJtmDJND.js                           [39m[1m[2m  5.60 kB[22m[1m[22m[2m │ gzip:   2.33 kB[22m
[2m.gate/probe-dist/login-before/[22m[36massets/toggle-group-DUnRwnvg.js                               [39m[1m[2m  5.73 kB[22m[1m[22m[2m │ gzip:   1.97 kB[22m
[2m.gate/probe-dist/login-before/[22m[36massets/draft-detail-screen-oh8DJuXA.js                        [39m[1m[2m  6.20 kB[22m[1m[22m[2m │ gzip:   2.14 kB[22m
[2m.gate/probe-dist/login-before/[22m[36massets/schedule-dialog-_YVfBAiX.js                            [39m[1m[2m  6.96 kB[22m[1m[22m[2m │ gzip:   2.41 kB[22m
[2m.gate/probe-dist/login-before/[22m[36massets/event-sources-screen-DzHZcBSE.js                       [39m[1m[2m  7.49 kB[22m[1m[22m[2m │ gzip:   2.95 kB[22m
[2m.gate/probe-dist/login-before/[22m[36massets/composer-D_8bixaa.js                                   [39m[1m[2m  8.79 kB[22m[1m[22m[2m │ gzip:   3.35 kB[22m
[2m.gate/probe-dist/login-before/[22m[36massets/team-screen-BPEUco_u.js                                [39m[1m[2m  8.92 kB[22m[1m[22m[2m │ gzip:   3.15 kB[22m
[2m.gate/probe-dist/login-before/[22m[36massets/billing-screen-DveDJIA-.js                             [39m[1m[2m  8.95 kB[22m[1m[22m[2m │ gzip:   2.87 kB[22m
[2m.gate/probe-dist/login-before/[22m[36massets/today-screen-I52erU6B.js                               [39m[1m[2m 10.99 kB[22m[1m[22m[2m │ gzip:   4.10 kB[22m
[2m.gate/probe-dist/login-before/[22m[36massets/request-demo-screen-uW6MgeWm.js                        [39m[1m[2m 11.01 kB[22m[1m[22m[2m │ gzip:   4.20 kB[22m
[2m.gate/probe-dist/login-before/[22m[36massets/schedule-config-screen-28zyrN6x.js                     [39m[1m[2m 11.86 kB[22m[1m[22m[2m │ gzip:   4.21 kB[22m
[2m.gate/probe-dist/login-before/[22m[36massets/connections-screen-B3S-vJCn.js                         [39m[1m[2m 11.91 kB[22m[1m[22m[2m │ gzip:   3.62 kB[22m
[2m.gate/probe-dist/login-before/[22m[36massets/organization-screen-C91KUEXn.js                        [39m[1m[2m 12.65 kB[22m[1m[22m[2m │ gzip:   4.13 kB[22m
[2m.gate/probe-dist/login-before/[22m[36massets/calendar-screen-B4VJRr14.js                            [39m[1m[2m 12.84 kB[22m[1m[22m[2m │ gzip:   4.46 kB[22m
[2m.gate/probe-dist/login-before/[22m[36massets/verify-email-screen-DPmSuD6s.js                        [39m[1m[2m 13.95 kB[22m[1m[22m[2m │ gzip:   5.58 kB[22m
[2m.gate/probe-dist/login-before/[22m[36massets/dev-kitchen-sink-c_Hw01yD.js                           [39m[1m[2m 14.15 kB[22m[1m[22m[2m │ gzip:   5.11 kB[22m
[2m.gate/probe-dist/login-before/[22m[36massets/legal-screens-B0rTCdaP.js                              [39m[1m[2m 15.55 kB[22m[1m[22m[2m │ gzip:   4.91 kB[22m
[2m.gate/probe-dist/login-before/[22m[36massets/billing-screens-lIUgmfYs.js                            [39m[1m[2m 17.07 kB[22m[1m[22m[2m │ gzip:   4.97 kB[22m
[2m.gate/probe-dist/login-before/[22m[36massets/pricing-screen-Dw_OQ3fh.js                             [39m[1m[2m 17.11 kB[22m[1m[22m[2m │ gzip:   5.32 kB[22m
[2m.gate/probe-dist/login-before/[22m[36massets/knowledge-screen-ct2HEPwI.js                           [39m[1m[2m 17.74 kB[22m[1m[22m[2m │ gzip:   6.29 kB[22m
[2m.gate/probe-dist/login-before/[22m[36massets/use-draft-actions-glX6sLVf.js                          [39m[1m[2m 22.02 kB[22m[1m[22m[2m │ gzip:   7.62 kB[22m
[2m.gate/probe-dist/login-before/[22m[36massets/generate-screen-DeZOgC6n.js                            [39m[1m[2m 22.48 kB[22m[1m[22m[2m │ gzip:   7.88 kB[22m
[2m.gate/probe-dist/login-before/[22m[36massets/studio-7hTCly-g.js                                     [39m[1m[2m 29.82 kB[22m[1m[22m[2m │ gzip:   9.89 kB[22m
[2m.gate/probe-dist/login-before/[22m[36massets/studio-screens-fbNpywJC.js                             [39m[1m[2m 38.74 kB[22m[1m[22m[2m │ gzip:  11.84 kB[22m
[2m.gate/probe-dist/login-before/[22m[36massets/form-COeDmh0K.js                                       [39m[1m[2m 40.47 kB[22m[1m[22m[2m │ gzip:  14.38 kB[22m
[2m.gate/probe-dist/login-before/[22m[36massets/analytics-screens-CNrVPIin.js                          [39m[1m[2m359.83 kB[22m[1m[22m[2m │ gzip: 108.03 kB[22m
[2m.gate/probe-dist/login-before/[22m[36massets/index-DsiIEUD1.js                                      [39m[1m[33m784.56 kB[39m[22m[2m │ gzip: 245.55 kB[22m
[33m
(!) Some chunks are larger than 500 kB after minification. Consider:
- Using dynamic import() to code-split the application
- Use build.rollupOptions.output.manualChunks to improve chunking: https://rollupjs.org/configuration-options/#output-manualchunks
- Adjust chunk size limit for this warning via build.chunkSizeWarningLimit.[39m
[32m✓ built in 9.53s[39m
