
> alphabeacon-web@0.0.0 build C:\alphabeacon-web\alphabeacon-web
> tsc -b && vite build

[36mvite v7.3.6 [32mbuilding client environment for production...[36m[39m
transforming...
[32m✓[39m 2858 modules transformed.
rendering chunks...
computing gzip size...
[2mdist/[22m[32mindex.html                                                    [39m[1m[2m  2.46 kB[22m[1m[22m[2m │ gzip:   0.87 kB[22m
[2mdist/[22m[32massets/dm-sans-latin-ext-opsz-normal-oos9povj.woff2           [39m[1m[2m 31.29 kB[22m[1m[22m
[2mdist/[22m[32massets/dm-sans-latin-ext-opsz-italic-DNX9AbKj.woff2           [39m[1m[2m 40.84 kB[22m[1m[22m
[2mdist/[22m[32massets/ibm-plex-sans-arabic-arabic-400-normal-CyU-ddYS.woff2  [39m[1m[2m 42.85 kB[22m[1m[22m
[2mdist/[22m[32massets/ibm-plex-sans-arabic-arabic-400-normal-EA1o-u_Q.woff   [39m[1m[2m 44.14 kB[22m[1m[22m
[2mdist/[22m[32massets/ibm-plex-sans-arabic-arabic-500-normal-C4MQITzh.woff2  [39m[1m[2m 45.30 kB[22m[1m[22m
[2mdist/[22m[32massets/ibm-plex-sans-arabic-arabic-600-normal-0pRdybE_.woff2  [39m[1m[2m 45.69 kB[22m[1m[22m
[2mdist/[22m[32massets/ibm-plex-sans-arabic-arabic-600-normal-MJZ0liF5.woff   [39m[1m[2m 46.78 kB[22m[1m[22m
[2mdist/[22m[32massets/ibm-plex-sans-arabic-arabic-500-normal-DPXcppbm.woff   [39m[1m[2m 46.92 kB[22m[1m[22m
[2mdist/[22m[32massets/dm-sans-latin-opsz-normal-Bf69Tn_J.woff2               [39m[1m[2m 62.72 kB[22m[1m[22m
[2mdist/[22m[32massets/dm-sans-latin-opsz-italic-C8i6y2Ft.woff2               [39m[1m[2m 76.25 kB[22m[1m[22m
[2mdist/[22m[35massets/legal-screens-DSRWV6hP.css                             [39m[1m[2m  4.26 kB[22m[1m[22m[2m │ gzip:   1.19 kB[22m
[2mdist/[22m[35massets/request-demo-screen-CG8IVRvO.css                       [39m[1m[2m  7.77 kB[22m[1m[22m[2m │ gzip:   2.05 kB[22m
[2mdist/[22m[35massets/pricing-screen-2fPdY0oe.css                            [39m[1m[2m 13.83 kB[22m[1m[22m[2m │ gzip:   2.95 kB[22m
[2mdist/[22m[35massets/index-fjbun082.css                                     [39m[1m[2m223.75 kB[22m[1m[22m[2m │ gzip:  37.42 kB[22m
[2mdist/[22m[36massets/error-reference-BC9CwbrY.js                            [39m[1m[2m  0.08 kB[22m[1m[22m[2m │ gzip:   0.09 kB[22m
[2mdist/[22m[36massets/chevron-down-DAaC3u2Y.js                               [39m[1m[2m  0.13 kB[22m[1m[22m[2m │ gzip:   0.14 kB[22m
[2mdist/[22m[36massets/circle-CeA3liV7.js                                     [39m[1m[2m  0.13 kB[22m[1m[22m[2m │ gzip:   0.13 kB[22m
[2mdist/[22m[36massets/plus-CTBMAMqL.js                                       [39m[1m[2m  0.15 kB[22m[1m[22m[2m │ gzip:   0.15 kB[22m
[2mdist/[22m[36massets/arrow-left-Ck1b_l3Z.js                                 [39m[1m[2m  0.17 kB[22m[1m[22m[2m │ gzip:   0.16 kB[22m
[2mdist/[22m[36massets/skeleton-D1xxXfH9.js                                   [39m[1m[2m  0.20 kB[22m[1m[22m[2m │ gzip:   0.17 kB[22m
[2mdist/[22m[36massets/lock-DyvxHa5c.js                                       [39m[1m[2m  0.21 kB[22m[1m[22m[2m │ gzip:   0.19 kB[22m
[2mdist/[22m[36massets/tone-badge-CJZly9U4.js                                 [39m[1m[2m  0.22 kB[22m[1m[22m[2m │ gzip:   0.19 kB[22m
[2mdist/[22m[36massets/upload-B-vEuods.js                                     [39m[1m[2m  0.23 kB[22m[1m[22m[2m │ gzip:   0.19 kB[22m
[2mdist/[22m[36massets/copy-Fgb-8xrl.js                                       [39m[1m[2m  0.24 kB[22m[1m[22m[2m │ gzip:   0.21 kB[22m
[2mdist/[22m[36massets/external-link-C5EmcJr6.js                              [39m[1m[2m  0.25 kB[22m[1m[22m[2m │ gzip:   0.20 kB[22m
[2mdist/[22m[36massets/pencil-DZ1l0wKp.js                                     [39m[1m[2m  0.28 kB[22m[1m[22m[2m │ gzip:   0.23 kB[22m
[2mdist/[22m[36massets/mail-check-zS7ymf0o.js                                 [39m[1m[2m  0.29 kB[22m[1m[22m[2m │ gzip:   0.23 kB[22m
[2mdist/[22m[36massets/mail-warning-CnQbVIp4.js                               [39m[1m[2m  0.33 kB[22m[1m[22m[2m │ gzip:   0.24 kB[22m
[2mdist/[22m[36massets/trash-2-BaEtWGvl.js                                    [39m[1m[2m  0.33 kB[22m[1m[22m[2m │ gzip:   0.22 kB[22m
[2mdist/[22m[36massets/film-2bUd7Z8m.js                                       [39m[1m[2m  0.41 kB[22m[1m[22m[2m │ gzip:   0.24 kB[22m
[2mdist/[22m[36massets/calendar-days-CLWU043A.js                              [39m[1m[2m  0.50 kB[22m[1m[22m[2m │ gzip:   0.27 kB[22m
[2mdist/[22m[36massets/posting-time-TvVvewLl.js                               [39m[1m[2m  0.68 kB[22m[1m[22m[2m │ gzip:   0.43 kB[22m
[2mdist/[22m[36massets/label-CYAw5arW.js                                      [39m[1m[2m  0.68 kB[22m[1m[22m[2m │ gzip:   0.44 kB[22m
[2mdist/[22m[36massets/textarea-D0fPBHV4.js                                   [39m[1m[2m  0.70 kB[22m[1m[22m[2m │ gzip:   0.38 kB[22m
[2mdist/[22m[36massets/input-Dx-51Rr1.js                                      [39m[1m[2m  0.83 kB[22m[1m[22m[2m │ gzip:   0.42 kB[22m
[2mdist/[22m[36massets/error-state-B7dynhGS.js                                [39m[1m[2m  0.99 kB[22m[1m[22m[2m │ gzip:   0.52 kB[22m
[2mdist/[22m[36massets/account-C1J-84uJ.js                                    [39m[1m[2m  1.01 kB[22m[1m[22m[2m │ gzip:   0.48 kB[22m
[2mdist/[22m[36massets/platforms-DmxXL28A.js                                  [39m[1m[2m  1.03 kB[22m[1m[22m[2m │ gzip:   0.55 kB[22m
[2mdist/[22m[36massets/not-found-CqZZ-Qsk.js                                  [39m[1m[2m  1.15 kB[22m[1m[22m[2m │ gzip:   0.57 kB[22m
[2mdist/[22m[36massets/slot-chip-DwUDqUI2.js                                  [39m[1m[2m  1.18 kB[22m[1m[22m[2m │ gzip:   0.55 kB[22m
[2mdist/[22m[36massets/badge-BXK6GdhK.js                                      [39m[1m[2m  1.35 kB[22m[1m[22m[2m │ gzip:   0.64 kB[22m
[2mdist/[22m[36massets/password-strength-BT0RmIT8.js                          [39m[1m[2m  1.36 kB[22m[1m[22m[2m │ gzip:   0.66 kB[22m
[2mdist/[22m[36massets/timezone-DFOV_Yvd.js                                   [39m[1m[2m  1.42 kB[22m[1m[22m[2m │ gzip:   0.65 kB[22m
[2mdist/[22m[36massets/dev-datasets-B2ub2sIZ.js                               [39m[1m[2m  1.44 kB[22m[1m[22m[2m │ gzip:   0.72 kB[22m
[2mdist/[22m[36massets/card-zhCISuru.js                                       [39m[1m[2m  1.58 kB[22m[1m[22m[2m │ gzip:   0.59 kB[22m
[2mdist/[22m[36massets/empty-state-C7udNHa_.js                                [39m[1m[2m  1.76 kB[22m[1m[22m[2m │ gzip:   0.67 kB[22m
[2mdist/[22m[36massets/team-BeMXkNEk.js                                       [39m[1m[2m  1.85 kB[22m[1m[22m[2m │ gzip:   0.79 kB[22m
[2mdist/[22m[36massets/scheduling-agJ-Qh26.js                                 [39m[1m[2m  1.91 kB[22m[1m[22m[2m │ gzip:   0.75 kB[22m
[2mdist/[22m[36massets/claim-chip-BD1G8qb_.js                                 [39m[1m[2m  1.93 kB[22m[1m[22m[2m │ gzip:   1.01 kB[22m
[2mdist/[22m[36massets/use-job-poll-DMLwcTp4.js                               [39m[1m[2m  1.94 kB[22m[1m[22m[2m │ gzip:   1.04 kB[22m
[2mdist/[22m[36massets/stat-card-jd9Qj9m2.js                                  [39m[1m[2m  2.03 kB[22m[1m[22m[2m │ gzip:   0.88 kB[22m
[2mdist/[22m[36massets/save-bar-BsAjBBkt.js                                   [39m[1m[2m  2.13 kB[22m[1m[22m[2m │ gzip:   1.05 kB[22m
[2mdist/[22m[36massets/dialog-BiDwboPR.js                                     [39m[1m[2m  2.14 kB[22m[1m[22m[2m │ gzip:   0.84 kB[22m
[2mdist/[22m[36massets/empty-org-screen-_hGk5kVM.js                           [39m[1m[2m  2.32 kB[22m[1m[22m[2m │ gzip:   1.11 kB[22m
[2mdist/[22m[36massets/settings-layout-CvVtmYgg.js                            [39m[1m[2m  2.36 kB[22m[1m[22m[2m │ gzip:   1.27 kB[22m
[2mdist/[22m[36massets/country-picker-DjZWg_gd.js                             [39m[1m[2m  2.46 kB[22m[1m[22m[2m │ gzip:   1.13 kB[22m
[2mdist/[22m[36massets/dev-states-o9rHTYJ8.js                                 [39m[1m[2m  2.58 kB[22m[1m[22m[2m │ gzip:   0.97 kB[22m
[2mdist/[22m[36massets/field-editors-2aE9HVfs.js                              [39m[1m[2m  2.71 kB[22m[1m[22m[2m │ gzip:   1.09 kB[22m
[2mdist/[22m[36massets/skeletons-MCe9_UEh.js                                  [39m[1m[2m  2.74 kB[22m[1m[22m[2m │ gzip:   0.89 kB[22m
[2mdist/[22m[36massets/signin-screen-CcR-mEIZ.js                              [39m[1m[2m  3.06 kB[22m[1m[22m[2m │ gzip:   1.47 kB[22m
[2mdist/[22m[36massets/setup-checklist-CzW8WjgA.js                            [39m[1m[2m  3.46 kB[22m[1m[22m[2m │ gzip:   1.37 kB[22m
[2mdist/[22m[36massets/accept-invite-screen-B7_DE8Az.js                       [39m[1m[2m  3.47 kB[22m[1m[22m[2m │ gzip:   1.67 kB[22m
[2mdist/[22m[36massets/signup-screen-BAUoGwr8.js                              [39m[1m[2m  3.61 kB[22m[1m[22m[2m │ gzip:   1.68 kB[22m
[2mdist/[22m[36massets/status-badge-BPOsQlN_.js                               [39m[1m[2m  3.68 kB[22m[1m[22m[2m │ gzip:   1.44 kB[22m
[2mdist/[22m[36massets/brand-voice-screen-B9nFV7N8.js                         [39m[1m[2m  3.70 kB[22m[1m[22m[2m │ gzip:   1.63 kB[22m
[2mdist/[22m[36massets/brand-B70kDuan.js                                      [39m[1m[2m  3.74 kB[22m[1m[22m[2m │ gzip:   1.53 kB[22m
[2mdist/[22m[36massets/auth-layout-CBW6AsPF.js                                [39m[1m[2m  3.79 kB[22m[1m[22m[2m │ gzip:   1.45 kB[22m
[2mdist/[22m[36massets/use-subscription-poll-ClQwn7WN.js                      [39m[1m[2m  4.16 kB[22m[1m[22m[2m │ gzip:   1.86 kB[22m
[2mdist/[22m[36massets/sources-screen-3Iynn-JV.js                             [39m[1m[2m  4.53 kB[22m[1m[22m[2m │ gzip:   1.83 kB[22m
[2mdist/[22m[36massets/tones-screen-DfVFQvZW.js                               [39m[1m[2m  4.63 kB[22m[1m[22m[2m │ gzip:   1.70 kB[22m
[2mdist/[22m[36massets/checkbox-DyLKd6YB.js                                   [39m[1m[2m  4.72 kB[22m[1m[22m[2m │ gzip:   2.01 kB[22m
[2mdist/[22m[36massets/switch-CyJwQEuH.js                                     [39m[1m[2m  4.81 kB[22m[1m[22m[2m │ gzip:   1.96 kB[22m
[2mdist/[22m[36massets/billing-success-screen-Bi18aa3w.js                     [39m[1m[2m  4.95 kB[22m[1m[22m[2m │ gzip:   1.50 kB[22m
[2mdist/[22m[36massets/tone-editor-CB8OpGFW.js                                [39m[1m[2m  5.29 kB[22m[1m[22m[2m │ gzip:   2.26 kB[22m
[2mdist/[22m[36massets/confirm-dialog-4zS70jqb.js                             [39m[1m[2m  5.49 kB[22m[1m[22m[2m │ gzip:   1.73 kB[22m
[2mdist/[22m[36massets/reset-password-screen-BLmODOQ-.js                      [39m[1m[2m  5.53 kB[22m[1m[22m[2m │ gzip:   1.93 kB[22m
[2mdist/[22m[36massets/dashboard-screen-DcQOi0Gw.js                           [39m[1m[2m  5.60 kB[22m[1m[22m[2m │ gzip:   2.33 kB[22m
[2mdist/[22m[36massets/toggle-group-B1QjdH3c.js                               [39m[1m[2m  5.73 kB[22m[1m[22m[2m │ gzip:   1.97 kB[22m
[2mdist/[22m[36massets/draft-detail-screen-C2iDTPxx.js                        [39m[1m[2m  6.20 kB[22m[1m[22m[2m │ gzip:   2.14 kB[22m
[2mdist/[22m[36massets/schedule-dialog-B21JB56c.js                            [39m[1m[2m  6.96 kB[22m[1m[22m[2m │ gzip:   2.41 kB[22m
[2mdist/[22m[36massets/event-sources-screen-B-oQWtDi.js                       [39m[1m[2m  7.49 kB[22m[1m[22m[2m │ gzip:   2.95 kB[22m
[2mdist/[22m[36massets/composer-DaWxPC1p.js                                   [39m[1m[2m  8.79 kB[22m[1m[22m[2m │ gzip:   3.35 kB[22m
[2mdist/[22m[36massets/team-screen-jcXStZpp.js                                [39m[1m[2m  8.92 kB[22m[1m[22m[2m │ gzip:   3.15 kB[22m
[2mdist/[22m[36massets/billing-screen-C79lGSA3.js                             [39m[1m[2m  8.95 kB[22m[1m[22m[2m │ gzip:   2.87 kB[22m
[2mdist/[22m[36massets/today-screen-Cwug6a-C.js                               [39m[1m[2m 10.99 kB[22m[1m[22m[2m │ gzip:   4.10 kB[22m
[2mdist/[22m[36massets/request-demo-screen-Ift7cCdG.js                        [39m[1m[2m 11.01 kB[22m[1m[22m[2m │ gzip:   4.20 kB[22m
[2mdist/[22m[36massets/schedule-config-screen-B-CR1mgw.js                     [39m[1m[2m 11.86 kB[22m[1m[22m[2m │ gzip:   4.21 kB[22m
[2mdist/[22m[36massets/connections-screen-DoMEwHNB.js                         [39m[1m[2m 11.91 kB[22m[1m[22m[2m │ gzip:   3.62 kB[22m
[2mdist/[22m[36massets/organization-screen-DG-33aW4.js                        [39m[1m[2m 12.65 kB[22m[1m[22m[2m │ gzip:   4.13 kB[22m
[2mdist/[22m[36massets/calendar-screen-DtHJq9cK.js                            [39m[1m[2m 12.84 kB[22m[1m[22m[2m │ gzip:   4.45 kB[22m
[2mdist/[22m[36massets/verify-email-screen-BOXYGLVe.js                        [39m[1m[2m 13.95 kB[22m[1m[22m[2m │ gzip:   5.58 kB[22m
[2mdist/[22m[36massets/dev-kitchen-sink-C824BXBY.js                           [39m[1m[2m 14.15 kB[22m[1m[22m[2m │ gzip:   5.12 kB[22m
[2mdist/[22m[36massets/legal-screens-CbeILoma.js                              [39m[1m[2m 15.55 kB[22m[1m[22m[2m │ gzip:   4.91 kB[22m
[2mdist/[22m[36massets/billing-screens-Bgp0bg-M.js                            [39m[1m[2m 17.07 kB[22m[1m[22m[2m │ gzip:   4.97 kB[22m
[2mdist/[22m[36massets/pricing-screen-XCt0-Y36.js                             [39m[1m[2m 17.11 kB[22m[1m[22m[2m │ gzip:   5.32 kB[22m
[2mdist/[22m[36massets/knowledge-screen-D-Zw7hEM.js                           [39m[1m[2m 17.74 kB[22m[1m[22m[2m │ gzip:   6.29 kB[22m
[2mdist/[22m[36massets/use-draft-actions-BqCOXC2t.js                          [39m[1m[2m 22.02 kB[22m[1m[22m[2m │ gzip:   7.62 kB[22m
[2mdist/[22m[36massets/generate-screen-dKNqvuhw.js                            [39m[1m[2m 22.48 kB[22m[1m[22m[2m │ gzip:   7.88 kB[22m
[2mdist/[22m[36massets/studio-nEb2-OpN.js                                     [39m[1m[2m 29.82 kB[22m[1m[22m[2m │ gzip:   9.89 kB[22m
[2mdist/[22m[36massets/studio-screens-C0he1LC_.js                             [39m[1m[2m 38.74 kB[22m[1m[22m[2m │ gzip:  11.84 kB[22m
[2mdist/[22m[36massets/form-DAjupGRT.js                                       [39m[1m[2m 40.48 kB[22m[1m[22m[2m │ gzip:  14.38 kB[22m
[2mdist/[22m[36massets/analytics-screens-MSs39UeI.js                          [39m[1m[2m359.83 kB[22m[1m[22m[2m │ gzip: 108.03 kB[22m
[2mdist/[22m[36massets/index-iFEiG8T_.js                                      [39m[1m[33m784.56 kB[39m[22m[2m │ gzip: 245.55 kB[22m
[33m
(!) Some chunks are larger than 500 kB after minification. Consider:
- Using dynamic import() to code-split the application
- Use build.rollupOptions.output.manualChunks to improve chunking: https://rollupjs.org/configuration-options/#output-manualchunks
- Adjust chunk size limit for this warning via build.chunkSizeWarningLimit.[39m
[32m✓ built in 9.62s[39m
