[36mvite v7.3.6 [32mbuilding client environment for production...[36m[39m
transforming...
[32m✓[39m 2855 modules transformed.
rendering chunks...
computing gzip size...
[2m.gate/probe-dist/[22m[32mindex.html                                                    [39m[1m[2m  2.46 kB[22m[1m[22m[2m │ gzip:   0.87 kB[22m
[2m.gate/probe-dist/[22m[32massets/dm-sans-latin-ext-opsz-normal-oos9povj.woff2           [39m[1m[2m 31.29 kB[22m[1m[22m
[2m.gate/probe-dist/[22m[32massets/dm-sans-latin-ext-opsz-italic-DNX9AbKj.woff2           [39m[1m[2m 40.84 kB[22m[1m[22m
[2m.gate/probe-dist/[22m[32massets/ibm-plex-sans-arabic-arabic-400-normal-CyU-ddYS.woff2  [39m[1m[2m 42.85 kB[22m[1m[22m
[2m.gate/probe-dist/[22m[32massets/ibm-plex-sans-arabic-arabic-400-normal-EA1o-u_Q.woff   [39m[1m[2m 44.14 kB[22m[1m[22m
[2m.gate/probe-dist/[22m[32massets/ibm-plex-sans-arabic-arabic-500-normal-C4MQITzh.woff2  [39m[1m[2m 45.30 kB[22m[1m[22m
[2m.gate/probe-dist/[22m[32massets/ibm-plex-sans-arabic-arabic-600-normal-0pRdybE_.woff2  [39m[1m[2m 45.69 kB[22m[1m[22m
[2m.gate/probe-dist/[22m[32massets/ibm-plex-sans-arabic-arabic-600-normal-MJZ0liF5.woff   [39m[1m[2m 46.78 kB[22m[1m[22m
[2m.gate/probe-dist/[22m[32massets/ibm-plex-sans-arabic-arabic-500-normal-DPXcppbm.woff   [39m[1m[2m 46.92 kB[22m[1m[22m
[2m.gate/probe-dist/[22m[32massets/dm-sans-latin-opsz-normal-Bf69Tn_J.woff2               [39m[1m[2m 62.72 kB[22m[1m[22m
[2m.gate/probe-dist/[22m[32massets/dm-sans-latin-opsz-italic-C8i6y2Ft.woff2               [39m[1m[2m 76.25 kB[22m[1m[22m
[2m.gate/probe-dist/[22m[35massets/legal-screens-DSRWV6hP.css                             [39m[1m[2m  4.26 kB[22m[1m[22m[2m │ gzip:   1.19 kB[22m
[2m.gate/probe-dist/[22m[35massets/request-demo-screen-CG8IVRvO.css                       [39m[1m[2m  7.77 kB[22m[1m[22m[2m │ gzip:   2.05 kB[22m
[2m.gate/probe-dist/[22m[35massets/pricing-screen-2fPdY0oe.css                            [39m[1m[2m 13.83 kB[22m[1m[22m[2m │ gzip:   2.95 kB[22m
[2m.gate/probe-dist/[22m[35massets/index-DQcbA0WZ.css                                     [39m[1m[2m222.69 kB[22m[1m[22m[2m │ gzip:  37.18 kB[22m
[2m.gate/probe-dist/[22m[36massets/error-reference-BC9CwbrY.js                            [39m[1m[2m  0.08 kB[22m[1m[22m[2m │ gzip:   0.09 kB[22m
[2m.gate/probe-dist/[22m[36massets/check-x_8vXADQ.js                                      [39m[1m[2m  0.13 kB[22m[1m[22m[2m │ gzip:   0.14 kB[22m
[2m.gate/probe-dist/[22m[36massets/chevron-down-D_CGQMRm.js                               [39m[1m[2m  0.13 kB[22m[1m[22m[2m │ gzip:   0.14 kB[22m
[2m.gate/probe-dist/[22m[36massets/circle-B2YTPK1t.js                                     [39m[1m[2m  0.13 kB[22m[1m[22m[2m │ gzip:   0.13 kB[22m
[2m.gate/probe-dist/[22m[36massets/plus-DYuiYaWs.js                                       [39m[1m[2m  0.15 kB[22m[1m[22m[2m │ gzip:   0.15 kB[22m
[2m.gate/probe-dist/[22m[36massets/x-DQf-Xuvc.js                                          [39m[1m[2m  0.16 kB[22m[1m[22m[2m │ gzip:   0.15 kB[22m
[2m.gate/probe-dist/[22m[36massets/arrow-left-pAs7vzx6.js                                 [39m[1m[2m  0.17 kB[22m[1m[22m[2m │ gzip:   0.16 kB[22m
[2m.gate/probe-dist/[22m[36massets/skeleton-C4kEdZBu.js                                   [39m[1m[2m  0.20 kB[22m[1m[22m[2m │ gzip:   0.17 kB[22m
[2m.gate/probe-dist/[22m[36massets/lock-DUBHXuIW.js                                       [39m[1m[2m  0.21 kB[22m[1m[22m[2m │ gzip:   0.19 kB[22m
[2m.gate/probe-dist/[22m[36massets/tone-badge-XM3pcIot.js                                 [39m[1m[2m  0.22 kB[22m[1m[22m[2m │ gzip:   0.19 kB[22m
[2m.gate/probe-dist/[22m[36massets/upload-Dop3i5sM.js                                     [39m[1m[2m  0.23 kB[22m[1m[22m[2m │ gzip:   0.19 kB[22m
[2m.gate/probe-dist/[22m[36massets/copy-CQQwTszA.js                                       [39m[1m[2m  0.24 kB[22m[1m[22m[2m │ gzip:   0.21 kB[22m
[2m.gate/probe-dist/[22m[36massets/external-link-DFf8lhPy.js                              [39m[1m[2m  0.25 kB[22m[1m[22m[2m │ gzip:   0.20 kB[22m
[2m.gate/probe-dist/[22m[36massets/pencil-CZTbDMVH.js                                     [39m[1m[2m  0.28 kB[22m[1m[22m[2m │ gzip:   0.23 kB[22m
[2m.gate/probe-dist/[22m[36massets/mail-check-CNGE-kOr.js                                 [39m[1m[2m  0.29 kB[22m[1m[22m[2m │ gzip:   0.22 kB[22m
[2m.gate/probe-dist/[22m[36massets/mail-warning-CpiDJHlb.js                               [39m[1m[2m  0.33 kB[22m[1m[22m[2m │ gzip:   0.24 kB[22m
[2m.gate/probe-dist/[22m[36massets/trash-2-Ca1l-8rb.js                                    [39m[1m[2m  0.33 kB[22m[1m[22m[2m │ gzip:   0.22 kB[22m
[2m.gate/probe-dist/[22m[36massets/film-CtR5azGg.js                                       [39m[1m[2m  0.41 kB[22m[1m[22m[2m │ gzip:   0.24 kB[22m
[2m.gate/probe-dist/[22m[36massets/calendar-days-D5rKSXUP.js                              [39m[1m[2m  0.50 kB[22m[1m[22m[2m │ gzip:   0.26 kB[22m
[2m.gate/probe-dist/[22m[36massets/label-93fynpDK.js                                      [39m[1m[2m  0.68 kB[22m[1m[22m[2m │ gzip:   0.44 kB[22m
[2m.gate/probe-dist/[22m[36massets/textarea-DYXjJ-1x.js                                   [39m[1m[2m  0.70 kB[22m[1m[22m[2m │ gzip:   0.38 kB[22m
[2m.gate/probe-dist/[22m[36massets/format-CMzYPIAK.js                                     [39m[1m[2m  0.71 kB[22m[1m[22m[2m │ gzip:   0.41 kB[22m
[2m.gate/probe-dist/[22m[36massets/posting-time-9JTuKTN5.js                               [39m[1m[2m  0.72 kB[22m[1m[22m[2m │ gzip:   0.45 kB[22m
[2m.gate/probe-dist/[22m[36massets/input-BBuETRwI.js                                      [39m[1m[2m  0.83 kB[22m[1m[22m[2m │ gzip:   0.42 kB[22m
[2m.gate/probe-dist/[22m[36massets/mono-number-4AZXOr9F.js                                [39m[1m[2m  0.85 kB[22m[1m[22m[2m │ gzip:   0.51 kB[22m
[2m.gate/probe-dist/[22m[36massets/account-aiAq9ksf.js                                    [39m[1m[2m  1.01 kB[22m[1m[22m[2m │ gzip:   0.48 kB[22m
[2m.gate/probe-dist/[22m[36massets/error-state-DOB0fU4u.js                                [39m[1m[2m  1.02 kB[22m[1m[22m[2m │ gzip:   0.54 kB[22m
[2m.gate/probe-dist/[22m[36massets/platforms-D8ixm_GT.js                                  [39m[1m[2m  1.03 kB[22m[1m[22m[2m │ gzip:   0.55 kB[22m
[2m.gate/probe-dist/[22m[36massets/motion-S5WlHt_7.js                                     [39m[1m[2m  1.06 kB[22m[1m[22m[2m │ gzip:   0.60 kB[22m
[2m.gate/probe-dist/[22m[36massets/not-found-B5IHTm0D.js                                  [39m[1m[2m  1.19 kB[22m[1m[22m[2m │ gzip:   0.59 kB[22m
[2m.gate/probe-dist/[22m[36massets/slot-chip-BkkCdmlR.js                                  [39m[1m[2m  1.22 kB[22m[1m[22m[2m │ gzip:   0.57 kB[22m
[2m.gate/probe-dist/[22m[36massets/badge-BSzXr8XU.js                                      [39m[1m[2m  1.39 kB[22m[1m[22m[2m │ gzip:   0.65 kB[22m
[2m.gate/probe-dist/[22m[36massets/password-strength-DnmB48mB.js                          [39m[1m[2m  1.39 kB[22m[1m[22m[2m │ gzip:   0.67 kB[22m
[2m.gate/probe-dist/[22m[36massets/timezone-DFOV_Yvd.js                                   [39m[1m[2m  1.42 kB[22m[1m[22m[2m │ gzip:   0.65 kB[22m
[2m.gate/probe-dist/[22m[36massets/dev-datasets-BwcokyBG.js                               [39m[1m[2m  1.47 kB[22m[1m[22m[2m │ gzip:   0.73 kB[22m
[2m.gate/probe-dist/[22m[36massets/card-DR-a0k1e.js                                       [39m[1m[2m  1.58 kB[22m[1m[22m[2m │ gzip:   0.59 kB[22m
[2m.gate/probe-dist/[22m[36massets/empty-state-iXbprg0_.js                                [39m[1m[2m  1.80 kB[22m[1m[22m[2m │ gzip:   0.69 kB[22m
[2m.gate/probe-dist/[22m[36massets/team-CJNNe_PD.js                                       [39m[1m[2m  1.85 kB[22m[1m[22m[2m │ gzip:   0.79 kB[22m
[2m.gate/probe-dist/[22m[36massets/scheduling-D9r-LPM2.js                                 [39m[1m[2m  1.90 kB[22m[1m[22m[2m │ gzip:   0.75 kB[22m
[2m.gate/probe-dist/[22m[36massets/claim-chip-C1uVET0p.js                                 [39m[1m[2m  1.96 kB[22m[1m[22m[2m │ gzip:   1.03 kB[22m
[2m.gate/probe-dist/[22m[36massets/use-job-poll-CIEUQ2Sb.js                               [39m[1m[2m  2.01 kB[22m[1m[22m[2m │ gzip:   1.07 kB[22m
[2m.gate/probe-dist/[22m[36massets/stat-card-C5szSLQ3.js                                  [39m[1m[2m  2.06 kB[22m[1m[22m[2m │ gzip:   0.90 kB[22m
[2m.gate/probe-dist/[22m[36massets/save-bar-DkTVPyY7.js                                   [39m[1m[2m  2.19 kB[22m[1m[22m[2m │ gzip:   1.08 kB[22m
[2m.gate/probe-dist/[22m[36massets/dialog-DBQALtNL.js                                     [39m[1m[2m  2.23 kB[22m[1m[22m[2m │ gzip:   0.88 kB[22m
[2m.gate/probe-dist/[22m[36massets/empty-org-screen-DI37lY0z.js                           [39m[1m[2m  2.34 kB[22m[1m[22m[2m │ gzip:   1.12 kB[22m
[2m.gate/probe-dist/[22m[36massets/country-picker-BfPcJGHo.js                             [39m[1m[2m  2.54 kB[22m[1m[22m[2m │ gzip:   1.17 kB[22m
[2m.gate/probe-dist/[22m[36massets/dev-states-CSgmQ0P8.js                                 [39m[1m[2m  2.62 kB[22m[1m[22m[2m │ gzip:   0.99 kB[22m
[2m.gate/probe-dist/[22m[36massets/sheet-BqoXtg8K.js                                      [39m[1m[2m  2.63 kB[22m[1m[22m[2m │ gzip:   0.88 kB[22m
[2m.gate/probe-dist/[22m[36massets/avatar-CzPSrjYI.js                                     [39m[1m[2m  2.68 kB[22m[1m[22m[2m │ gzip:   1.19 kB[22m
[2m.gate/probe-dist/[22m[36massets/settings-layout-rUpc7Q6K.js                            [39m[1m[2m  2.71 kB[22m[1m[22m[2m │ gzip:   1.45 kB[22m
[2m.gate/probe-dist/[22m[36massets/skeletons-BRdIgbwU.js                                  [39m[1m[2m  2.74 kB[22m[1m[22m[2m │ gzip:   0.89 kB[22m
[2m.gate/probe-dist/[22m[36massets/field-editors-BaDMeTGY.js                              [39m[1m[2m  2.81 kB[22m[1m[22m[2m │ gzip:   1.14 kB[22m
[2m.gate/probe-dist/[22m[36massets/auth-layout-BVj6LwVV.js                                [39m[1m[2m  2.87 kB[22m[1m[22m[2m │ gzip:   1.28 kB[22m
[2m.gate/probe-dist/[22m[36massets/signin-screen-B6vDPrJc.js                              [39m[1m[2m  2.88 kB[22m[1m[22m[2m │ gzip:   1.44 kB[22m
[2m.gate/probe-dist/[22m[36massets/auth-C8Y8gA29.js                                       [39m[1m[2m  2.94 kB[22m[1m[22m[2m │ gzip:   1.04 kB[22m
[2m.gate/probe-dist/[22m[36massets/button-Rt25ZKG7.js                                     [39m[1m[2m  3.37 kB[22m[1m[22m[2m │ gzip:   1.27 kB[22m
[2m.gate/probe-dist/[22m[36massets/setup-checklist-wvg-FY3S.js                            [39m[1m[2m  3.53 kB[22m[1m[22m[2m │ gzip:   1.39 kB[22m
[2m.gate/probe-dist/[22m[36massets/accept-invite-screen-BFRKjbo7.js                       [39m[1m[2m  3.60 kB[22m[1m[22m[2m │ gzip:   1.73 kB[22m
[2m.gate/probe-dist/[22m[36massets/status-badge-ClYfAeA4.js                               [39m[1m[2m  3.72 kB[22m[1m[22m[2m │ gzip:   1.45 kB[22m
[2m.gate/probe-dist/[22m[36massets/signup-screen-LqiE1S0C.js                              [39m[1m[2m  3.73 kB[22m[1m[22m[2m │ gzip:   1.73 kB[22m
[2m.gate/probe-dist/[22m[36massets/brand-C8sc9VK_.js                                      [39m[1m[2m  3.74 kB[22m[1m[22m[2m │ gzip:   1.53 kB[22m
[2m.gate/probe-dist/[22m[36massets/brand-voice-screen-CFOLhwE_.js                         [39m[1m[2m  3.85 kB[22m[1m[22m[2m │ gzip:   1.71 kB[22m
[2m.gate/probe-dist/[22m[36massets/use-subscription-poll-XwTO_AWG.js                      [39m[1m[2m  4.19 kB[22m[1m[22m[2m │ gzip:   1.88 kB[22m
[2m.gate/probe-dist/[22m[36massets/sources-screen-BW1tdwjO.js                             [39m[1m[2m  4.23 kB[22m[1m[22m[2m │ gzip:   1.76 kB[22m
[2m.gate/probe-dist/[22m[36massets/tones-screen-abfv3BiL.js                               [39m[1m[2m  4.75 kB[22m[1m[22m[2m │ gzip:   1.74 kB[22m
[2m.gate/probe-dist/[22m[36massets/checkbox-D1B2CUSE.js                                   [39m[1m[2m  4.75 kB[22m[1m[22m[2m │ gzip:   2.02 kB[22m
[2m.gate/probe-dist/[22m[36massets/switch-DzupxZrZ.js                                     [39m[1m[2m  4.81 kB[22m[1m[22m[2m │ gzip:   1.95 kB[22m
[2m.gate/probe-dist/[22m[36massets/billing-success-screen-BcQEa1XP.js                     [39m[1m[2m  5.32 kB[22m[1m[22m[2m │ gzip:   1.67 kB[22m
[2m.gate/probe-dist/[22m[36massets/tone-editor-DXH6Gys5.js                                [39m[1m[2m  5.39 kB[22m[1m[22m[2m │ gzip:   2.30 kB[22m
[2m.gate/probe-dist/[22m[36massets/confirm-dialog-CvFFdhyh.js                             [39m[1m[2m  5.55 kB[22m[1m[22m[2m │ gzip:   1.75 kB[22m
[2m.gate/probe-dist/[22m[36massets/reset-password-screen-CrAnhk-s.js                      [39m[1m[2m  5.67 kB[22m[1m[22m[2m │ gzip:   1.99 kB[22m
[2m.gate/probe-dist/[22m[36massets/toggle-group-_vyksJxe.js                               [39m[1m[2m  5.79 kB[22m[1m[22m[2m │ gzip:   2.00 kB[22m
[2m.gate/probe-dist/[22m[36massets/dashboard-screen-BV4A92-U.js                           [39m[1m[2m  5.97 kB[22m[1m[22m[2m │ gzip:   2.49 kB[22m
[2m.gate/probe-dist/[22m[36massets/draft-detail-screen-BeGeA9eM.js                        [39m[1m[2m  6.56 kB[22m[1m[22m[2m │ gzip:   2.30 kB[22m
[2m.gate/probe-dist/[22m[36massets/schedule-dialog-C2NfUfeE.js                            [39m[1m[2m  7.03 kB[22m[1m[22m[2m │ gzip:   2.45 kB[22m
[2m.gate/probe-dist/[22m[36massets/event-sources-screen-ClBSAjdu.js                       [39m[1m[2m  7.84 kB[22m[1m[22m[2m │ gzip:   3.12 kB[22m
[2m.gate/probe-dist/[22m[36massets/composer-D6rqRH3j.js                                   [39m[1m[2m  8.93 kB[22m[1m[22m[2m │ gzip:   3.41 kB[22m
[2m.gate/probe-dist/[22m[36massets/team-screen-DhZJDzV2.js                                [39m[1m[2m  9.11 kB[22m[1m[22m[2m │ gzip:   3.23 kB[22m
[2m.gate/probe-dist/[22m[36massets/billing-screen-Cqv-gLjC.js                             [39m[1m[2m  9.31 kB[22m[1m[22m[2m │ gzip:   3.04 kB[22m
[2m.gate/probe-dist/[22m[36massets/request-demo-screen-DnXu1agB.js                        [39m[1m[2m 11.01 kB[22m[1m[22m[2m │ gzip:   4.20 kB[22m
[2m.gate/probe-dist/[22m[36massets/today-screen-TdVC5BkU.js                               [39m[1m[2m 11.36 kB[22m[1m[22m[2m │ gzip:   4.26 kB[22m
[2m.gate/probe-dist/[22m[36massets/index-B7NqAQgW.js                                      [39m[1m[2m 11.90 kB[22m[1m[22m[2m │ gzip:   4.51 kB[22m
[2m.gate/probe-dist/[22m[36massets/schedule-config-screen-Bb-vLlfY.js                     [39m[1m[2m 12.22 kB[22m[1m[22m[2m │ gzip:   4.37 kB[22m
[2m.gate/probe-dist/[22m[36massets/connections-screen-CjqiXf_n.js                         [39m[1m[2m 12.27 kB[22m[1m[22m[2m │ gzip:   3.77 kB[22m
[2m.gate/probe-dist/[22m[36massets/organization-screen-Serqr_dC.js                        [39m[1m[2m 12.82 kB[22m[1m[22m[2m │ gzip:   4.21 kB[22m
[2m.gate/probe-dist/[22m[36massets/calendar-screen-DGx1Hs1J.js                            [39m[1m[2m 13.22 kB[22m[1m[22m[2m │ gzip:   4.61 kB[22m
[2m.gate/probe-dist/[22m[36massets/verify-email-screen-BzcaP4mG.js                        [39m[1m[2m 14.05 kB[22m[1m[22m[2m │ gzip:   5.62 kB[22m
[2m.gate/probe-dist/[22m[36massets/dev-kitchen-sink-CbLDGS3H.js                           [39m[1m[2m 14.28 kB[22m[1m[22m[2m │ gzip:   5.16 kB[22m
[2m.gate/probe-dist/[22m[36massets/legal-screens-BfZ_IfTx.js                              [39m[1m[2m 15.55 kB[22m[1m[22m[2m │ gzip:   4.91 kB[22m
[2m.gate/probe-dist/[22m[36massets/pricing-screen-BSQjAALv.js                             [39m[1m[2m 17.11 kB[22m[1m[22m[2m │ gzip:   5.32 kB[22m
[2m.gate/probe-dist/[22m[36massets/billing-screens-D-eXLKEQ.js                            [39m[1m[2m 17.44 kB[22m[1m[22m[2m │ gzip:   5.14 kB[22m
[2m.gate/probe-dist/[22m[36massets/knowledge-screen-DtkPMo9v.js                           [39m[1m[2m 17.96 kB[22m[1m[22m[2m │ gzip:   6.38 kB[22m
[2m.gate/probe-dist/[22m[36massets/index-D6o0g_z4.js                                      [39m[1m[2m 21.93 kB[22m[1m[22m[2m │ gzip:   7.98 kB[22m
[2m.gate/probe-dist/[22m[36massets/use-draft-actions-BwrDy2xc.js                          [39m[1m[2m 22.16 kB[22m[1m[22m[2m │ gzip:   7.67 kB[22m
[2m.gate/probe-dist/[22m[36massets/generate-screen-I7TkD8ON.js                            [39m[1m[2m 22.85 kB[22m[1m[22m[2m │ gzip:   8.04 kB[22m
[2m.gate/probe-dist/[22m[36massets/studio-D5qjCDwb.js                                     [39m[1m[2m 29.81 kB[22m[1m[22m[2m │ gzip:   9.89 kB[22m
[2m.gate/probe-dist/[22m[36massets/studio-screens-BXO-opMe.js                             [39m[1m[2m 39.11 kB[22m[1m[22m[2m │ gzip:  11.98 kB[22m
[2m.gate/probe-dist/[22m[36massets/app-shell-BOCORyzt.js                                  [39m[1m[2m 40.27 kB[22m[1m[22m[2m │ gzip:  13.16 kB[22m
[2m.gate/probe-dist/[22m[36massets/form-DKDqJ8ep.js                                       [39m[1m[2m 40.50 kB[22m[1m[22m[2m │ gzip:  14.40 kB[22m
[2m.gate/probe-dist/[22m[36massets/analytics-screens-D0sqTKNb.js                          [39m[1m[2m360.19 kB[22m[1m[22m[2m │ gzip: 108.20 kB[22m
[2m.gate/probe-dist/[22m[36massets/index-Drfl8Gn4.js                                      [39m[1m[33m695.42 kB[39m[22m[2m │ gzip: 217.79 kB[22m
[33m
(!) Some chunks are larger than 500 kB after minification. Consider:
- Using dynamic import() to code-split the application
- Use build.rollupOptions.output.manualChunks to improve chunking: https://rollupjs.org/configuration-options/#output-manualchunks
- Adjust chunk size limit for this warning via build.chunkSizeWarningLimit.[39m
[32m✓ built in 10.14s[39m
