
> alphabeacon-web@0.0.0 build C:\alphabeacon-web\alphabeacon-web
> tsc -b && vite build

[36mvite v7.3.6 [32mbuilding client environment for production...[36m[39m
transforming...
[32m✓[39m 2858 modules transformed.
rendering chunks...
computing gzip size...
[2mdist/[22m[32mindex.html                                                    [39m[1m[2m  2.46 kB[22m[1m[22m[2m │ gzip:   0.87 kB[22m
[2mdist/[22m[32massets/dm-sans-latin-ext-opsz-normal-oos9povj.woff2           [39m[1m[2m 31.29 kB[22m[1m[22m
[2mdist/[22m[32massets/dm-sans-latin-ext-opsz-italic-DNX9AbKj.woff2           [39m[1m[2m 40.84 kB[22m[1m[22m
[2mdist/[22m[32massets/ibm-plex-sans-arabic-arabic-400-normal-CyU-ddYS.woff2  [39m[1m[2m 42.85 kB[22m[1m[22m
[2mdist/[22m[32massets/ibm-plex-sans-arabic-arabic-400-normal-EA1o-u_Q.woff   [39m[1m[2m 44.14 kB[22m[1m[22m
[2mdist/[22m[32massets/ibm-plex-sans-arabic-arabic-500-normal-C4MQITzh.woff2  [39m[1m[2m 45.30 kB[22m[1m[22m
[2mdist/[22m[32massets/ibm-plex-sans-arabic-arabic-600-normal-0pRdybE_.woff2  [39m[1m[2m 45.69 kB[22m[1m[22m
[2mdist/[22m[32massets/ibm-plex-sans-arabic-arabic-600-normal-MJZ0liF5.woff   [39m[1m[2m 46.78 kB[22m[1m[22m
[2mdist/[22m[32massets/ibm-plex-sans-arabic-arabic-500-normal-DPXcppbm.woff   [39m[1m[2m 46.92 kB[22m[1m[22m
[2mdist/[22m[32massets/dm-sans-latin-opsz-normal-Bf69Tn_J.woff2               [39m[1m[2m 62.72 kB[22m[1m[22m
[2mdist/[22m[32massets/dm-sans-latin-opsz-italic-C8i6y2Ft.woff2               [39m[1m[2m 76.25 kB[22m[1m[22m
[2mdist/[22m[35massets/legal-screens-DSRWV6hP.css                             [39m[1m[2m  4.26 kB[22m[1m[22m[2m │ gzip:   1.19 kB[22m
[2mdist/[22m[35massets/request-demo-screen-CG8IVRvO.css                       [39m[1m[2m  7.77 kB[22m[1m[22m[2m │ gzip:   2.05 kB[22m
[2mdist/[22m[35massets/pricing-screen-2fPdY0oe.css                            [39m[1m[2m 13.83 kB[22m[1m[22m[2m │ gzip:   2.95 kB[22m
[2mdist/[22m[35massets/index-Crfna5rg.css                                     [39m[1m[2m222.76 kB[22m[1m[22m[2m │ gzip:  37.21 kB[22m
[2mdist/[22m[36massets/error-reference-BC9CwbrY.js                            [39m[1m[2m  0.08 kB[22m[1m[22m[2m │ gzip:   0.09 kB[22m
[2mdist/[22m[36massets/chevron-down-Bj-3eASV.js                               [39m[1m[2m  0.13 kB[22m[1m[22m[2m │ gzip:   0.14 kB[22m
[2mdist/[22m[36massets/circle-BRZI3AnW.js                                     [39m[1m[2m  0.13 kB[22m[1m[22m[2m │ gzip:   0.13 kB[22m
[2mdist/[22m[36massets/plus-Bfq0L0Pq.js                                       [39m[1m[2m  0.15 kB[22m[1m[22m[2m │ gzip:   0.15 kB[22m
[2mdist/[22m[36massets/arrow-left-Blnh4y-q.js                                 [39m[1m[2m  0.17 kB[22m[1m[22m[2m │ gzip:   0.16 kB[22m
[2mdist/[22m[36massets/skeleton-DrYVI7dV.js                                   [39m[1m[2m  0.20 kB[22m[1m[22m[2m │ gzip:   0.17 kB[22m
[2mdist/[22m[36massets/lock-CEny4tRq.js                                       [39m[1m[2m  0.21 kB[22m[1m[22m[2m │ gzip:   0.19 kB[22m
[2mdist/[22m[36massets/tone-badge-DhiadVNp.js                                 [39m[1m[2m  0.22 kB[22m[1m[22m[2m │ gzip:   0.19 kB[22m
[2mdist/[22m[36massets/upload-ZB2ikdY3.js                                     [39m[1m[2m  0.23 kB[22m[1m[22m[2m │ gzip:   0.19 kB[22m
[2mdist/[22m[36massets/copy-C2mzoOVX.js                                       [39m[1m[2m  0.24 kB[22m[1m[22m[2m │ gzip:   0.21 kB[22m
[2mdist/[22m[36massets/external-link-DuzDT9Jm.js                              [39m[1m[2m  0.25 kB[22m[1m[22m[2m │ gzip:   0.20 kB[22m
[2mdist/[22m[36massets/pencil-jGmMNsU-.js                                     [39m[1m[2m  0.28 kB[22m[1m[22m[2m │ gzip:   0.23 kB[22m
[2mdist/[22m[36massets/mail-check-6X-K9GmD.js                                 [39m[1m[2m  0.29 kB[22m[1m[22m[2m │ gzip:   0.23 kB[22m
[2mdist/[22m[36massets/mail-warning-BoxTLhM7.js                               [39m[1m[2m  0.33 kB[22m[1m[22m[2m │ gzip:   0.24 kB[22m
[2mdist/[22m[36massets/trash-2-BnGJuzkb.js                                    [39m[1m[2m  0.33 kB[22m[1m[22m[2m │ gzip:   0.22 kB[22m
[2mdist/[22m[36massets/film-B-zfwOcn.js                                       [39m[1m[2m  0.41 kB[22m[1m[22m[2m │ gzip:   0.25 kB[22m
[2mdist/[22m[36massets/calendar-days-BL05Zdoe.js                              [39m[1m[2m  0.50 kB[22m[1m[22m[2m │ gzip:   0.27 kB[22m
[2mdist/[22m[36massets/posting-time-CM1HDhsk.js                               [39m[1m[2m  0.68 kB[22m[1m[22m[2m │ gzip:   0.43 kB[22m
[2mdist/[22m[36massets/label-WOQmrrLA.js                                      [39m[1m[2m  0.68 kB[22m[1m[22m[2m │ gzip:   0.44 kB[22m
[2mdist/[22m[36massets/textarea-C9BgOm3t.js                                   [39m[1m[2m  0.70 kB[22m[1m[22m[2m │ gzip:   0.38 kB[22m
[2mdist/[22m[36massets/input-BbSjcPk-.js                                      [39m[1m[2m  0.83 kB[22m[1m[22m[2m │ gzip:   0.42 kB[22m
[2mdist/[22m[36massets/error-state-CKMnB6Rl.js                                [39m[1m[2m  0.99 kB[22m[1m[22m[2m │ gzip:   0.52 kB[22m
[2mdist/[22m[36massets/account-4z_ZYYBL.js                                    [39m[1m[2m  1.01 kB[22m[1m[22m[2m │ gzip:   0.48 kB[22m
[2mdist/[22m[36massets/platforms-Bywb9fpB.js                                  [39m[1m[2m  1.03 kB[22m[1m[22m[2m │ gzip:   0.55 kB[22m
[2mdist/[22m[36massets/not-found-ZKX8lNDr.js                                  [39m[1m[2m  1.15 kB[22m[1m[22m[2m │ gzip:   0.57 kB[22m
[2mdist/[22m[36massets/slot-chip-h9zazZfW.js                                  [39m[1m[2m  1.18 kB[22m[1m[22m[2m │ gzip:   0.55 kB[22m
[2mdist/[22m[36massets/badge-UFZnG3mL.js                                      [39m[1m[2m  1.35 kB[22m[1m[22m[2m │ gzip:   0.64 kB[22m
[2mdist/[22m[36massets/password-strength-Dry-VJKq.js                          [39m[1m[2m  1.36 kB[22m[1m[22m[2m │ gzip:   0.66 kB[22m
[2mdist/[22m[36massets/timezone-DFOV_Yvd.js                                   [39m[1m[2m  1.42 kB[22m[1m[22m[2m │ gzip:   0.65 kB[22m
[2mdist/[22m[36massets/dev-datasets-CazZ31Zl.js                               [39m[1m[2m  1.44 kB[22m[1m[22m[2m │ gzip:   0.72 kB[22m
[2mdist/[22m[36massets/card-DNtQu8JA.js                                       [39m[1m[2m  1.58 kB[22m[1m[22m[2m │ gzip:   0.59 kB[22m
[2mdist/[22m[36massets/empty-state-CgT74zT9.js                                [39m[1m[2m  1.76 kB[22m[1m[22m[2m │ gzip:   0.67 kB[22m
[2mdist/[22m[36massets/team-Z3aebKk5.js                                       [39m[1m[2m  1.85 kB[22m[1m[22m[2m │ gzip:   0.79 kB[22m
[2mdist/[22m[36massets/scheduling-DV_J5cMG.js                                 [39m[1m[2m  1.91 kB[22m[1m[22m[2m │ gzip:   0.75 kB[22m
[2mdist/[22m[36massets/claim-chip-DkjykcIY.js                                 [39m[1m[2m  1.93 kB[22m[1m[22m[2m │ gzip:   1.01 kB[22m
[2mdist/[22m[36massets/use-job-poll-CotdORya.js                               [39m[1m[2m  1.94 kB[22m[1m[22m[2m │ gzip:   1.04 kB[22m
[2mdist/[22m[36massets/stat-card-DJfg5u6P.js                                  [39m[1m[2m  2.03 kB[22m[1m[22m[2m │ gzip:   0.88 kB[22m
[2mdist/[22m[36massets/save-bar-DLjP3ENI.js                                   [39m[1m[2m  2.13 kB[22m[1m[22m[2m │ gzip:   1.05 kB[22m
[2mdist/[22m[36massets/dialog-BOMwH8um.js                                     [39m[1m[2m  2.14 kB[22m[1m[22m[2m │ gzip:   0.84 kB[22m
[2mdist/[22m[36massets/empty-org-screen-CsNAMM7c.js                           [39m[1m[2m  2.32 kB[22m[1m[22m[2m │ gzip:   1.11 kB[22m
[2mdist/[22m[36massets/settings-layout-RVlWC34P.js                            [39m[1m[2m  2.36 kB[22m[1m[22m[2m │ gzip:   1.27 kB[22m
[2mdist/[22m[36massets/country-picker-BHJRxbyz.js                             [39m[1m[2m  2.46 kB[22m[1m[22m[2m │ gzip:   1.13 kB[22m
[2mdist/[22m[36massets/dev-states-D7rrx9JE.js                                 [39m[1m[2m  2.58 kB[22m[1m[22m[2m │ gzip:   0.97 kB[22m
[2mdist/[22m[36massets/field-editors-VZOWhcEc.js                              [39m[1m[2m  2.71 kB[22m[1m[22m[2m │ gzip:   1.09 kB[22m
[2mdist/[22m[36massets/skeletons-D8OZu40h.js                                  [39m[1m[2m  2.74 kB[22m[1m[22m[2m │ gzip:   0.89 kB[22m
[2mdist/[22m[36massets/signin-screen-fB0VdLwZ.js                              [39m[1m[2m  2.76 kB[22m[1m[22m[2m │ gzip:   1.38 kB[22m
[2mdist/[22m[36massets/auth-layout-CTFicIXk.js                                [39m[1m[2m  2.86 kB[22m[1m[22m[2m │ gzip:   1.27 kB[22m
[2mdist/[22m[36massets/setup-checklist-BsMgYCNx.js                            [39m[1m[2m  3.46 kB[22m[1m[22m[2m │ gzip:   1.37 kB[22m
[2mdist/[22m[36massets/accept-invite-screen-CSACcrRf.js                       [39m[1m[2m  3.47 kB[22m[1m[22m[2m │ gzip:   1.67 kB[22m
[2mdist/[22m[36massets/signup-screen-B0poukaR.js                              [39m[1m[2m  3.61 kB[22m[1m[22m[2m │ gzip:   1.67 kB[22m
[2mdist/[22m[36massets/status-badge-BLTiGlkW.js                               [39m[1m[2m  3.68 kB[22m[1m[22m[2m │ gzip:   1.44 kB[22m
[2mdist/[22m[36massets/brand-voice-screen-BBvdjQgt.js                         [39m[1m[2m  3.70 kB[22m[1m[22m[2m │ gzip:   1.63 kB[22m
[2mdist/[22m[36massets/brand-CoYpmA61.js                                      [39m[1m[2m  3.74 kB[22m[1m[22m[2m │ gzip:   1.53 kB[22m
[2mdist/[22m[36massets/sources-screen-V0Sct9Qh.js                             [39m[1m[2m  4.09 kB[22m[1m[22m[2m │ gzip:   1.70 kB[22m
[2mdist/[22m[36massets/use-subscription-poll-BQOyMiWw.js                      [39m[1m[2m  4.16 kB[22m[1m[22m[2m │ gzip:   1.87 kB[22m
[2mdist/[22m[36massets/tones-screen-BQ0eWNOi.js                               [39m[1m[2m  4.63 kB[22m[1m[22m[2m │ gzip:   1.70 kB[22m
[2mdist/[22m[36massets/checkbox-DUy9hH3J.js                                   [39m[1m[2m  4.72 kB[22m[1m[22m[2m │ gzip:   2.01 kB[22m
[2mdist/[22m[36massets/switch-BbuoiAOs.js                                     [39m[1m[2m  4.81 kB[22m[1m[22m[2m │ gzip:   1.96 kB[22m
[2mdist/[22m[36massets/billing-success-screen-D_-J4J-X.js                     [39m[1m[2m  4.95 kB[22m[1m[22m[2m │ gzip:   1.51 kB[22m
[2mdist/[22m[36massets/tone-editor-DMQ_WCdw.js                                [39m[1m[2m  5.29 kB[22m[1m[22m[2m │ gzip:   2.26 kB[22m
[2mdist/[22m[36massets/confirm-dialog-CdoHkNJu.js                             [39m[1m[2m  5.49 kB[22m[1m[22m[2m │ gzip:   1.73 kB[22m
[2mdist/[22m[36massets/reset-password-screen-JkFtVt9_.js                      [39m[1m[2m  5.53 kB[22m[1m[22m[2m │ gzip:   1.93 kB[22m
[2mdist/[22m[36massets/dashboard-screen-COnE5uKi.js                           [39m[1m[2m  5.60 kB[22m[1m[22m[2m │ gzip:   2.33 kB[22m
[2mdist/[22m[36massets/toggle-group-bzm1ZO__.js                               [39m[1m[2m  5.73 kB[22m[1m[22m[2m │ gzip:   1.97 kB[22m
[2mdist/[22m[36massets/draft-detail-screen-BX3pBiUd.js                        [39m[1m[2m  6.20 kB[22m[1m[22m[2m │ gzip:   2.14 kB[22m
[2mdist/[22m[36massets/schedule-dialog-D5c-zGPP.js                            [39m[1m[2m  6.96 kB[22m[1m[22m[2m │ gzip:   2.41 kB[22m
[2mdist/[22m[36massets/event-sources-screen-B3mZHrpP.js                       [39m[1m[2m  7.49 kB[22m[1m[22m[2m │ gzip:   2.95 kB[22m
[2mdist/[22m[36massets/composer-CiOrmYOi.js                                   [39m[1m[2m  8.79 kB[22m[1m[22m[2m │ gzip:   3.35 kB[22m
[2mdist/[22m[36massets/team-screen-D6d2jj1M.js                                [39m[1m[2m  8.92 kB[22m[1m[22m[2m │ gzip:   3.15 kB[22m
[2mdist/[22m[36massets/billing-screen-3LKRin2X.js                             [39m[1m[2m  8.95 kB[22m[1m[22m[2m │ gzip:   2.88 kB[22m
[2mdist/[22m[36massets/today-screen-BGkFuwgF.js                               [39m[1m[2m 10.99 kB[22m[1m[22m[2m │ gzip:   4.09 kB[22m
[2mdist/[22m[36massets/request-demo-screen-Crddin-V.js                        [39m[1m[2m 11.01 kB[22m[1m[22m[2m │ gzip:   4.20 kB[22m
[2mdist/[22m[36massets/schedule-config-screen-OFX6D3Ji.js                     [39m[1m[2m 11.86 kB[22m[1m[22m[2m │ gzip:   4.21 kB[22m
[2mdist/[22m[36massets/connections-screen-CJ4l7ks4.js                         [39m[1m[2m 11.91 kB[22m[1m[22m[2m │ gzip:   3.62 kB[22m
[2mdist/[22m[36massets/organization-screen-pC6m0C8O.js                        [39m[1m[2m 12.65 kB[22m[1m[22m[2m │ gzip:   4.14 kB[22m
[2mdist/[22m[36massets/calendar-screen-6ZgqAipA.js                            [39m[1m[2m 12.84 kB[22m[1m[22m[2m │ gzip:   4.46 kB[22m
[2mdist/[22m[36massets/verify-email-screen-DypECWCy.js                        [39m[1m[2m 13.95 kB[22m[1m[22m[2m │ gzip:   5.58 kB[22m
[2mdist/[22m[36massets/dev-kitchen-sink-CP2W-gmO.js                           [39m[1m[2m 14.15 kB[22m[1m[22m[2m │ gzip:   5.11 kB[22m
[2mdist/[22m[36massets/legal-screens-Co5v7bU-.js                              [39m[1m[2m 15.55 kB[22m[1m[22m[2m │ gzip:   4.91 kB[22m
[2mdist/[22m[36massets/billing-screens-0gkwcJaR.js                            [39m[1m[2m 17.07 kB[22m[1m[22m[2m │ gzip:   4.97 kB[22m
[2mdist/[22m[36massets/pricing-screen-Ctm6ejcf.js                             [39m[1m[2m 17.11 kB[22m[1m[22m[2m │ gzip:   5.32 kB[22m
[2mdist/[22m[36massets/knowledge-screen-CLeXDHBh.js                           [39m[1m[2m 17.74 kB[22m[1m[22m[2m │ gzip:   6.29 kB[22m
[2mdist/[22m[36massets/use-draft-actions-1mlSoVVt.js                          [39m[1m[2m 22.02 kB[22m[1m[22m[2m │ gzip:   7.62 kB[22m
[2mdist/[22m[36massets/generate-screen-B33c-7Jc.js                            [39m[1m[2m 22.48 kB[22m[1m[22m[2m │ gzip:   7.88 kB[22m
[2mdist/[22m[36massets/studio-BLvRtWM1.js                                     [39m[1m[2m 29.82 kB[22m[1m[22m[2m │ gzip:   9.89 kB[22m
[2mdist/[22m[36massets/studio-screens-CVOIDKT0.js                             [39m[1m[2m 38.74 kB[22m[1m[22m[2m │ gzip:  11.84 kB[22m
[2mdist/[22m[36massets/form-BivwErG3.js                                       [39m[1m[2m 40.47 kB[22m[1m[22m[2m │ gzip:  14.37 kB[22m
[2mdist/[22m[36massets/analytics-screens-On-ylmyk.js                          [39m[1m[2m359.83 kB[22m[1m[22m[2m │ gzip: 108.03 kB[22m
[2mdist/[22m[36massets/index-DnHJFObV.js                                      [39m[1m[33m784.56 kB[39m[22m[2m │ gzip: 245.54 kB[22m
[33m
(!) Some chunks are larger than 500 kB after minification. Consider:
- Using dynamic import() to code-split the application
- Use build.rollupOptions.output.manualChunks to improve chunking: https://rollupjs.org/configuration-options/#output-manualchunks
- Adjust chunk size limit for this warning via build.chunkSizeWarningLimit.[39m
[32m✓ built in 9.44s[39m
