
> alphabeacon-web@0.0.0 build C:\alphabeacon-web\alphabeacon-web
> tsc -b && vite build

[36mvite v7.3.6 [32mbuilding client environment for production...[36m[39m
transforming...
[32m✓[39m 2858 modules transformed.
rendering chunks...
computing gzip size...
[2mdist/[22m[32mindex.html                                                    [39m[1m[2m  2.46 kB[22m[1m[22m[2m │ gzip:   0.87 kB[22m
[2mdist/[22m[32massets/dm-sans-latin-ext-opsz-normal-oos9povj.woff2           [39m[1m[2m 31.29 kB[22m[1m[22m
[2mdist/[22m[32massets/dm-sans-latin-ext-opsz-italic-DNX9AbKj.woff2           [39m[1m[2m 40.84 kB[22m[1m[22m
[2mdist/[22m[32massets/ibm-plex-sans-arabic-arabic-400-normal-CyU-ddYS.woff2  [39m[1m[2m 42.85 kB[22m[1m[22m
[2mdist/[22m[32massets/ibm-plex-sans-arabic-arabic-400-normal-EA1o-u_Q.woff   [39m[1m[2m 44.14 kB[22m[1m[22m
[2mdist/[22m[32massets/ibm-plex-sans-arabic-arabic-500-normal-C4MQITzh.woff2  [39m[1m[2m 45.30 kB[22m[1m[22m
[2mdist/[22m[32massets/ibm-plex-sans-arabic-arabic-600-normal-0pRdybE_.woff2  [39m[1m[2m 45.69 kB[22m[1m[22m
[2mdist/[22m[32massets/ibm-plex-sans-arabic-arabic-600-normal-MJZ0liF5.woff   [39m[1m[2m 46.78 kB[22m[1m[22m
[2mdist/[22m[32massets/ibm-plex-sans-arabic-arabic-500-normal-DPXcppbm.woff   [39m[1m[2m 46.92 kB[22m[1m[22m
[2mdist/[22m[32massets/dm-sans-latin-opsz-normal-Bf69Tn_J.woff2               [39m[1m[2m 62.72 kB[22m[1m[22m
[2mdist/[22m[32massets/dm-sans-latin-opsz-italic-C8i6y2Ft.woff2               [39m[1m[2m 76.25 kB[22m[1m[22m
[2mdist/[22m[35massets/legal-screens-DSRWV6hP.css                             [39m[1m[2m  4.26 kB[22m[1m[22m[2m │ gzip:   1.19 kB[22m
[2mdist/[22m[35massets/request-demo-screen-CG8IVRvO.css                       [39m[1m[2m  7.77 kB[22m[1m[22m[2m │ gzip:   2.05 kB[22m
[2mdist/[22m[35massets/pricing-screen-2fPdY0oe.css                            [39m[1m[2m 13.83 kB[22m[1m[22m[2m │ gzip:   2.95 kB[22m
[2mdist/[22m[35massets/index-Crfna5rg.css                                     [39m[1m[2m222.76 kB[22m[1m[22m[2m │ gzip:  37.21 kB[22m
[2mdist/[22m[36massets/error-reference-BC9CwbrY.js                            [39m[1m[2m  0.08 kB[22m[1m[22m[2m │ gzip:   0.09 kB[22m
[2mdist/[22m[36massets/chevron-down-BTl_ueLq.js                               [39m[1m[2m  0.13 kB[22m[1m[22m[2m │ gzip:   0.14 kB[22m
[2mdist/[22m[36massets/circle-onojcP6V.js                                     [39m[1m[2m  0.13 kB[22m[1m[22m[2m │ gzip:   0.13 kB[22m
[2mdist/[22m[36massets/plus-HAXcKmyS.js                                       [39m[1m[2m  0.15 kB[22m[1m[22m[2m │ gzip:   0.15 kB[22m
[2mdist/[22m[36massets/arrow-left-XJRQD7_4.js                                 [39m[1m[2m  0.17 kB[22m[1m[22m[2m │ gzip:   0.16 kB[22m
[2mdist/[22m[36massets/skeleton-DjYsbklY.js                                   [39m[1m[2m  0.20 kB[22m[1m[22m[2m │ gzip:   0.17 kB[22m
[2mdist/[22m[36massets/lock-B1wmpIrD.js                                       [39m[1m[2m  0.21 kB[22m[1m[22m[2m │ gzip:   0.19 kB[22m
[2mdist/[22m[36massets/tone-badge-C87A1WNX.js                                 [39m[1m[2m  0.22 kB[22m[1m[22m[2m │ gzip:   0.18 kB[22m
[2mdist/[22m[36massets/upload-CH1jUIeU.js                                     [39m[1m[2m  0.23 kB[22m[1m[22m[2m │ gzip:   0.19 kB[22m
[2mdist/[22m[36massets/copy-BeiIljvm.js                                       [39m[1m[2m  0.24 kB[22m[1m[22m[2m │ gzip:   0.21 kB[22m
[2mdist/[22m[36massets/external-link-D_yARRA-.js                              [39m[1m[2m  0.25 kB[22m[1m[22m[2m │ gzip:   0.20 kB[22m
[2mdist/[22m[36massets/pencil-CQNlMgjf.js                                     [39m[1m[2m  0.28 kB[22m[1m[22m[2m │ gzip:   0.23 kB[22m
[2mdist/[22m[36massets/mail-check-D4CADKwG.js                                 [39m[1m[2m  0.29 kB[22m[1m[22m[2m │ gzip:   0.23 kB[22m
[2mdist/[22m[36massets/mail-warning-CEBE9AAS.js                               [39m[1m[2m  0.33 kB[22m[1m[22m[2m │ gzip:   0.24 kB[22m
[2mdist/[22m[36massets/trash-2-DW2jC19E.js                                    [39m[1m[2m  0.33 kB[22m[1m[22m[2m │ gzip:   0.22 kB[22m
[2mdist/[22m[36massets/film-XXLDUvUD.js                                       [39m[1m[2m  0.41 kB[22m[1m[22m[2m │ gzip:   0.24 kB[22m
[2mdist/[22m[36massets/calendar-days-DZKl9Kr4.js                              [39m[1m[2m  0.50 kB[22m[1m[22m[2m │ gzip:   0.26 kB[22m
[2mdist/[22m[36massets/posting-time-jQSbT3ng.js                               [39m[1m[2m  0.68 kB[22m[1m[22m[2m │ gzip:   0.43 kB[22m
[2mdist/[22m[36massets/label-BqbCdOdK.js                                      [39m[1m[2m  0.68 kB[22m[1m[22m[2m │ gzip:   0.44 kB[22m
[2mdist/[22m[36massets/textarea-D6cOjLSP.js                                   [39m[1m[2m  0.70 kB[22m[1m[22m[2m │ gzip:   0.38 kB[22m
[2mdist/[22m[36massets/input-CRT96A-d.js                                      [39m[1m[2m  0.83 kB[22m[1m[22m[2m │ gzip:   0.42 kB[22m
[2mdist/[22m[36massets/error-state-9gD7aatM.js                                [39m[1m[2m  0.99 kB[22m[1m[22m[2m │ gzip:   0.52 kB[22m
[2mdist/[22m[36massets/account-BwCK7hvJ.js                                    [39m[1m[2m  1.01 kB[22m[1m[22m[2m │ gzip:   0.48 kB[22m
[2mdist/[22m[36massets/platforms-Cv88_xyi.js                                  [39m[1m[2m  1.03 kB[22m[1m[22m[2m │ gzip:   0.55 kB[22m
[2mdist/[22m[36massets/not-found-CAxTwDSt.js                                  [39m[1m[2m  1.15 kB[22m[1m[22m[2m │ gzip:   0.57 kB[22m
[2mdist/[22m[36massets/slot-chip-BIRjK1KW.js                                  [39m[1m[2m  1.18 kB[22m[1m[22m[2m │ gzip:   0.55 kB[22m
[2mdist/[22m[36massets/badge-CpI_jHmo.js                                      [39m[1m[2m  1.35 kB[22m[1m[22m[2m │ gzip:   0.64 kB[22m
[2mdist/[22m[36massets/password-strength-BxQ5acPd.js                          [39m[1m[2m  1.36 kB[22m[1m[22m[2m │ gzip:   0.66 kB[22m
[2mdist/[22m[36massets/timezone-DFOV_Yvd.js                                   [39m[1m[2m  1.42 kB[22m[1m[22m[2m │ gzip:   0.65 kB[22m
[2mdist/[22m[36massets/dev-datasets-nSpZedMQ.js                               [39m[1m[2m  1.44 kB[22m[1m[22m[2m │ gzip:   0.72 kB[22m
[2mdist/[22m[36massets/card-C7i097fz.js                                       [39m[1m[2m  1.58 kB[22m[1m[22m[2m │ gzip:   0.58 kB[22m
[2mdist/[22m[36massets/empty-state-DV2y_SMU.js                                [39m[1m[2m  1.76 kB[22m[1m[22m[2m │ gzip:   0.67 kB[22m
[2mdist/[22m[36massets/team-Be-xeAwh.js                                       [39m[1m[2m  1.85 kB[22m[1m[22m[2m │ gzip:   0.79 kB[22m
[2mdist/[22m[36massets/scheduling-XusPxOaC.js                                 [39m[1m[2m  1.91 kB[22m[1m[22m[2m │ gzip:   0.75 kB[22m
[2mdist/[22m[36massets/claim-chip-Dn3PVX2j.js                                 [39m[1m[2m  1.93 kB[22m[1m[22m[2m │ gzip:   1.01 kB[22m
[2mdist/[22m[36massets/use-job-poll-DSrJJGti.js                               [39m[1m[2m  1.94 kB[22m[1m[22m[2m │ gzip:   1.03 kB[22m
[2mdist/[22m[36massets/stat-card-DMbWjB1_.js                                  [39m[1m[2m  2.03 kB[22m[1m[22m[2m │ gzip:   0.87 kB[22m
[2mdist/[22m[36massets/save-bar-CaFH9GOU.js                                   [39m[1m[2m  2.13 kB[22m[1m[22m[2m │ gzip:   1.05 kB[22m
[2mdist/[22m[36massets/dialog-B0_aykdG.js                                     [39m[1m[2m  2.14 kB[22m[1m[22m[2m │ gzip:   0.84 kB[22m
[2mdist/[22m[36massets/empty-org-screen-RrxAf5ck.js                           [39m[1m[2m  2.32 kB[22m[1m[22m[2m │ gzip:   1.11 kB[22m
[2mdist/[22m[36massets/settings-layout-CwJq7DZw.js                            [39m[1m[2m  2.36 kB[22m[1m[22m[2m │ gzip:   1.27 kB[22m
[2mdist/[22m[36massets/country-picker-DArU6NKG.js                             [39m[1m[2m  2.46 kB[22m[1m[22m[2m │ gzip:   1.13 kB[22m
[2mdist/[22m[36massets/dev-states-D0z3233g.js                                 [39m[1m[2m  2.58 kB[22m[1m[22m[2m │ gzip:   0.97 kB[22m
[2mdist/[22m[36massets/field-editors-bg6GnEYD.js                              [39m[1m[2m  2.71 kB[22m[1m[22m[2m │ gzip:   1.09 kB[22m
[2mdist/[22m[36massets/skeletons-DAR6ZOSL.js                                  [39m[1m[2m  2.74 kB[22m[1m[22m[2m │ gzip:   0.89 kB[22m
[2mdist/[22m[36massets/signin-screen-B77zkHNH.js                              [39m[1m[2m  2.76 kB[22m[1m[22m[2m │ gzip:   1.38 kB[22m
[2mdist/[22m[36massets/auth-layout-aWATZvMe.js                                [39m[1m[2m  2.86 kB[22m[1m[22m[2m │ gzip:   1.26 kB[22m
[2mdist/[22m[36massets/setup-checklist-B97kW5ll.js                            [39m[1m[2m  3.46 kB[22m[1m[22m[2m │ gzip:   1.36 kB[22m
[2mdist/[22m[36massets/accept-invite-screen-qv6enjFa.js                       [39m[1m[2m  3.47 kB[22m[1m[22m[2m │ gzip:   1.67 kB[22m
[2mdist/[22m[36massets/signup-screen-i0I_Mwig.js                              [39m[1m[2m  3.61 kB[22m[1m[22m[2m │ gzip:   1.67 kB[22m
[2mdist/[22m[36massets/status-badge-Bd3ocYPz.js                               [39m[1m[2m  3.68 kB[22m[1m[22m[2m │ gzip:   1.44 kB[22m
[2mdist/[22m[36massets/brand-voice-screen-CkcPceFM.js                         [39m[1m[2m  3.70 kB[22m[1m[22m[2m │ gzip:   1.63 kB[22m
[2mdist/[22m[36massets/brand-DLBvc91z.js                                      [39m[1m[2m  3.74 kB[22m[1m[22m[2m │ gzip:   1.53 kB[22m
[2mdist/[22m[36massets/sources-screen-BQQ9xf9Y.js                             [39m[1m[2m  4.09 kB[22m[1m[22m[2m │ gzip:   1.71 kB[22m
[2mdist/[22m[36massets/use-subscription-poll-BRBKPtAZ.js                      [39m[1m[2m  4.16 kB[22m[1m[22m[2m │ gzip:   1.86 kB[22m
[2mdist/[22m[36massets/tones-screen-D82KuGic.js                               [39m[1m[2m  4.63 kB[22m[1m[22m[2m │ gzip:   1.70 kB[22m
[2mdist/[22m[36massets/checkbox-BfCi5aKq.js                                   [39m[1m[2m  4.72 kB[22m[1m[22m[2m │ gzip:   2.01 kB[22m
[2mdist/[22m[36massets/switch-CJ0mN9FJ.js                                     [39m[1m[2m  4.81 kB[22m[1m[22m[2m │ gzip:   1.96 kB[22m
[2mdist/[22m[36massets/billing-success-screen-uGtq_9mK.js                     [39m[1m[2m  4.95 kB[22m[1m[22m[2m │ gzip:   1.50 kB[22m
[2mdist/[22m[36massets/tone-editor-rWHgTLxS.js                                [39m[1m[2m  5.29 kB[22m[1m[22m[2m │ gzip:   2.26 kB[22m
[2mdist/[22m[36massets/confirm-dialog-GMir2-Ln.js                             [39m[1m[2m  5.49 kB[22m[1m[22m[2m │ gzip:   1.73 kB[22m
[2mdist/[22m[36massets/reset-password-screen-BnW0sgEp.js                      [39m[1m[2m  5.53 kB[22m[1m[22m[2m │ gzip:   1.93 kB[22m
[2mdist/[22m[36massets/dashboard-screen-DN_7Bxp8.js                           [39m[1m[2m  5.60 kB[22m[1m[22m[2m │ gzip:   2.33 kB[22m
[2mdist/[22m[36massets/toggle-group-XuDR464e.js                               [39m[1m[2m  5.73 kB[22m[1m[22m[2m │ gzip:   1.97 kB[22m
[2mdist/[22m[36massets/draft-detail-screen-YgpXW-xp.js                        [39m[1m[2m  6.20 kB[22m[1m[22m[2m │ gzip:   2.14 kB[22m
[2mdist/[22m[36massets/schedule-dialog-qF_pmkG4.js                            [39m[1m[2m  6.96 kB[22m[1m[22m[2m │ gzip:   2.41 kB[22m
[2mdist/[22m[36massets/event-sources-screen-D_PmkkC9.js                       [39m[1m[2m  7.49 kB[22m[1m[22m[2m │ gzip:   2.95 kB[22m
[2mdist/[22m[36massets/composer-Cwsl4iiN.js                                   [39m[1m[2m  8.79 kB[22m[1m[22m[2m │ gzip:   3.35 kB[22m
[2mdist/[22m[36massets/team-screen-CxhTG1H0.js                                [39m[1m[2m  8.92 kB[22m[1m[22m[2m │ gzip:   3.15 kB[22m
[2mdist/[22m[36massets/billing-screen-BYLbHBKS.js                             [39m[1m[2m  8.95 kB[22m[1m[22m[2m │ gzip:   2.87 kB[22m
[2mdist/[22m[36massets/today-screen-DgpxquyK.js                               [39m[1m[2m 10.99 kB[22m[1m[22m[2m │ gzip:   4.09 kB[22m
[2mdist/[22m[36massets/request-demo-screen-DQ8ZmBAy.js                        [39m[1m[2m 11.01 kB[22m[1m[22m[2m │ gzip:   4.20 kB[22m
[2mdist/[22m[36massets/schedule-config-screen-CFUlFbd4.js                     [39m[1m[2m 11.86 kB[22m[1m[22m[2m │ gzip:   4.21 kB[22m
[2mdist/[22m[36massets/connections-screen-DPYmR_2-.js                         [39m[1m[2m 11.91 kB[22m[1m[22m[2m │ gzip:   3.62 kB[22m
[2mdist/[22m[36massets/organization-screen-h0dVuIEn.js                        [39m[1m[2m 12.65 kB[22m[1m[22m[2m │ gzip:   4.13 kB[22m
[2mdist/[22m[36massets/calendar-screen-DX4gsL5w.js                            [39m[1m[2m 12.84 kB[22m[1m[22m[2m │ gzip:   4.46 kB[22m
[2mdist/[22m[36massets/verify-email-screen-BJXpnffW.js                        [39m[1m[2m 13.95 kB[22m[1m[22m[2m │ gzip:   5.58 kB[22m
[2mdist/[22m[36massets/dev-kitchen-sink-M6D1OOyJ.js                           [39m[1m[2m 14.15 kB[22m[1m[22m[2m │ gzip:   5.12 kB[22m
[2mdist/[22m[36massets/legal-screens-Bq1WVute.js                              [39m[1m[2m 15.55 kB[22m[1m[22m[2m │ gzip:   4.91 kB[22m
[2mdist/[22m[36massets/billing-screens-DSNMVrOF.js                            [39m[1m[2m 17.07 kB[22m[1m[22m[2m │ gzip:   4.97 kB[22m
[2mdist/[22m[36massets/pricing-screen-BdEbRa0f.js                             [39m[1m[2m 17.11 kB[22m[1m[22m[2m │ gzip:   5.32 kB[22m
[2mdist/[22m[36massets/knowledge-screen-DUJfis29.js                           [39m[1m[2m 17.74 kB[22m[1m[22m[2m │ gzip:   6.29 kB[22m
[2mdist/[22m[36massets/use-draft-actions-DsUzs_78.js                          [39m[1m[2m 22.02 kB[22m[1m[22m[2m │ gzip:   7.62 kB[22m
[2mdist/[22m[36massets/generate-screen-Bg0pHCNf.js                            [39m[1m[2m 22.48 kB[22m[1m[22m[2m │ gzip:   7.88 kB[22m
[2mdist/[22m[36massets/studio-ClBijhYU.js                                     [39m[1m[2m 29.82 kB[22m[1m[22m[2m │ gzip:   9.89 kB[22m
[2mdist/[22m[36massets/studio-screens-DTwp5AMv.js                             [39m[1m[2m 38.74 kB[22m[1m[22m[2m │ gzip:  11.84 kB[22m
[2mdist/[22m[36massets/form-CwKMIhy6.js                                       [39m[1m[2m 40.47 kB[22m[1m[22m[2m │ gzip:  14.38 kB[22m
[2mdist/[22m[36massets/analytics-screens-DiU3xPD8.js                          [39m[1m[2m359.83 kB[22m[1m[22m[2m │ gzip: 108.03 kB[22m
[2mdist/[22m[36massets/index-fqC-c3NT.js                                      [39m[1m[33m784.34 kB[39m[22m[2m │ gzip: 245.51 kB[22m
[33m
(!) Some chunks are larger than 500 kB after minification. Consider:
- Using dynamic import() to code-split the application
- Use build.rollupOptions.output.manualChunks to improve chunking: https://rollupjs.org/configuration-options/#output-manualchunks
- Adjust chunk size limit for this warning via build.chunkSizeWarningLimit.[39m
[32m✓ built in 12.38s[39m
