
> alphabeacon-web@0.0.0 verify:w05 C:\alphabeacon-web\alphabeacon-web
> tsx scripts/verify-w05.ts

FAIL  lint — stale suite report (made for tree 08b3a00c5a29, this tree is adbc450d2c73) — run `pnpm verify:all` again
FAIL  typecheck — stale suite report (made for tree 08b3a00c5a29, this tree is adbc450d2c73) — run `pnpm verify:all` again
FAIL  unit tests — stale suite report (made for tree 08b3a00c5a29, this tree is adbc450d2c73) — run `pnpm verify:all` again
FAIL  guard-static — stale suite report (made for tree 08b3a00c5a29, this tree is adbc450d2c73) — run `pnpm verify:all` again
FAIL  build — stale suite report (made for tree 08b3a00c5a29, this tree is adbc450d2c73) — run `pnpm verify:all` again
FAIL  e2e (studio, billing, axe) — stale suite report (made for tree 08b3a00c5a29, this tree is adbc450d2c73) — run `pnpm verify:all` again
suite report: stale suite report (made for tree 08b3a00c5a29, this tree is adbc450d2c73) — run `pnpm verify:all` again

W5 verify summary
-------------------------------------
lint                             FAIL
typecheck                        FAIL
unit tests                       FAIL
guard-static                     FAIL
build                            FAIL
e2e (studio, billing, axe)       FAIL
D4 and E2 share one composer     SKIP
params form is schema-generated  SKIP
balance computed, never stored   SKIP
past_due gates product-wide      SKIP
e2e navigation rule holds        SKIP
W5 deliverables exist            SKIP
e2e (studio, billing, axe)       SKIP
-------------------------------------
RESULT: FAIL

MANUAL -- human judgement; verify by hand (web-plan.md W5 Verify):
  1. Open D4 from a draft and E2 from the gallery back to back.
     They pass the structural check -- but do they FEEL like one
     tool? That is the judgement the checklist actually asks for.
  2. Read the credits ledger as someone querying a charge: do the
     held rows explain why the balance is lower than the spend?

  Carried forward, still open (see .agent/open-items.md):
   - W1 screen-reader walk of the app shell (NVDA / VoiceOver)
   - W2 marketing copy read, wizard at phone width, marketing in a dark OS
   - W3 queue as one continuous tool, queue on a phone
   - W4 month grid at phone width, timezone as the audience sees it
 ELIFECYCLE  Command failed with exit code 1.
