
> alphabeacon-web@0.0.0 verify:w03 C:\alphabeacon-web\alphabeacon-web
> tsx scripts/verify-w03.ts

FAIL  lint — stale suite report (made for tree 08b3a00c5a29, this tree is 4049fb76c99a) — run `pnpm verify:all` again
FAIL  typecheck — stale suite report (made for tree 08b3a00c5a29, this tree is 4049fb76c99a) — run `pnpm verify:all` again
FAIL  unit tests — stale suite report (made for tree 08b3a00c5a29, this tree is 4049fb76c99a) — run `pnpm verify:all` again
FAIL  guard-static — stale suite report (made for tree 08b3a00c5a29, this tree is 4049fb76c99a) — run `pnpm verify:all` again
FAIL  build — stale suite report (made for tree 08b3a00c5a29, this tree is 4049fb76c99a) — run `pnpm verify:all` again
FAIL  e2e (@golden approve walk, queue axe) — stale suite report (made for tree 08b3a00c5a29, this tree is 4049fb76c99a) — run `pnpm verify:all` again
suite report: stale suite report (made for tree 08b3a00c5a29, this tree is 4049fb76c99a) — run `pnpm verify:all` again

W3 verify summary
-------------------------------------------
lint                                   FAIL
typecheck                              FAIL
unit tests                             FAIL
guard-static                           FAIL
build                                  FAIL
e2e (@golden approve walk, queue axe)  FAIL
approval gate is structural            SKIP
e2e navigation rule holds              SKIP
W3 deliverables exist                  SKIP
e2e (@golden approve walk, queue axe)  SKIP
-------------------------------------------
RESULT: FAIL

MANUAL -- human judgement; verify by hand (web-plan.md W3 Verify):
  1. Approve, generate media, and schedule a post end to end and
     judge whether it FEELS like one continuous tool -- the plan asks
     for D4 to read as "Studio, in context", not a second product.
  2. Read the queue on a phone: three slot groups deep, is it still
     obvious which draft belongs to which time?

  Carried forward, still open (see .agent/open-items.md):
   - W1 screen-reader walk of the app shell (NVDA / VoiceOver)
   - W2 marketing copy read, wizard at phone width, marketing in a dark OS
 ELIFECYCLE  Command failed with exit code 1.
