
Running 209 tests using 1 worker

  ok   1 [chromium] › e2e\billing.spec.ts:28:1 › the plans render from the demo in the wire’s shape, with Subscribe for the top tier (2.7s)
  ok   2 [chromium] › e2e\billing.spec.ts:65:1 › the demo’s Subscribe lands on the success route, which says nothing was paid (4.1s)
  ok   3 [chromium] › e2e\billing.spec.ts:91:1 › an abandoned checkout shows the plans again, plus the one-line note (789ms)
  ok   4 [chromium] › e2e\billing.spec.ts:99:1 › a billing link for a workspace this account is not in is refused, not read (1.4s)
  ok   5 [chromium] › e2e\billing.spec.ts:112:1 › @axe the billing page scans clean, populated (2.4s)
  ok   6 [chromium] › e2e\calendar-connections.spec.ts:25:1 › the calendar shows slots, events, and how published posts did (2.0s)
  ok   7 [chromium] › e2e\calendar-connections.spec.ts:38:1 › a post still waiting on analytics says Syncing, never a zero (2.1s)
  ok   8 [chromium] › e2e\calendar-connections.spec.ts:65:1 › skipping a slot is reversible today, and says so (3.4s)
  ok   9 [chromium] › e2e\calendar-connections.spec.ts:100:1 › schedule config refuses to lose unsaved changes (4.3s)
  ok  10 [chromium] › e2e\calendar-connections.spec.ts:131:1 › posts per day is capped at 3, and the cap is visible (2.6s)
  ok  11 [chromium] › e2e\calendar-connections.spec.ts:142:1 › the schedule reaches its event sources (3.0s)
  ok  12 [chromium] › e2e\calendar-connections.spec.ts:149:1 › connections show every status, and X stays coming soon (2.0s)
  ok  13 [chromium] › e2e\calendar-connections.spec.ts:161:1 › the permission sheet lists scopes and names what disconnecting costs (2.9s)
  ok  14 [chromium] › e2e\calendar-connections.spec.ts:176:1 › a denied connect return is a choice, not an error (2.0s)
  ok  15 [chromium] › e2e\calendar-connections.spec.ts:192:1 › a connect return never shows a success state — nothing can link to a platform yet (3.9s)
  ok  16 [chromium] › e2e\calendar-connections.spec.ts:227:1 › event sources keep their calendars when a token is lost (3.1s)
  ok  17 [chromium] › e2e\calendar-connections.spec.ts:241:1 › @axe calendar, connections and sources scan clean (3.6s)
  ok  18 [chromium] › e2e\calendar-connections.spec.ts:251:1 › a slot time names its zone, and never claims to be the audience (2.0s)
  ok  19 [chromium] › e2e\compose-analytics-settings.spec.ts:38:1 › a workspace with unfinished setup cannot generate, and the screen says why (2.7s)
  ok  20 [chromium] › e2e\compose-analytics-settings.spec.ts:69:1 › the checklist links reach the screens that complete each item (2.9s)
  ok  21 [chromium] › e2e\compose-analytics-settings.spec.ts:82:1 › the Studio composer is gated too — no media job before setup (2.6s)
  ok  22 [chromium] › e2e\compose-analytics-settings.spec.ts:90:1 › a finished workspace shows no checklist card and generates normally (2.5s)
  ok  23 [chromium] › e2e\compose-analytics-settings.spec.ts:102:1 › @axe the checklist card and the blocked generate state scan clean (3.4s)
  ok  24 [chromium] › e2e\compose-analytics-settings.spec.ts:116:1 › @golden a finished run becomes an ordinary draft with the full action row (5.0s)
  ok  25 [chromium] › e2e\compose-analytics-settings.spec.ts:136:1 › a guardrail flags a claim mid-run without hiding a word of it (5.0s)
  ok  26 [chromium] › e2e\compose-analytics-settings.spec.ts:146:1 › a dropped stream keeps the partial text and offers to pick it up (5.1s)
  ok  27 [chromium] › e2e\compose-analytics-settings.spec.ts:160:1 › stopping keeps what arrived and can be resumed (8.2s)
  ok  28 [chromium] › e2e\compose-analytics-settings.spec.ts:177:1 › the on-demand allowance runs out, and says so instead of failing quietly (3.2s)
  ok  29 [chromium] › e2e\compose-analytics-settings.spec.ts:202:1 › the overview totals exclude a channel that has not reported, and say so (2.5s)
  ok  30 [chromium] › e2e\compose-analytics-settings.spec.ts:217:1 › a channel detail charts what the platform reports, and explains what it does not (3.2s)
  ok  31 [chromium] › e2e\compose-analytics-settings.spec.ts:238:1 › with no channel left to report, analytics names the phase it is waiting on (5.7s)
  ok  32 [chromium] › e2e\compose-analytics-settings.spec.ts:284:1 › settings opens on the org profile and guards unsaved edits (3.0s)
  ok  33 [chromium] › e2e\compose-analytics-settings.spec.ts:300:1 › @golden a custom tone written once shows up wherever tones are picked (4.6s)
  ok  34 [chromium] › e2e\compose-analytics-settings.spec.ts:336:1 › deleting a tone names what it costs before it happens (3.0s)
  ok  35 [chromium] › e2e\compose-analytics-settings.spec.ts:354:1 › a source is named from its address, and prose is refused (2.9s)
  ok  36 [chromium] › e2e\compose-analytics-settings.spec.ts:368:1 › knowledge plays the whole ingestion lifecycle, per file (4.5s)
  ok  37 [chromium] › e2e\compose-analytics-settings.spec.ts:414:1 › the team screen invites, refuses a duplicate, and never offers to remove you (3.3s)
  ok  38 [chromium] › e2e\compose-analytics-settings.spec.ts:435:1 › a role can be changed in place, and the last admin cannot be demoted (2.9s)
  ok  39 [chromium] › e2e\compose-analytics-settings.spec.ts:470:1 › the bell counts what is unread and clears it (2.0s)
  ok  40 [chromium] › e2e\compose-analytics-settings.spec.ts:485:1 › the offline banner is global and non-blocking (1.2s)
  ok  41 [chromium] › e2e\compose-analytics-settings.spec.ts:501:1 › @axe generate, analytics and settings scan clean (4.5s)
  ok  42 [chromium] › e2e\design-layer.spec.ts:95:1 › kitchen sink is clean in the one theme @axe (1.5s)
  ok  43 [chromium] › e2e\design-layer.spec.ts:110:1 › reduced motion removes every signature animation @reduced-motion (1.3s)
  ok  44 [chromium] › e2e\design-layer.spec.ts:144:1 › form surfaces the named validation message from the schema (804ms)
  ok  45 [chromium] › e2e\design-layer.spec.ts:165:1 › keyboard-only walk of the app shell (1.3s)
  ok  46 [chromium] › e2e\entry-flow.spec.ts:45:1 › marketing is the front door when signed out (1.1s)
  ok  47 [chromium] › e2e\entry-flow.spec.ts:61:1 › @axe the auth screens reached from marketing scan clean (2.3s)
  ok  48 [chromium] › e2e\entry-flow.spec.ts:75:1 › @golden signup → verify → the app, with no wizard in between (2.8s)
  ok  49 [chromium] › e2e\entry-flow.spec.ts:99:1 › a signed-in account with no workspace gets the creation retry, not a wizard (3.6s)
  ok  50 [chromium] › e2e\entry-flow.spec.ts:119:1 › @axe the workspace-creation retry scans clean (3.6s)
  ok  51 [chromium] › e2e\entry-flow.spec.ts:129:1 › sign-in locks out after repeated failures and counts down (2.1s)
  ok  52 [chromium] › e2e\hsn-0902.spec.ts:69:1 › the Brand kit type asks no description, takes PDF only, and lands under Files as "Brand kit" (4.5s)
  ok  53 [chromium] › e2e\hsn-0902.spec.ts:129:1 › "brandkit" is a reserved description on any other kind — refused with the pointer at the Brand kit type (3.5s)
  ok  54 [chromium] › e2e\hsn-0902.spec.ts:153:1 › the video duration: video only, 8 s by default, the maximum shown, clamped on a quality change, over-max refused (5.7s)
  ok  55 [chromium] › e2e\hsn-0902.spec.ts:203:1 › @axe the Create visual modal with the duration control is clean (3.2s)
  ok  56 [chromium] › e2e\hsn-series.spec.ts:53:1 › Create visual on Today: beside Approve and Reject, refuses a blank kind, runs once, attaches nothing (5.7s)
  ok  57 [chromium] › e2e\hsn-series.spec.ts:106:1 › Create visual on a Generate result: the second entry point opens the same modal (8.0s)
  ok  58 [chromium] › e2e\hsn-series.spec.ts:133:1 › @axe the Create visual modal is clean (3.2s)
  ok  59 [chromium] › e2e\hsn-series.spec.ts:145:1 › a tone needs a language, defaults only its length, shows both on its card, and edits them (4.3s)
  ok  60 [chromium] › e2e\hsn-series.spec.ts:194:1 › sources stop at 10 and topics at 30: the counter, the disabled add, and room again after a removal (4.9s)
  ok  61 [chromium] › e2e\hsn-series.spec.ts:244:1 › the Knowledge upload asks what it is, filters by type, refuses the wrong MIME, and needs a description (5.7s)
  -   62 [chromium] › e2e\live-auth-401.spec.ts:127:1 › a fresh owner + org, made through the product
  -   63 [chromium] › e2e\live-auth-401.spec.ts:137:1 › 1 · a token expired at boot on `/` lands on login with the toast
  -   64 [chromium] › e2e\live-auth-401.spec.ts:145:1 › 2 · a token revoked mid-session on an authed route lands on login, not on the website
  -   65 [chromium] › e2e\live-auth-401.spec.ts:173:1 › 3 · a boot on an authed route with a dead token lands on login, not on the website
  -   66 [chromium] › e2e\live-auth.spec.ts:87:1 › signup -> verify with the emailed code -> logged in, WITH a workspace, in the app
  -   67 [chromium] › e2e\live-auth.spec.ts:106:1 › a second signup: resend immediately proves the 429 countdown, wrong password proves the vague 401
  -   68 [chromium] › e2e\live-auth.spec.ts:126:1 › correct password + unverified email routes to the verify screen, and N3 names the workspace
  -   69 [chromium] › e2e\live-auth.spec.ts:157:1 › forgot â†’ reset via the documented deep link revokes everything; only the new password works
  -   70 [chromium] › e2e\live-auth.spec.ts:195:1 › the shell appears; sign out and logout-all both really revoke
  -   71 [chromium] › e2e\live-auth.spec.ts:247:1 › a new user accepts an invite through the documented deep link and lands in the workspace
  -   72 [chromium] › e2e\live-auth.spec.ts:291:1 › a token-carrying 401 purges the session and lands on login with the toast
  -   73 [chromium] › e2e\live-billing.spec.ts:62:1 › a fresh owner + org, made through the product
  -   74 [chromium] › e2e\live-billing.spec.ts:78:1 › the five endpoints answer the shapes the UI is built on — and the checkout url is never opened
  -   75 [chromium] › e2e\live-billing.spec.ts:152:1 › /billing renders the plans FROM THE WIRE, Subscribe for the owner, and the honest empty history
  -   76 [chromium] › e2e\live-billing.spec.ts:204:1 › the abandoned-checkout return shows the plans plus the note
  -   77 [chromium] › e2e\live-billing.spec.ts:214:1 › the success route polls, shows the wire’s status every tick, and gives up honestly on an unpaid org
  -   78 [chromium] › e2e\live-billing.spec.ts:252:1 › a member cannot start checkout: 403 forbidden, and any member reads
  -   79 [chromium] › e2e\live-billing.spec.ts:289:1 › a generation on the unfunded org is refused with 402, and the refusal points at Billing
  -   80 [chromium] › e2e\live-brand-kit.spec.ts:61:1 › a fresh owner + org, made through the product
  -   81 [chromium] › e2e\live-brand-kit.spec.ts:71:1 › the wire, from Node (NOT browser truth): presign the closed pair, PUT a tiny PDF, read the row back under Files, Delete, re-read
  -   82 [chromium] › e2e\live-brand-kit.spec.ts:130:1 › browser truth: the Brand kit type sends a PDF from Chromium with nothing typed, it lists, and Delete removes it
  -   83 [chromium] › e2e\live-brand-rules.spec.ts:72:1 › a fresh owner + org, made through the product
  -   84 [chromium] › e2e\live-brand-rules.spec.ts:90:1 › a fresh org has no tones at all, and the screen says what that costs
  -   85 [chromium] › e2e\live-brand-rules.spec.ts:110:1 › a tone keeps its rules, and a PATCH replaces the whole list
  -   86 [chromium] › e2e\live-brand-rules.spec.ts:152:1 › the brand voice writes to one row, and an edit does not reorder it
  -   87 [chromium] › e2e\live-brand-rules.spec.ts:190:1 › Preview this tone returns a real sample from the platform
  -   88 [chromium] › e2e\live-brand.spec.ts:57:1 › a fresh owner + org, made through the product
  -   89 [chromium] › e2e\live-brand.spec.ts:66:1 › a custom tone: created under the adapter, edited, and it survives a reload
  -   90 [chromium] › e2e\live-brand.spec.ts:101:1 › voice rules: the flat live list persists through the API
  -   91 [chromium] › e2e\live-brand.spec.ts:120:1 › a refused save keeps the draft, the alert and Save on screen (item 73)
  -   92 [chromium] › e2e\live-brand.spec.ts:184:1 › sources and topics: scheme-less display, real persistence
  -   93 [chromium] › e2e\live-brand.spec.ts:215:1 › deleting a tone reflects in the schedules that referenced it
  -   94 [chromium] › e2e\live-country.spec.ts:55:1 › a fresh workspace has NO country, and I1 is where one is set
  -   95 [chromium] › e2e\live-country.spec.ts:104:1 › the calendar carries real holidays, each with the rules for that day
  -   96 [chromium] › e2e\live-country.spec.ts:153:1 › re-saving the same country is a quiet no-op, not a fake reload
  -   97 [chromium] › e2e\live-country.spec.ts:183:1 › C2 no longer offers an event source it cannot create
  -   98 [chromium] › e2e\live-create-visual.spec.ts:53:1 › a fresh owner + org with its brand set up
  -   99 [chromium] › e2e\live-create-visual.spec.ts:69:1 › one run, then Create visual on its result renders ONE image and attaches nothing
  -  100 [chromium] › e2e\live-create-visual.spec.ts:106:1 › Today offers the same button on the ledger row, and the Studio lists the job
  -  101 [chromium] › e2e\live-generate.spec.ts:50:1 › a fresh owner + org, made through the product
  -  102 [chromium] › e2e\live-generate.spec.ts:69:1 › one balanced run returns a draft with its tone and its rationale
  -  103 [chromium] › e2e\live-invite-org.spec.ts:92:1 › two accounts, each owning a workspace
  -  104 [chromium] › e2e\live-invite-org.spec.ts:114:1 › an invited existing user can REACH the inviting workspace, and a reload keeps it
  -  105 [chromium] › e2e\live-invite-org.spec.ts:173:1 › losing membership falls back honestly, and never to a dead screen
  -  106 [chromium] › e2e\live-knowledge.spec.ts:36:1 › a fresh owner + org, made through the product
  -  107 [chromium] › e2e\live-knowledge.spec.ts:46:1 › pasted text becomes a Ready source, and removing it removes it
  -  108 [chromium] › e2e\live-knowledge.spec.ts:76:1 › a FILE uploads straight to storage from the browser (open-item 24)
  -  109 [chromium] › e2e\live-media-capabilities.spec.ts:328:1 › a fresh owner + org, made through the product
  -  110 [chromium] › e2e\live-media-capabilities.spec.ts:338:1 › every granted capability: the document’s example stops at the wallet (402), its trap before it (400) — zero spend
  -  111 [chromium] › e2e\live-media-capabilities.spec.ts:413:1 › the Studio grid lists what the catalog grants, by name, with the catalog’s price
  -  112 [chromium] › e2e\live-media-upload.spec.ts:48:1 › a fresh owner + org, made through the product
  -  113 [chromium] › e2e\live-media-upload.spec.ts:58:1 › an image upload becomes a WIRE-listed Files row, and Delete removes it from the wire
  -  114 [chromium] › e2e\live-media-upload.spec.ts:97:1 › the logo uploads with desc "logo", shows as the logo, stays out of Files, and removes
  -  115 [chromium] › e2e\live-notifications.spec.ts:33:1 › the inbox endpoints hold their contract, and the bell tells the truth
  -  116 [chromium] › e2e\live-onboarding.spec.ts:56:1 › signup → verify → the app: no wizard, and the workspace is real
  -  117 [chromium] › e2e\live-onboarding.spec.ts:69:1 › a fresh live org has no tones, and the screen says what that costs
  -  118 [chromium] › e2e\live-onboarding.spec.ts:95:1 › generation is locked, and the checklist names all four
  -  119 [chromium] › e2e\live-onboarding.spec.ts:122:1 › the Studio composer is locked by the same gate
  -  120 [chromium] › e2e\live-onboarding.spec.ts:130:1 › completing the four brand entities unlocks generation
  -  121 [chromium] › e2e\live-onboarding.spec.ts:189:1 › the unlocked run really runs — one balanced draft
  -  122 [chromium] › e2e\live-proposals.spec.ts:48:1 › a fresh owner + org, with its brand set up
  -  123 [chromium] › e2e\live-proposals.spec.ts:88:1 › one balanced run — the drafts it produces become the proposals under test
  -  124 [chromium] › e2e\live-proposals.spec.ts:103:1 › after a RELOAD, Today shows the draft from the ledger
  -  125 [chromium] › e2e\live-proposals.spec.ts:123:1 › approving records it as posted, and the decision survives a reload
  -  126 [chromium] › e2e\live-proposals.spec.ts:173:1 › declining asks why, keeps the row, and is reversible
  -  127 [chromium] › e2e\live-schedule-repair.spec.ts:45:1 › a live org in the 619 shape: tones seeded, no schedule
  -  128 [chromium] › e2e\live-schedule-repair.spec.ts:85:1 › C1 creates the missing schedule through the POST fallback, with the exact tones picked
  -  129 [chromium] › e2e\live-schedule-repair.spec.ts:143:1 › and it survives a reload, still clean
  -  130 [chromium] › e2e\live-scheduling.spec.ts:57:1 › signup creates the workspace and NOTHING else
  -  131 [chromium] › e2e\live-scheduling.spec.ts:93:1 › C1 creates the schedule on first save, then PATCHes it — and it survives a reload
  -  132 [chromium] › e2e\live-scheduling.spec.ts:185:1 › slots, if ingestion produced any, honour skip/un-skip and never offer approve
  -  133 [chromium] › e2e\live-studio.spec.ts:37:1 › a fresh owner + org, made through the product
  -  134 [chromium] › e2e\live-studio.spec.ts:47:1 › E1 is built from the catalog: the granted capabilities, real prices, no vendors
  -  135 [chromium] › e2e\live-studio.spec.ts:88:1 › E3 lists renders, and is honest when there are none
  -  136 [chromium] › e2e\live-studio.spec.ts:99:1 › E2 renders for real, and E4 opens the asset it made
  -  137 [chromium] › e2e\live-team.spec.ts:80:1 › verifying creates the org LIVE; the dashboard follows immediately
  -  138 [chromium] › e2e\live-team.spec.ts:92:1 › I1 renames the org through PATCH, and the name survives a reload
  -  139 [chromium] › e2e\live-team.spec.ts:121:1 › change-password keeps this session and only the new password works after
  -  140 [chromium] › e2e\live-team.spec.ts:147:1 › inviting a NEW user: coded email, resend rate-limits honestly, cancel removes
  -  141 [chromium] › e2e\live-team.spec.ts:171:1 › inviting an EXISTING user adds them immediately, and the role ladder holds
  -  142 [chromium] › e2e\live-team.spec.ts:256:1 › an ADMIN viewing a team with an owner: no remove on the owner, no role selects at all
  -  143 [chromium] › e2e\live-video-duration.spec.ts:76:1 › a fresh owner + org, made through the product
  -  144 [chromium] › e2e\live-video-duration.spec.ts:86:1 › a bad durationS is refused with 400 BEFORE the wallet check — the field is known, a maximum is enforced
  -  145 [chromium] › e2e\live-video-duration.spec.ts:109:1 › the valid video body clears validation — and self-skips on 402, the positive proof riding on LIVE_MEDIA=1
  -  146 [chromium] › e2e\live-wallet.spec.ts:51:1 › a fresh owner + org, made through the product
  -  147 [chromium] › e2e\live-wallet.spec.ts:76:1 › the balance chip shows money — and over a zero wallet, the instruction to subscribe
  -  148 [chromium] › e2e\live-wallet.spec.ts:96:1 › H3 is a balance and a real usage read-back, in both allowed grains
  -  149 [chromium] › e2e\live-wallet.spec.ts:131:1 › the wallet and usage endpoints answer the shapes the UI is built on
  ok 150 [chromium] › e2e\marketing.spec.ts:74:1 › the homepage renders the concept-v2 hero and every section, in order (1.1s)
  ok 151 [chromium] › e2e\marketing.spec.ts:95:1 › the header wires every CTA at the route it names (1.1s)
  ok 152 [chromium] › e2e\marketing.spec.ts:113:1 › the footer carries the legal routes and the client login (1.1s)
  ok 153 [chromium] › e2e\marketing.spec.ts:126:1 › Get started lands on the REAL signup, not a second fake journey (1.5s)
  ok 154 [chromium] › e2e\marketing.spec.ts:135:1 › the header survives navigation between marketing routes (1.6s)
  ok 155 [chromium] › e2e\marketing.spec.ts:151:1 › the section links scroll to their sections, from this page and from another (2.6s)
  ok 156 [chromium] › e2e\marketing.spec.ts:169:1 › the mobile menu opens, navigates, and closes behind it (1.5s)
  ok 157 [chromium] › e2e\marketing.spec.ts:195:1 › pricing renders all three tiers, and only the self-serve ones sell (735ms)
  ok 158 [chromium] › e2e\marketing.spec.ts:227:1 › the demo request validates, then resolves locally and says so (3.8s)
  ok 159 [chromium] › e2e\marketing.spec.ts:273:1 › both legal routes render the website documents (815ms)
  ok 160 [chromium] › e2e\marketing.spec.ts:286:1 › the retired early-access door lands on the demo request (715ms)
  ok 161 [chromium] › e2e\marketing.spec.ts:296:1 › the brand demo runs a company and stays honest about what it is (7.1s)
  ok 162 [chromium] › e2e\marketing.spec.ts:319:1 › the control loop is real: Approve schedules the piece and records the preference (1.2s)
  ok 163 [chromium] › e2e\marketing.spec.ts:353:1 › the Arabic section is native RTL, not a mirrored English layout (1.3s)
  ok 164 [chromium] › e2e\marketing.spec.ts:362:1 › @reduced-motion the orbit is a composed still and no video mounts (1.1s)
  ok 165 [chromium] › e2e\marketing.spec.ts:376:1 › the visitor world does not leak into the signed-in app (1.5s)
  ok 166 [chromium] › e2e\marketing.spec.ts:388:1 › the marketing world self-hosts its type — no font request leaves (1.1s)
  ok 167 [chromium] › e2e\marketing.spec.ts:435:1 › page titles follow the route (2.0s)
  ok 168 [chromium] › e2e\marketing.spec.ts:450:1 › every marketing route scans clean @axe (6.2s)
  ok 169 [chromium] › e2e\med-media.spec.ts:34:1 › an image upload lands under Files, whole, and its Delete removes it (5.1s)
  ok 170 [chromium] › e2e\med-media.spec.ts:68:1 › "logo" is a reserved description — refused in any case, with the pointer to Organization (4.1s)
  ok 171 [chromium] › e2e\med-media.spec.ts:89:1 › the demo logo previews, replaces and removes — locally (2.6s)
  -  172 [chromium] › e2e\onb-shots.spec.ts:18:1 › @shots the checklist, the blocked generate, and the empty tones
  ok 173 [chromium] › e2e\settings-a11y.spec.ts:40:1 › changing settings section keeps focus on the tab, never on the body (2.7s)
  ok 174 [chromium] › e2e\settings-a11y.spec.ts:62:1 › dismissing the unsaved-changes guard returns focus to the field you were in (2.9s)
  ok 175 [chromium] › e2e\settings-a11y.spec.ts:86:1 › the save bar never covers the focused field (2.5s)
  ok 176 [chromium] › e2e\settings-a11y.spec.ts:113:1 › the upload inputs are not tab stops, so focus never vanishes (3.6s)
  ok 177 [chromium] › e2e\settings-a11y.spec.ts:143:1 › the settings sections are one tab stop, with arrow keys between them (2.6s)
  ok 178 [chromium] › e2e\settings-a11y.spec.ts:182:1 › an inactive tab renders its focus ring unclipped (2.5s)
  ok 179 [chromium] › e2e\settings-a11y.spec.ts:203:1 › adding a brand-voice rule puts the cursor in the new row (3.0s)
  ok 180 [chromium] › e2e\shell-identity.spec.ts:96:1 › the rail, its indicator and the main are the same nodes from the Dashboard through Today, Billing, Calendar and Settings (3.2s)
  ok 181 [chromium] › e2e\shell-identity.spec.ts:105:3 › under reduced motion › the same walk keeps the same nodes (2.6s)
  ok 182 [chromium] › e2e\smoke.spec.ts:28:1 › boots on the seeded dashboard, in the one theme it has (703ms)
  ok 183 [chromium] › e2e\smoke.spec.ts:56:1 › the retired wizard route redirects into the app (751ms)
  ok 184 [chromium] › e2e\smoke.spec.ts:75:1 › one workspace renders as identity, never as a menu that offers nothing (786ms)
  ok 185 [chromium] › e2e\smoke.spec.ts:84:1 › dataset switcher swaps the world in-session (1.6s)
  ok 186 [chromium] › e2e\smoke.spec.ts:104:1 › state switcher forces loading and error presentations (2.5s)
  ok 187 [chromium] › e2e\smoke.spec.ts:130:1 › dashboard and dev pages scan clean @axe (2.1s)
  ok 188 [chromium] › e2e\studio-billing.spec.ts:29:1 › the studio opens on the capability grid, and a demo asset still reaches the W5 composer (3.0s)
  ok 189 [chromium] › e2e\studio-billing.spec.ts:46:1 › @golden the W5 composer renders each model’s own parameters and spends credits (5.6s)
  ok 190 [chromium] › e2e\studio-billing.spec.ts:76:1 › a standalone asset attaches only to a draft that has earned media (2.9s)
  ok 191 [chromium] › e2e\studio-billing.spec.ts:105:1 › the credits ledger explains the balance it shows (2.6s)
  ok 192 [chromium] › e2e\studio-billing.spec.ts:112:1 › past due gates the product, not just the billing screen (2.9s)
  ok 193 [chromium] › e2e\studio-billing.spec.ts:142:1 › changing plan states its consequence and grants through the ledger (3.0s)
  ok 194 [chromium] › e2e\studio-billing.spec.ts:157:1 › @axe studio and billing scan clean (2.6s)
  ok 195 [chromium] › e2e\studio-capabilities.spec.ts:59:1 › the grid shows the 13 capabilities, each an image with the name on it (2.6s)
  ok 196 [chromium] › e2e\studio-capabilities.spec.ts:78:1 › a composer carries only its own fields, and the demo render lands on an asset (4.6s)
  ok 197 [chromium] › e2e\studio-capabilities.spec.ts:111:1 › every composer refuses the document’s own trap before any round-trip (6.3s)
  ok 198 [chromium] › e2e\studio-capabilities.spec.ts:212:1 › Settings shows the organization id at the top, with a copy control (HSN-0910/C) (1.7s)
  ok 199 [chromium] › e2e\studio-capabilities.spec.ts:223:1 › @axe the grid and one composer scan clean (3.6s)
  -  200 [chromium] › e2e\theme-shots.spec.ts:75:1 › @shots Today in four states, desktop and mobile
  ok 201 [chromium] › e2e\today-queue.spec.ts:32:1 › the queue groups drafts by slot and offers only legal actions (2.5s)
  ok 202 [chromium] › e2e\today-queue.spec.ts:44:1 › @golden approving moves the card and updates the dashboard in the same session (3.4s)
  ok 203 [chromium] › e2e\today-queue.spec.ts:71:1 › generating media spends credits, and the balance follows (6.2s)
  ok 204 [chromium] › e2e\today-queue.spec.ts:96:1 › a short balance refuses the run and keeps the prompt (3.7s)
  ok 205 [chromium] › e2e\today-queue.spec.ts:111:1 › scheduling reports per channel, and a re-auth channel cannot be picked (3.8s)
  ok 206 [chromium] › e2e\today-queue.spec.ts:134:1 › draft detail shows the timeline and mirrors the queue actions (2.9s)
  ok 207 [chromium] › e2e\today-queue.spec.ts:147:1 › rejecting asks why, and the draft leaves the queue (2.8s)
  ok 208 [chromium] › e2e\today-queue.spec.ts:160:1 › @axe the queue and draft detail scan clean (3.0s)
  ok 209 [chromium] › e2e\today-queue.spec.ts:169:1 › @axe the Approve toast is readable from its first frame — it rises, it does not fade (item 76) (2.7s)

  90 skipped
  119 passed (6.1m)
