
warm-up: waking the API before the suite starts (https://<api-host>/api/health)
warm-up: service awake after 2 probe(s) in 0.8s — last 2: 455ms, 101ms
warm-up: 12-way fleet warm after 1 burst(s), 1.1s total — slowest 323ms

warm-up: heartbeat started — 4 probes every 5s for the life of the run


Running 4 tests using 1 worker

    a f · GET /me/orgs → 401 · request 6af06d78-1b23-4c12-9c2a-2a22fa5cf86c
  ok 1 [chromium] › e2e\live-auth-401.spec.ts:104:1 › a fresh owner + org, made through the product (6.7s)
    1 · · GET /me → 401 · request 5945836f-704a-481c-9f2e-16db669fa6e0
    1 · · GET /me/orgs → 401 · request 060e8749-3f83-4955-9237-f32af53cae66
    1 · · GET /me → 401 · request 0b3e5972-0cfb-4743-86eb-d79b552410c7
    1 · · GET /me/orgs → 401 · request 756dd960-8d7b-4d9c-8142-ef6f0104791b
  ok 2 [chromium] › e2e\live-auth-401.spec.ts:114:1 › 1 · a token expired at boot on `/` lands on login with the toast (8.0s)
    2 · · GET /orgs/2272/alphastudio/media/assets → 401 · request cbd50b86-90a0-4305-9267-443c01a2b5fe
    2 · · GET /orgs/2272/event-sources/countries → 401 · request ee030b33-a859-43ad-ab6b-cb6fb7aff8df
    2 · · GET /orgs/2272/alphastudio/media/assets → 401 · request fe0a7559-3bf8-4b60-a87f-e01c702e5460
    2 · · GET /orgs/2272/event-sources/countries → 401 · request 92264464-7ed5-43f8-a8bd-209667279e40
  x  3 [chromium] › e2e\live-auth-401.spec.ts:122:1 › 2 · a token revoked mid-session on an authed route lands on login, not on the website (2.5m)
  -  4 [chromium] › e2e\live-auth-401.spec.ts:145:1 › 3 · a boot on an authed route with a dead token lands on login, not on the website

warm-up: heartbeat stopped after 33 beat(s)


  1) [chromium] › e2e\live-auth-401.spec.ts:122:1 › 2 · a token revoked mid-session on an authed route lands on login, not on the website 

    Test timeout of 150000ms exceeded.

    Error: locator.click: Test timeout of 150000ms exceeded.
    Call log:
      - waiting for getByRole('link', { name: 'Billing' }).first()


      139 |   // credits and subscription on mount. (The Team tab, already loaded, reads
      140 |   // nothing again — run 1 of this file.)
    > 141 |   await page.getByRole('link', { name: 'Billing' }).first().click()
          |                                                             ^
      142 |   await expectReLogin(page)
      143 | })
      144 |
        at C:\alphabeacon-web\alphabeacon-web\e2e\live-auth-401.spec.ts:141:61

    Error Context: Docs\qa\fix-0915\item-75\artifacts\live-auth-401-2-·-a-token--3041a-on-login-not-on-the-website-chromium\error-context.md

  1 failed
    [chromium] › e2e\live-auth-401.spec.ts:122:1 › 2 · a token revoked mid-session on an authed route lands on login, not on the website 
  1 did not run
  2 passed (2.8m)
