
warm-up: waking the API before the suite starts (https://<api-host>/api/health)
warm-up: service awake after 2 probe(s) in 0.7s — last 2: 316ms, 94ms
warm-up: 12-way fleet warm after 1 burst(s), 1.1s total — slowest 403ms

warm-up: heartbeat started — 4 probes every 5s for the life of the run


Running 4 tests using 1 worker

    a f · GET /me/orgs → 401 · request a26fe506-a79d-45e2-9b96-a199a4afcee0
  ok 1 [chromium] › e2e\live-auth-401.spec.ts:99:1 › a fresh owner + org, made through the product (6.2s)
    1 · · GET /me/orgs → 401 · request 034d01e4-8e34-4776-a2cc-ec4dd630ff2b
    1 · · GET /me → 401 · request b298efa0-5c2e-497a-aaa2-03a83d83aa0d
    1 · · GET /me/orgs → 401 · request f6393676-8a4a-4915-bfea-76bc228d55a4
    1 · · GET /me → 401 · request c9a837f6-b8f5-4466-ac94-28e5fbed53ee
  ok 2 [chromium] › e2e\live-auth-401.spec.ts:109:1 › 1 · a token expired at boot on `/` lands on login with the toast (3.5s)
    2 · · GET /orgs/2271 → 401 · request 5f30357c-64bf-4d57-b2aa-c5c53f78bf1d
    2 · · GET /orgs/2271/alphastudio/wallet → 401 · request 62241a7a-b827-45df-a271-d9d91e5eb5b5
  x  3 [chromium] › e2e\live-auth-401.spec.ts:117:1 › 2 · a token revoked mid-session on an authed route lands on login, not on the website (48.4s)
  -  4 [chromium] › e2e\live-auth-401.spec.ts:146:1 › 3 · a boot on an authed route with a dead token lands on login, not on the website

warm-up: heartbeat stopped after 11 beat(s)


  1) [chromium] › e2e\live-auth-401.spec.ts:117:1 › 2 · a token revoked mid-session on an authed route lands on login, not on the website 

    Error: expect(locator).toBeVisible() failed

    Locator: getByText('Your session ended. Sign in again to continue.')
    Expected: visible
    Timeout: 40000ms
    Error: element(s) not found

    Call log:
      - Expect "toBeVisible" with timeout 40000ms
      - waiting for getByText('Your session ended. Sign in again to continue.')


      85 | async function expectReLogin(page: Page) {
      86 |   await expect(page).toHaveURL(/\/login$/, { timeout: SCREEN_SYNC })
    > 87 |   await expect(page.getByText(SESSION_ENDED)).toBeVisible({ timeout: SCREEN_SYNC })
         |                                               ^
      88 |   await expect(page.getByRole('button', { name: 'Sign in' })).toBeVisible()
      89 |   expect(
      90 |     await page.evaluate(() =>
        at expectReLogin (C:\alphabeacon-web\alphabeacon-web\e2e\live-auth-401.spec.ts:87:47)
        at C:\alphabeacon-web\alphabeacon-web\e2e\live-auth-401.spec.ts:143:3

    Error Context: Docs\qa\fix-0915\item-75\artifacts\live-auth-401-2-·-a-token--3041a-on-login-not-on-the-website-chromium\error-context.md

  1 failed
    [chromium] › e2e\live-auth-401.spec.ts:117:1 › 2 · a token revoked mid-session on an authed route lands on login, not on the website 
  1 did not run
  2 passed (1.1m)
