
warm-up: waking the API before the suite starts (https://<api-host>/api/health)
warm-up: service awake after 2 probe(s) in 0.8s — last 2: 434ms, 105ms
warm-up: 12-way fleet warm after 1 burst(s), 1.2s total — slowest 378ms

warm-up: heartbeat started — 4 probes every 5s for the life of the run


Running 4 tests using 1 worker

    a f · GET /me/orgs → 401 · request f1f1106c-b134-4c8e-a044-03b137bcda60
  ok 1 [chromium] › e2e\live-auth-401.spec.ts:99:1 › a fresh owner + org, made through the product (6.7s)
    1 · · GET /me → 401 · request 524a369a-ad09-4d90-ae32-fe392c79a0a5
    1 · · GET /me/orgs → 401 · request 8a625751-7e24-4696-9ff9-f1d15dfd9d74
    1 · · GET /me → 401 · request 25dd06fc-702a-4c91-8705-15b062af0889
    1 · · GET /me/orgs → 401 · request 96044da0-421d-4ca7-81d5-e746545ad12b
  ok 2 [chromium] › e2e\live-auth-401.spec.ts:109:1 › 1 · a token expired at boot on `/` lands on login with the toast (3.5s)
    2 · · GET /orgs/2270 → 401 · request f5f5ba2c-39f8-4818-a47f-5d3b602ae72d
    2 · · GET /orgs/2270/alphastudio/wallet → 401 · request 2047612d-bf94-4ae3-b059-d33111070ba4
    2 · · GET /orgs/2270/schedules?limit=20 → 401 · request e5f694ea-1f46-45db-8699-9f7bfc3965e2
  x  3 [chromium] › e2e\live-auth-401.spec.ts:117:1 › 2 · a token revoked mid-session on an authed route lands on login, not on the website (2.5m)
  -  4 [chromium] › e2e\live-auth-401.spec.ts:139:1 › 3 · a boot on an authed route with a dead token lands on login, not on the website

warm-up: heartbeat stopped after 32 beat(s)


  1) [chromium] › e2e\live-auth-401.spec.ts:117:1 › 2 · a token revoked mid-session on an authed route lands on login, not on the website 

    Test timeout of 150000ms exceeded.

    Error: locator.click: Test timeout of 150000ms exceeded.
    Call log:
      - waiting for getByRole('link', { name: 'Billing' }).first()


      133 |   // credits and subscription on mount (the Team tab, already loaded, reads
      134 |   // nothing again — run 1 of this file proved that the hard way).
    > 135 |   await page.getByRole('link', { name: 'Billing' }).first().click()
          |                                                             ^
      136 |   await expectReLogin(page)
      137 | })
      138 |
        at C:\alphabeacon-web\alphabeacon-web\e2e\live-auth-401.spec.ts:135:61

    Error Context: Docs\qa\fix-0915\item-75\artifacts\live-auth-401-2-·-a-token--3041a-on-login-not-on-the-website-chromium\error-context.md

  1 failed
    [chromium] › e2e\live-auth-401.spec.ts:117:1 › 2 · a token revoked mid-session on an authed route lands on login, not on the website 
  1 did not run
  2 passed (2.8m)
