
[1m[46m RUN [49m[22m [36mv3.2.7 [39m[90mC:/alphabeacon-web/alphabeacon-web[39m

 [32m✓[39m src/data/datasets/resolve-initial.test.ts [2m([22m[2m6 tests[22m[2m)[22m[32m 267[2mms[22m[39m
 [32m✓[39m src/data/review-queue.test.ts [2m([22m[2m11 tests[22m[2m)[22m[33m 453[2mms[22m[39m
   [33m[2m✓[22m[39m the state machine drives the queue[2m > [22mapplies every legal transition and refuses every illegal one [33m 348[2mms[22m[39m
 [32m✓[39m src/components/ab/first-light.test.tsx [2m([22m[2m11 tests[22m[2m)[22m[33m 1127[2mms[22m[39m
   [33m[2m✓[22m[39m first light, the moment[2m > [22mgreets the person by their own first name [33m 488[2mms[22m[39m
   [33m[2m✓[22m[39m first light, the moment[2m > [22mfalls back rather than greeting an empty string [33m 435[2mms[22m[39m
 [32m✓[39m src/components/ab/claim-chip.test.tsx [2m([22m[2m7 tests[22m[2m)[22m[33m 417[2mms[22m[39m
 [32m✓[39m src/components/ab/use-number-transition.test.ts [2m([22m[2m5 tests[22m[2m)[22m[33m 2335[2mms[22m[39m
   [33m[2m✓[22m[39m useNumberTransition[2m > [22mtravels to a new value without ever leaving the interval [33m 868[2mms[22m[39m
   [33m[2m✓[22m[39m useNumberTransition[2m > [22marrives at the target when the numbers are far apart [33m 715[2mms[22m[39m
   [33m[2m✓[22m[39m useNumberTransition[2m > [22mcounts DOWN as readily as up [33m 708[2mms[22m[39m
 [32m✓[39m src/components/ab/confirm-dialog.test.tsx [2m([22m[2m3 tests[22m[2m)[22m[33m 610[2mms[22m[39m
   [33m[2m✓[22m[39m ConfirmDialog[2m > [22mopens from its trigger and names the consequence [33m 323[2mms[22m[39m
 [32m✓[39m src/components/ab/form.test.tsx [2m([22m[2m5 tests[22m[2m)[22m[33m 1034[2mms[22m[39m
   [33m[2m✓[22m[39m Form[2m > [22msurfaces the named message from a schema violation, attached to the control [33m 328[2mms[22m[39m
   [33m[2m✓[22m[39m Form[2m > [22mdrops the message and the invalid state once the field is fixed [33m 307[2mms[22m[39m
 [32m✓[39m src/features/billing/billing-screen.test.tsx [2m([22m[2m12 tests[22m[2m)[22m[33m 634[2mms[22m[39m
 [32m✓[39m src/components/ab/app-shell.test.tsx [2m([22m[2m4 tests[22m[2m)[22m[33m 1679[2mms[22m[39m
   [33m[2m✓[22m[39m AppShell declares into the frame above it[2m > [22mthe top bar reads the screen: title, context, actions; the content lands in main [33m 437[2mms[22m[39m
   [33m[2m✓[22m[39m one frame across a navigation[2m > [22mthe content entrance plays once per arrival: on mount, off after its 600 ms, on again after the hop [33m 948[2mms[22m[39m
 [32m✓[39m src/components/ab/save-bar.test.tsx [2m([22m[2m4 tests[22m[2m)[22m[33m 2475[2mms[22m[39m
   [33m[2m✓[22m[39m SaveBar — "Saved" at the bar (§5.3)[2m > [22ma save that lands says "Saved" at the bar, then lets the bar go [33m 1963[2mms[22m[39m
 [32m✓[39m src/components/ab/stat-card.test.tsx [2m([22m[2m4 tests[22m[2m)[22m[32m 257[2mms[22m[39m
 [32m✓[39m src/components/ab/first-light-gate.test.tsx [2m([22m[2m3 tests[22m[2m)[22m[32m 277[2mms[22m[39m
 [32m✓[39m src/components/ab/error-state.test.tsx [2m([22m[2m5 tests[22m[2m)[22m[32m 279[2mms[22m[39m
 [32m✓[39m src/features/settings/brand-voice-screen.test.tsx [2m([22m[2m8 tests[22m[2m)[22m[33m 3450[2mms[22m[39m
   [33m[2m✓[22m[39m the combined counter and the cap (item 65)[2m > [22mleaves both Add controls live below the cap [33m 409[2mms[22m[39m
   [33m[2m✓[22m[39m a workspace already above the cap (item 65)[2m > [22mlists every rule and keeps each one removable [33m 1189[2mms[22m[39m
   [33m[2m✓[22m[39m a refused save is never reported as a success (item 65)[2m > [22mrenders the wire’s FIELD message and request id, and fires no success toast [33m 500[2mms[22m[39m
   [33m[2m✓[22m[39m a refused save is never reported as a success (item 65)[2m > [22mfalls back to the envelope message when the wire names no field [33m 443[2mms[22m[39m
   [33m[2m✓[22m[39m a refused save is never reported as a success (item 65)[2m > [22mfires the green toast only after a save that actually succeeded [33m 427[2mms[22m[39m
 [32m✓[39m src/data/settings-system.test.ts [2m([22m[2m23 tests[22m[2m)[22m[32m 248[2mms[22m[39m
 [32m✓[39m src/data/studio.test.ts [2m([22m[2m39 tests[22m[2m)[22m[32m 231[2mms[22m[39m
 [32m✓[39m src/data/studio-billing.test.ts [2m([22m[2m12 tests[22m[2m)[22m[32m 169[2mms[22m[39m
 [32m✓[39m src/api/client.test.ts [2m([22m[2m20 tests[22m[2m)[22m[32m 197[2mms[22m[39m
 [32m✓[39m src/data/timeout-surfaces.test.tsx [2m([22m[2m7 tests[22m[2m)[22m[32m 157[2mms[22m[39m
 [32m✓[39m src/lib/placeholder-law.test.ts [2m([22m[2m11 tests[22m[2m)[22m[32m 167[2mms[22m[39m
 [32m✓[39m src/features/marketing/concept/site.test.ts [2m([22m[2m13 tests[22m[2m)[22m[32m 138[2mms[22m[39m
 [32m✓[39m src/features/billing/use-subscription-poll.test.ts [2m([22m[2m10 tests[22m[2m)[22m[32m 226[2mms[22m[39m
 [32m✓[39m src/components/ab/status-badge.test.tsx [2m([22m[2m15 tests[22m[2m)[22m[32m 221[2mms[22m[39m
[90mstdout[2m | src/data/session-breach.test.tsx[2m > [22m[2ma 401 on the boot sync[2m > [22m[2mbooting on `/`: purges the session, toasts, and the handler itself pushes login
[22m[39m[api] GET /me → 401 (request-id unexposed)
[api] GET /me/orgs → 401 (request-id unexposed)

 [32m✓[39m src/data/brand.test.ts [2m([22m[2m4 tests[22m[2m)[22m[32m 148[2mms[22m[39m
[90mstdout[2m | src/data/session-breach.test.tsx[2m > [22m[2ma 401 on the boot sync[2m > [22m[2mbooting on an authed route: the guard sends the cleared session to login, where the handler is pushing too
[22m[39m[api] GET /me → 401 (request-id unexposed)
[api] GET /me/orgs → 401 (request-id unexposed)

 [32m✓[39m src/data/calendar-connections.test.ts [2m([22m[2m21 tests[22m[2m)[22m[32m 114[2mms[22m[39m
 [32m✓[39m src/data/session-breach.test.tsx [2m([22m[2m2 tests[22m[2m)[22m[32m 198[2mms[22m[39m
 [32m✓[39m src/data/generate.test.ts [2m([22m[2m9 tests[22m[2m)[22m[32m 99[2mms[22m[39m
 [32m✓[39m src/data/provider.test.ts [2m([22m[2m5 tests[22m[2m)[22m[32m 97[2mms[22m[39m
 [32m✓[39m src/routes.test.tsx [2m([22m[2m3 tests[22m[2m)[22m[32m 151[2mms[22m[39m
 [32m✓[39m src/data/entities/plans.test.ts [2m([22m[2m3 tests[22m[2m)[22m[32m 92[2mms[22m[39m
 [32m✓[39m src/data/adapters/auth-adapter.test.ts [2m([22m[2m6 tests[22m[2m)[22m[32m 74[2mms[22m[39m
 [32m✓[39m src/lib/timezone.test.ts [2m([22m[2m14 tests[22m[2m)[22m[32m 86[2mms[22m[39m
 [32m✓[39m src/features/analytics/range.test.ts [2m([22m[2m12 tests[22m[2m)[22m[32m 68[2mms[22m[39m
 [32m✓[39m src/data/brand-voice.test.ts [2m([22m[2m10 tests[22m[2m)[22m[32m 69[2mms[22m[39m
 [32m✓[39m src/data/brand-wire.test.ts [2m([22m[2m2 tests[22m[2m)[22m[32m 42[2mms[22m[39m
 [32m✓[39m src/data/auth-flow.test.ts [2m([22m[2m11 tests[22m[2m)[22m[32m 65[2mms[22m[39m
 [32m✓[39m src/data/media-capabilities.test.ts [2m([22m[2m29 tests[22m[2m)[22m[32m 37[2mms[22m[39m
 [32m✓[39m src/lib/tone-sample.test.ts [2m([22m[2m7 tests[22m[2m)[22m[32m 40[2mms[22m[39m
 [32m✓[39m src/components/ab/tone-badge.test.tsx [2m([22m[2m1 test[22m[2m)[22m[32m 65[2mms[22m[39m
 [32m✓[39m src/data/datasets/datasets.test.ts [2m([22m[2m42 tests[22m[2m)[22m[32m 32[2mms[22m[39m
 [32m✓[39m src/styles/tokens.test.ts [2m([22m[2m73 tests[22m[2m)[22m[32m 33[2mms[22m[39m
 [32m✓[39m src/data/billing.test.ts [2m([22m[2m20 tests[22m[2m)[22m[32m 27[2mms[22m[39m
 [32m✓[39m src/api/upload.test.ts [2m([22m[2m4 tests[22m[2m)[22m[32m 18[2mms[22m[39m
 [32m✓[39m scripts/guard-static.test.ts [2m([22m[2m17 tests[22m[2m)[22m[32m 19[2mms[22m[39m
 [32m✓[39m src/styles/motion-scale.test.ts [2m([22m[2m20 tests[22m[2m)[22m[32m 17[2mms[22m[39m
 [32m✓[39m src/lib/params-schema.test.ts [2m([22m[2m13 tests[22m[2m)[22m[32m 16[2mms[22m[39m
 [32m✓[39m src/styles/one-theme.test.ts [2m([22m[2m23 tests[22m[2m)[22m[32m 16[2mms[22m[39m
 [32m✓[39m src/styles/marketing-tokens.test.ts [2m([22m[2m26 tests[22m[2m)[22m[32m 15[2mms[22m[39m
 [32m✓[39m src/data/first-run-seed.test.ts [2m([22m[2m9 tests[22m[2m)[22m[32m 14[2mms[22m[39m
 [32m✓[39m src/data/adapters/tone-fields.test.ts [2m([22m[2m11 tests[22m[2m)[22m[32m 15[2mms[22m[39m
 [32m✓[39m scripts/verify-lib.test.ts [2m([22m[2m9 tests[22m[2m)[22m[32m 13[2mms[22m[39m
 [32m✓[39m src/features/billing/ledger.test.ts [2m([22m[2m23 tests[22m[2m)[22m[32m 14[2mms[22m[39m
 [32m✓[39m src/lib/compose-player.test.ts [2m([22m[2m9 tests[22m[2m)[22m[32m 15[2mms[22m[39m
 [32m✓[39m src/api/session.test.ts [2m([22m[2m10 tests[22m[2m)[22m[32m 15[2mms[22m[39m
 [32m✓[39m src/features/billing/billing-view.test.ts [2m([22m[2m19 tests[22m[2m)[22m[32m 12[2mms[22m[39m
 [32m✓[39m src/data/adapters/brand-adapter.test.ts [2m([22m[2m12 tests[22m[2m)[22m[32m 12[2mms[22m[39m
 [32m✓[39m scripts/gate/classify.test.ts [2m([22m[2m20 tests[22m[2m)[22m[32m 13[2mms[22m[39m
 [32m✓[39m src/data/entities/generation-models.test.ts [2m([22m[2m9 tests[22m[2m)[22m[32m 10[2mms[22m[39m
 [32m✓[39m src/lib/draft-status.test.ts [2m([22m[2m7 tests[22m[2m)[22m[32m 11[2mms[22m[39m
 [32m✓[39m src/lib/money.test.ts [2m([22m[2m10 tests[22m[2m)[22m[32m 10[2mms[22m[39m
 [32m✓[39m src/lib/format.test.ts [2m([22m[2m5 tests[22m[2m)[22m[32m 10[2mms[22m[39m
 [32m✓[39m src/features/generate/run-plan.test.ts [2m([22m[2m9 tests[22m[2m)[22m[32m 11[2mms[22m[39m
 [32m✓[39m src/data/readiness.test.ts [2m([22m[2m8 tests[22m[2m)[22m[32m 11[2mms[22m[39m
 [32m✓[39m src/data/adapters/holidays.test.ts [2m([22m[2m5 tests[22m[2m)[22m[32m 10[2mms[22m[39m
 [32m✓[39m e2e/global-setup.test.ts [2m([22m[2m4 tests[22m[2m)[22m[32m 10[2mms[22m[39m
 [32m✓[39m src/features/auth/password-rules.test.ts [2m([22m[2m3 tests[22m[2m)[22m[32m 8[2mms[22m[39m
 [32m✓[39m src/features/calendar/reconcile-draft.test.ts [2m([22m[2m7 tests[22m[2m)[22m[32m 8[2mms[22m[39m
 [32m✓[39m src/lib/generate-stage.test.ts [2m([22m[2m6 tests[22m[2m)[22m[32m 8[2mms[22m[39m
 [32m✓[39m src/data/adapters/org-selection.test.ts [2m([22m[2m7 tests[22m[2m)[22m[32m 6[2mms[22m[39m
 [32m✓[39m src/lib/source-url.test.ts [2m([22m[2m4 tests[22m[2m)[22m[32m 7[2mms[22m[39m
 [32m✓[39m scripts/gate/lanes.test.ts [2m([22m[2m3 tests[22m[2m)[22m[32m 7[2mms[22m[39m
 [32m✓[39m src/features/settings/tone-fields.test.ts [2m([22m[2m2 tests[22m[2m)[22m[32m 4[2mms[22m[39m
 [32m✓[39m src/data/proposals.test.ts [2m([22m[2m4 tests[22m[2m)[22m[32m 5[2mms[22m[39m
 [32m✓[39m src/data/adapters/notification-adapter.test.ts [2m([22m[2m3 tests[22m[2m)[22m[32m 3[2mms[22m[39m
 [32m✓[39m src/features/studio/use-create-visual.test.ts [2m([22m[2m7 tests[22m[2m)[22m[32m 4[2mms[22m[39m

[2m Test Files [22m [1m[32m75 passed[39m[22m[90m (75)[39m
[2m      Tests [22m [1m[32m840 passed[39m[22m[90m (840)[39m
[2m   Start at [22m 00:10:57
[2m   Duration [22m 26.94s[2m (transform 5.48s, setup 59.46s, collect 40.62s, tests 18.95s, environment 116.47s, prepare 21.03s)[22m

